id: 880
Name: M. Pierce
Year of Birth: 1997
Place of Birth: Chad
Member Since: December 14 2010
Genres: Romance
Books:
id: 58
Title: A Dog's Purpose
Genre: Fiction
Author: W. Bruce Cameron
***
id: 314
Title: An Inconvenient Truth: The Planetary Emergency of Global Warming and What We Can Do About It
Genre: Nonfiction
Author: Al Gore
***
id: 141
Title: Cassandra at the Wedding
Genre: Fiction
Author: Dorothy Baker
***
id: 28
Title: Charged
Genre: Romance
Author: Jay Crownover
***
id: 131
Title: Last of the Summer Tomatoes
Genre: Romance
Author: Sherrie Henry
***
id: 404
Title: Monster Hunter Legion
Genre: Fantasy
Author: Larry Correia
***
id: 140
Title: Naomi and Ely's No Kiss List
Genre: Young Adult
Author: Rachel Cohn
***
id: 75
Title: On the Island
Genre: Romance
Author: Tracey Garvis Graves
***
id: 70
Title: Priest
Genre: Romance
Author: Ella Frank
***
id: 44
Title: The V Girl
Genre: Romance
Author: Mya Robarts
***
id: 258
Title: Tiger's Voyage
Genre: Fantasy
Author: Colleen Houck
***
id: 60
Title: Annie on My Mind
Genre: Lgbt
Author: Nancy Garden
***
id: 388
Title: If I Have a Wicked Stepmother Where's My Prince?
Genre: Young Adult
Author: Melissa Kantor
***
id: 325
Title: Ilustrado
Genre: Fiction
Author: Miguel Syjuco
***
id: 175
Title: Now I Can Die in Peace: How ESPN's Sports Guy Found Salvation with a Little Help from Nomar Pedro Shawshank and the 2004
Genre: Sports and Games
Author: Bill Simmons
***
id: 63
Title: When We Wake
Genre: Young Adult
Author: Karen Healey
***
id: 392
Title: From the Mixed-Up Files of Mrs. Basil E. Frankweiler
Genre: Fiction
Author: E.L. Konigsburg
Reviews:
id: 356 Rating: 3 Likes: 0 Date: August 24 2018
id: 396 Rating: 2 Likes: 558 Date: January 16 2011
id: 677 Rating: 5 Likes: 3 Date: August 13 2018
id: 914 Rating: 5 Likes: 0 Date: June 3 2019
id: 1654 Rating: 0 Likes: 0 Date: February 6 2019
id: 1665 Rating: 5 Likes: 0 Date: November 21 2017
id: 1866 Rating: 0 Likes: 0 Date: December 27 2018
id: 2173 Rating: 2 Likes: 0 Date: February 17 2012
id: 2285 Rating: 5 Likes: 0 Date: March 28 2013
id: 2901 Rating: 5 Likes: 0 Date: July 20 2017
id: 4481 Rating: 5 Likes: 2 Date: May 21 2016
id: 5827 Rating: 4 Likes: 0 Date: November 25 2019
id: 5975 Rating: 1 Likes: 0 Date: March 28 2018
id: 6899 Rating: 5 Likes: 1 Date: February 27 2018
id: 8914 Rating: 1 Likes: 0 Date: July 12 2013
id: 9248 Rating: 5 Likes: 0 Date: October 4 2018
id: 9999 Rating: 5 Likes: 0 Date: March 18 2015
id: 10317 Rating: 4 Likes: 0 Date: April 18 2014
id: 10521 Rating: 4 Likes: 0 Date: September 13 2019
id: 10822 Rating: 5 Likes: 0 Date: May 11 2016
id: 11689 Rating: 5 Likes: 1 Date: January 27 2017
id: 12274 Rating: 5 Likes: 0 Date: August 25 2015
id: 12379 Rating: 5 Likes: 0 Date: June 23 2015
id: 12431 Rating: 0 Likes: 1 Date: July 25 2019
id: 12626 Rating: 3 Likes: 0 Date: September 18 2019
id: 13444 Rating: 0 Likes: 0 Date: June 26 2013
id: 13813 Rating: 3 Likes: 0 Date: May 27 2018
id: 14083 Rating: 3 Likes: 0 Date: October 26 2014
id: 14142 Rating: 4 Likes: 0 Date: December 27 2014
id: 14199 Rating: 3 Likes: 4 Date: October 12 2015
id: 14427 Rating: 1 Likes: 2 Date: June 15 2018
id: 16431 Rating: 5 Likes: 0 Date: October 28 2014
id: 16509 Rating: 5 Likes: 0 Date: March 17 2016
id: 16740 Rating: 3 Likes: 0 Date: April 26 2016
id: 16829 Rating: 0 Likes: 0 Date: October 15 2017
id: 17340 Rating: 3 Likes: 0 Date: November 13 2017
id: 211
Title: The Fall of Five
Genre: Young Adult
Author: Pittacus Lore
Reviews:
id: 76 Rating: 5 Likes: 0 Date: August 19 2016
id: 490 Rating: 4 Likes: 0 Date: January 26 2018
id: 1006 Rating: 1 Likes: 3 Date: January 25 2017
id: 1861 Rating: 4 Likes: 0 Date: February 9 2018
id: 2686 Rating: 0 Likes: 0 Date: September 11 2016
id: 2727 Rating: 5 Likes: 0 Date: November 26 2015
id: 3688 Rating: 2 Likes: 0 Date: September 9 2017
id: 3734 Rating: 1 Likes: 0 Date: April 15 2012
id: 4304 Rating: 3 Likes: 26 Date: September 21 2011
id: 4478 Rating: 4 Likes: 1 Date: March 27 2019
id: 4593 Rating: 5 Likes: 0 Date: January 16 2015
id: 4677 Rating: 4 Likes: 1 Date: September 1 2016
id: 4857 Rating: 5 Likes: 4 Date: September 19 2017
id: 5397 Rating: 5 Likes: 0 Date: October 10 2018
id: 6087 Rating: 1 Likes: 0 Date: June 9 2011
id: 6101 Rating: 4 Likes: 0 Date: March 9 2019
id: 7230 Rating: 1 Likes: 10 Date: December 29 2017
id: 7660 Rating: 5 Likes: 3 Date: April 24 2018
id: 8166 Rating: 5 Likes: 0 Date: January 6 2015
id: 8699 Rating: 1 Likes: 0 Date: July 25 2019
id: 9124 Rating: 0 Likes: 0 Date: February 9 2016
id: 9144 Rating: 3 Likes: 0 Date: December 15 2017
id: 9730 Rating: 1 Likes: 0 Date: June 9 2011
id: 9892 Rating: 2 Likes: 0 Date: May 27 2017
id: 10053 Rating: 5 Likes: 0 Date: October 12 2018
id: 10413 Rating: 5 Likes: 0 Date: December 14 2018
id: 10697 Rating: 0 Likes: 22 Date: April 26 2017
id: 10906 Rating: 0 Likes: 0 Date: October 8 2014
id: 10993 Rating: 1 Likes: 0 Date: October 20 2018
id: 11111 Rating: 2 Likes: 3 Date: February 28 2016
id: 11330 Rating: 0 Likes: 26 Date: September 29 2014
id: 11761 Rating: 5 Likes: 0 Date: April 24 2015
id: 11958 Rating: 3 Likes: 0 Date: October 23 2014
id: 12401 Rating: 1 Likes: 0 Date: August 13 2015
id: 12622 Rating: 0 Likes: 0 Date: November 12 2019
id: 13928 Rating: 2 Likes: 0 Date: November 29 2019
id: 14234 Rating: 2 Likes: 2 Date: March 15 2019
id: 14242 Rating: 1 Likes: 1 Date: April 4 2019
id: 14568 Rating: 0 Likes: 0 Date: February 27 2018
id: 16016 Rating: 3 Likes: 0 Date: December 20 2015
id: 16289 Rating: 4 Likes: 0 Date: August 14 2015
id: 16570 Rating: 4 Likes: 0 Date: October 13 2018
id: 16628 Rating: 1 Likes: 0 Date: January 10 2016
id: 16765 Rating: 4 Likes: 0 Date: October 27 2018
id: 111
Title: Above World
Genre: Fantasy
Author: Jenn Reese
***
id: 240
Title: Number 13
Genre: Fantasy
Author: M.G. Wells
***
id: 369
Title: The Golden Compass
Genre: Fantasy
Author: Philip Pullman
***
id: 74
Title: Fated
Genre: Romance
Author: S.H. Kolee
***
id: 50
Title: Genghis Khan and the Making of the Modern World
Genre: History
Author: Jack Weatherford
***
id: 12
Title: Olive Kitteridge
Genre: Fiction
Author: Elizabeth Strout
***
id: 65
Title: The 5th Wave
Genre: Young Adult
Author: Rick Yancey
***
id: 110
Title: The Shape of Mercy
Genre: Historical
Author: Susan Meissner
***
id: 209
Title: Until Tuesday: A Wounded Warrior and the Golden Retriever Who Saved Him
Genre: Nonfiction
Author: Luis Carlos Montalv√°n
***
0.006090
id: 58
Title: A Dog's Purpose
Genre: Fiction
Author: W. Bruce Cameron
***
id: 326
Title: Beautiful Ruins
Genre: Fiction
Author: Jess Walter
***
id: 129
Title: Being Sawyer Knight
Genre: Romance
Author: Nicola Haken
***
id: 374
Title: Cowboys Down
Genre: Romance
Author: Barbara Elsborg
***
id: 162
Title: Damaged: Natalie's Story
Genre: Young Adult
Author: Talia Jager
***
id: 187
Title: Endure
Genre: Young Adult
Author: Carrie Jones
***
id: 113
Title: Ghost in the Shell
Genre: Sequential Art
Author: Masamune Shirow
***
id: 343
Title: Knife Sworn
Genre: Fantasy
Author: Mazarkis Williams
***
id: 403
Title: Magic Triumphs
Genre: Fantasy
Author: Ilona Andrews
***
id: 155
Title: Olive Kitteridge
Genre: Fiction
Author: Elizabeth Strout
***
id: 186
Title: PODs
Genre: Science Fiction
Author: Michelle K. Pickett
***
id: 93
Title: Personal Demons
Genre: Young Adult
Author: Lisa Desrochers
***
id: 153
Title: Release Me
Genre: Romance
Author: J. Kenner
***
id: 236
Title: Slow Burn
Genre: Romance
Author: Sam B. Morgan
***
id: 21
Title: Sybil: The Classic True Story of a Woman Possessed by Sixteen Personalities
Genre: Nonfiction
Author: Flora Rheta Schreiber
***
id: 22
Title: The Children of Men
Genre: Fiction
Author: P.D. James
***
id: 118
Title: The Complete Poems of Anna Akhmatova
Genre: Poetry
Author: Anna Akhmatova
***
id: 387
Title: The Perfect Blindside
Genre: Young Adult
Author: Leslea Wahl
***
id: 253
Title: You Belong to Me
Genre: Romance
Author: Karen      Rose
***
id: 289
Name: M.K. England
Year of Birth: 1997
Place of Birth: Mali
Member Since: July 2 2017
Genres: Young Adult
Books:
0.005636
id: 82
Title: Genghis Khan and the Making of the Modern World
Genre: History
Author: Jack Weatherford
Reviews:
id: 245 Rating: 1 Likes: 1103 Date: February 12 2011
id: 1978 Rating: 3 Likes: 0 Date: May 26 2009
id: 2419 Rating: 4 Likes: 0 Date: June 4 2018
id: 2503 Rating: 3 Likes: 0 Date: January 7 2019
id: 2563 Rating: 5 Likes: 0 Date: June 27 2016
id: 3171 Rating: 0 Likes: 0 Date: August 13 2015
id: 3338 Rating: 5 Likes: 0 Date: December 21 2017
id: 3556 Rating: 5 Likes: 0 Date: March 29 2018
id: 3774 Rating: 0 Likes: 0 Date: October 1 2011
id: 3883 Rating: 1 Likes: 0 Date: July 24 2019
id: 4155 Rating: 3 Likes: 3 Date: March 17 2017
id: 4772 Rating: 4 Likes: 0 Date: January 11 2018
id: 5291 Rating: 1 Likes: 0 Date: October 18 2019
id: 5481 Rating: 0 Likes: 0 Date: June 27 2019
id: 5674 Rating: 1 Likes: 0 Date: October 13 2018
id: 6473 Rating: 5 Likes: 4 Date: December 3 2014
id: 6568 Rating: 4 Likes: 3 Date: December 6 2018
id: 6572 Rating: 5 Likes: 6 Date: May 7 2015
id: 6611 Rating: 1 Likes: 2 Date: October 18 2018
id: 7436 Rating: 0 Likes: 2 Date: May 10 2017
id: 7886 Rating: 5 Likes: 0 Date: June 3 2018
id: 9102 Rating: 5 Likes: 0 Date: January 15 2014
id: 9385 Rating: 5 Likes: 0 Date: December 5 2019
id: 9645 Rating: 3 Likes: 0 Date: May 22 2019
id: 10158 Rating: 3 Likes: 0 Date: August 26 2014
id: 10628 Rating: 4 Likes: 1 Date: March 3 2019
id: 10638 Rating: 0 Likes: 0 Date: July 21 2012
id: 11073 Rating: 1 Likes: 0 Date: February 8 2018
id: 12096 Rating: 0 Likes: 1 Date: April 12 2018
id: 12761 Rating: 4 Likes: 0 Date: June 14 2019
id: 13298 Rating: 2 Likes: 0 Date: January 2 2018
id: 13434 Rating: 2 Likes: 0 Date: March 8 2017
id: 13684 Rating: 5 Likes: 0 Date: December 27 2019
id: 13932 Rating: 1 Likes: 0 Date: July 28 2014
id: 14519 Rating: 1 Likes: 0 Date: March 18 2016
id: 14653 Rating: 2 Likes: 1 Date: March 28 2013
id: 15057 Rating: 5 Likes: 0 Date: May 7 2017
id: 15171 Rating: 4 Likes: 0 Date: October 17 2011
id: 15763 Rating: 0 Likes: 1 Date: October 27 2018
id: 15815 Rating: 0 Likes: 0 Date: September 3 2017
id: 15968 Rating: 4 Likes: 2 Date: June 12 2018
id: 16595 Rating: 2 Likes: 0 Date: November 15 2018
id: 405
Title: Ellen Foster
Genre: Fiction
Author: Kaye Gibbons
Average Rating: 3.42
id: 31
Name: Athena Souri
Place of Birth: Switzerland
Member Since: December 24 2010
Favorite Genres: Romance
Favorite Authors: Carl Sagan, Colleen Clayton, Greer Noble
Number of Books in Read Shelf: 8
Number of Books in Want to Read Shelf: 15
Number of Books in Currently Reading Shelf: 6
Number of Likes: 2455
id: 236
Title: Slow Burn
Genre: Romance
Author: Sam B. Morgan
Reviews:
id: 22 Rating: 0 Likes: 38 Date: February 27 2016
id: 709 Rating: 4 Likes: 2 Date: September 27 2013
id: 816 Rating: 2 Likes: 0 Date: November 29 2019
id: 1315 Rating: 5 Likes: 0 Date: October 16 2015
id: 1626 Rating: 2 Likes: 0 Date: March 28 2019
id: 1698 Rating: 3 Likes: 0 Date: July 2 2016
id: 2240 Rating: 2 Likes: 0 Date: March 4 2013
id: 2338 Rating: 3 Likes: 0 Date: March 29 2019
id: 2651 Rating: 2 Likes: 0 Date: November 25 2018
id: 2702 Rating: 5 Likes: 0 Date: October 5 2018
id: 2861 Rating: 3 Likes: 0 Date: April 11 2014
id: 4305 Rating: 5 Likes: 20 Date: May 8 2015
id: 4625 Rating: 0 Likes: 1 Date: March 8 2011
id: 5276 Rating: 5 Likes: 0 Date: September 4 2019
id: 6661 Rating: 4 Likes: 2 Date: January 11 2019
id: 6698 Rating: 3 Likes: 2 Date: December 29 2010
id: 6754 Rating: 5 Likes: 5 Date: July 23 2014
id: 7207 Rating: 4 Likes: 13 Date: June 27 2018
id: 7241 Rating: 3 Likes: 12 Date: October 20 2011
id: 7335 Rating: 1 Likes: 1 Date: April 15 2012
id: 7395 Rating: 2 Likes: 0 Date: September 9 2019
id: 7785 Rating: 2 Likes: 0 Date: January 27 2019
id: 7998 Rating: 4 Likes: 0 Date: March 19 2016
id: 8669 Rating: 3 Likes: 0 Date: May 2 2014
id: 9719 Rating: 0 Likes: 0 Date: November 24 2019
id: 9874 Rating: 2 Likes: 0 Date: August 25 2014
id: 10004 Rating: 4 Likes: 0 Date: March 25 2019
id: 10171 Rating: 4 Likes: 2 Date: February 14 2019
id: 10644 Rating: 2 Likes: 0 Date: June 25 2019
id: 10714 Rating: 4 Likes: 20 Date: June 6 2019
id: 10841 Rating: 3 Likes: 0 Date: April 27 2017
id: 10909 Rating: 5 Likes: 0 Date: April 9 2013
id: 11757 Rating: 0 Likes: 0 Date: March 27 2018
id: 12179 Rating: 5 Likes: 0 Date: September 5 2015
id: 13019 Rating: 5 Likes: 1 Date: May 21 2012
id: 13321 Rating: 4 Likes: 0 Date: May 18 2016
id: 14914 Rating: 1 Likes: 0 Date: November 17 2018
id: 16115 Rating: 5 Likes: 0 Date: April 7 2016
id: 392
Title: From the Mixed-Up Files of Mrs. Basil E. Frankweiler
Genre: Fiction
Author: E.L. Konigsburg
Reviews:
id: 356 Rating: 3 Likes: 0 Date: August 24 2018
id: 396 Rating: 2 Likes: 558 Date: January 16 2011
id: 677 Rating: 5 Likes: 3 Date: August 13 2018
id: 914 Rating: 5 Likes: 0 Date: June 3 2019
id: 1654 Rating: 0 Likes: 0 Date: February 6 2019
id: 1665 Rating: 5 Likes: 0 Date: November 21 2017
id: 1866 Rating: 0 Likes: 0 Date: December 27 2018
id: 2173 Rating: 2 Likes: 0 Date: February 17 2012
id: 2285 Rating: 5 Likes: 0 Date: March 28 2013
id: 2901 Rating: 5 Likes: 0 Date: July 20 2017
id: 4481 Rating: 5 Likes: 2 Date: May 21 2016
id: 5827 Rating: 4 Likes: 0 Date: November 25 2019
id: 5975 Rating: 1 Likes: 0 Date: March 28 2018
id: 6899 Rating: 5 Likes: 1 Date: February 27 2018
id: 8914 Rating: 1 Likes: 0 Date: July 12 2013
id: 9248 Rating: 5 Likes: 0 Date: October 4 2018
id: 9999 Rating: 5 Likes: 0 Date: March 18 2015
id: 10317 Rating: 4 Likes: 0 Date: April 18 2014
id: 10521 Rating: 4 Likes: 0 Date: September 13 2019
id: 10822 Rating: 5 Likes: 0 Date: May 11 2016
id: 11689 Rating: 5 Likes: 1 Date: January 27 2017
id: 12274 Rating: 5 Likes: 0 Date: August 25 2015
id: 12379 Rating: 5 Likes: 0 Date: June 23 2015
id: 12431 Rating: 0 Likes: 1 Date: July 25 2019
id: 12626 Rating: 3 Likes: 0 Date: September 18 2019
id: 13444 Rating: 0 Likes: 0 Date: June 26 2013
id: 13813 Rating: 3 Likes: 0 Date: May 27 2018
id: 14083 Rating: 3 Likes: 0 Date: October 26 2014
id: 14142 Rating: 4 Likes: 0 Date: December 27 2014
id: 14199 Rating: 3 Likes: 4 Date: October 12 2015
id: 14427 Rating: 1 Likes: 2 Date: June 15 2018
id: 16431 Rating: 5 Likes: 0 Date: October 28 2014
id: 16509 Rating: 5 Likes: 0 Date: March 17 2016
id: 16740 Rating: 3 Likes: 0 Date: April 26 2016
id: 16829 Rating: 0 Likes: 0 Date: October 15 2017
id: 17340 Rating: 3 Likes: 0 Date: November 13 2017
id: 31
Name: Athena Souri
Place of Birth: Switzerland
Member Since: December 24 2010
Favorite Genres: Romance
Favorite Authors: Carl Sagan, Colleen Clayton, Greer Noble
Number of Books in Read Shelf: 8
Number of Books in Want to Read Shelf: 15
Number of Books in Currently Reading Shelf: 6
Number of Likes: 2455
id: 31
Name: Athena Souri
Place of Birth: Switzerland
Member Since: December 24 2010
Favorite Genres: Romance
Favorite Authors: Carl Sagan, Colleen Clayton, Greer Noble
Number of Books in Read Shelf: 8
Number of Books in Want to Read Shelf: 15
Number of Books in Currently Reading Shelf: 6
Number of Likes: 2455
id: 211
Title: The Fall of Five
Genre: Young Adult
Author: Pittacus Lore
Reviews:
id: 76 Rating: 5 Likes: 0 Date: August 19 2016
id: 490 Rating: 4 Likes: 0 Date: January 26 2018
id: 1006 Rating: 1 Likes: 3 Date: January 25 2017
id: 1861 Rating: 4 Likes: 0 Date: February 9 2018
id: 2686 Rating: 0 Likes: 0 Date: September 11 2016
id: 2727 Rating: 5 Likes: 0 Date: November 26 2015
id: 3688 Rating: 2 Likes: 0 Date: September 9 2017
id: 3734 Rating: 1 Likes: 0 Date: April 15 2012
id: 4304 Rating: 3 Likes: 26 Date: September 21 2011
id: 4478 Rating: 4 Likes: 1 Date: March 27 2019
id: 4593 Rating: 5 Likes: 0 Date: January 16 2015
id: 4677 Rating: 4 Likes: 1 Date: September 1 2016
id: 4857 Rating: 5 Likes: 4 Date: September 19 2017
id: 5397 Rating: 5 Likes: 0 Date: October 10 2018
id: 6087 Rating: 1 Likes: 0 Date: June 9 2011
id: 6101 Rating: 4 Likes: 0 Date: March 9 2019
id: 7230 Rating: 1 Likes: 10 Date: December 29 2017
id: 7660 Rating: 5 Likes: 3 Date: April 24 2018
id: 8166 Rating: 5 Likes: 0 Date: January 6 2015
id: 8699 Rating: 1 Likes: 0 Date: July 25 2019
id: 9124 Rating: 0 Likes: 0 Date: February 9 2016
id: 9144 Rating: 3 Likes: 0 Date: December 15 2017
id: 9730 Rating: 1 Likes: 0 Date: June 9 2011
id: 9892 Rating: 2 Likes: 0 Date: May 27 2017
id: 10053 Rating: 5 Likes: 0 Date: October 12 2018
id: 10413 Rating: 5 Likes: 0 Date: December 14 2018
id: 10697 Rating: 0 Likes: 22 Date: April 26 2017
id: 10906 Rating: 0 Likes: 0 Date: October 8 2014
id: 10993 Rating: 1 Likes: 0 Date: October 20 2018
id: 11111 Rating: 2 Likes: 3 Date: February 28 2016
id: 11330 Rating: 0 Likes: 26 Date: September 29 2014
id: 11761 Rating: 5 Likes: 0 Date: April 24 2015
id: 11958 Rating: 3 Likes: 0 Date: October 23 2014
id: 12401 Rating: 1 Likes: 0 Date: August 13 2015
id: 12622 Rating: 0 Likes: 0 Date: November 12 2019
id: 13928 Rating: 2 Likes: 0 Date: November 29 2019
id: 14234 Rating: 2 Likes: 2 Date: March 15 2019
id: 14242 Rating: 1 Likes: 1 Date: April 4 2019
id: 14568 Rating: 0 Likes: 0 Date: February 27 2018
id: 16016 Rating: 3 Likes: 0 Date: December 20 2015
id: 16289 Rating: 4 Likes: 0 Date: August 14 2015
id: 16570 Rating: 4 Likes: 0 Date: October 13 2018
id: 16628 Rating: 1 Likes: 0 Date: January 10 2016
id: 16765 Rating: 4 Likes: 0 Date: October 27 2018
id: 121
Title: Escaping Reality
Genre: Romance
Author: Lisa Renee Jones
Reviews:
id: 227 Rating: 1 Likes: 98 Date: July 19 2019
id: 410 Rating: 3 Likes: 279 Date: February 6 2016
id: 725 Rating: 4 Likes: 0 Date: November 17 2018
id: 1059 Rating: 5 Likes: 0 Date: November 3 2018
id: 1149 Rating: 0 Likes: 0 Date: October 29 2018
id: 1313 Rating: 3 Likes: 1 Date: April 28 2013
id: 1353 Rating: 5 Likes: 3 Date: December 16 2012
id: 1780 Rating: 4 Likes: 4 Date: September 26 2018
id: 1965 Rating: 0 Likes: 0 Date: February 15 2018
id: 2017 Rating: 2 Likes: 1 Date: April 28 2013
id: 2689 Rating: 5 Likes: 0 Date: March 14 2014
id: 2821 Rating: 1 Likes: 0 Date: March 14 2015
id: 4296 Rating: 2 Likes: 1 Date: November 8 2017
id: 4484 Rating: 2 Likes: 0 Date: May 15 2014
id: 4843 Rating: 0 Likes: 0 Date: February 21 2009
id: 4986 Rating: 4 Likes: 0 Date: September 24 2019
id: 5543 Rating: 4 Likes: 0 Date: November 14 2019
id: 6077 Rating: 1 Likes: 0 Date: August 1 2019
id: 6662 Rating: 1 Likes: 2 Date: December 12 2018
id: 7053 Rating: 2 Likes: 14 Date: June 17 2019
id: 7962 Rating: 4 Likes: 0 Date: May 8 2018
id: 9045 Rating: 2 Likes: 0 Date: April 9 2011
id: 9376 Rating: 1 Likes: 0 Date: May 12 2017
id: 9533 Rating: 4 Likes: 0 Date: March 9 2014
id: 10330 Rating: 5 Likes: 0 Date: May 16 2014
id: 10365 Rating: 1 Likes: 0 Date: September 2 2018
id: 10713 Rating: 1 Likes: 16 Date: January 28 2018
id: 11162 Rating: 1 Likes: 0 Date: January 24 2019
id: 11256 Rating: 3 Likes: 0 Date: February 13 2018
id: 11373 Rating: 3 Likes: 0 Date: June 27 2018
id: 11510 Rating: 4 Likes: 0 Date: February 19 2017
id: 12060 Rating: 4 Likes: 0 Date: August 19 2018
id: 12117 Rating: 2 Likes: 5 Date: May 7 2015
id: 12161 Rating: 5 Likes: 0 Date: November 2 2008
id: 12307 Rating: 4 Likes: 0 Date: May 21 2018
id: 14054 Rating: 2 Likes: 0 Date: April 9 2012
id: 14268 Rating: 2 Likes: 1 Date: September 9 2010
id: 14992 Rating: 2 Likes: 0 Date: June 14 2017
id: 15924 Rating: 5 Likes: 1 Date: August 11 2015
id: 16137 Rating: 5 Likes: 0 Date: August 18 2019
id: 16365 Rating: 4 Likes: 0 Date: September 13 2017
id: 16878 Rating: 4 Likes: 0 Date: October 7 2019
id: 405
Title: Ellen Foster
Genre: Fiction
Author: Kaye Gibbons
Average Rating: 3.42
id: 98
Title: Winnie-the-Pooh
Genre: Classics
Author: A.A. Milne
Reviews:
id: 343 Rating: 2 Likes: 2 Date: June 10 2019
id: 386 Rating: 4 Likes: 15 Date: September 13 2016
id: 633 Rating: 4 Likes: 0 Date: January 8 2016
id: 754 Rating: 0 Likes: 0 Date: October 11 2015
id: 1068 Rating: 3 Likes: 0 Date: October 4 2018
id: 2148 Rating: 5 Likes: 1 Date: September 2 2016
id: 2279 Rating: 4 Likes: 4 Date: October 16 2016
id: 2324 Rating: 5 Likes: 0 Date: October 21 2016
id: 2640 Rating: 2 Likes: 0 Date: May 5 2014
id: 3298 Rating: 2 Likes: 0 Date: May 19 2016
id: 3397 Rating: 3 Likes: 0 Date: August 17 2018
id: 4325 Rating: 3 Likes: 2 Date: August 7 2019
id: 4602 Rating: 1 Likes: 22 Date: January 22 2015
id: 4714 Rating: 2 Likes: 1 Date: March 27 2012
id: 4943 Rating: 2 Likes: 0 Date: April 2 2017
id: 5164 Rating: 5 Likes: 0 Date: September 5 2017
id: 5189 Rating: 5 Likes: 0 Date: April 7 2017
id: 5311 Rating: 4 Likes: 0 Date: June 20 2015
id: 5536 Rating: 4 Likes: 0 Date: April 3 2012
id: 6102 Rating: 3 Likes: 0 Date: November 4 2017
id: 7411 Rating: 1 Likes: 7 Date: October 9 2013
id: 7449 Rating: 5 Likes: 0 Date: May 10 2016
id: 7678 Rating: 0 Likes: 13 Date: July 9 2014
id: 8290 Rating: 5 Likes: 0 Date: August 28 2018
id: 8299 Rating: 2 Likes: 0 Date: April 16 2018
id: 8674 Rating: 4 Likes: 0 Date: June 28 2017
id: 8678 Rating: 0 Likes: 0 Date: October 24 2019
id: 9084 Rating: 0 Likes: 0 Date: December 15 2019
id: 9207 Rating: 0 Likes: 0 Date: March 14 2018
id: 9822 Rating: 4 Likes: 0 Date: January 17 2017
id: 9825 Rating: 0 Likes: 0 Date: August 11 2013
id: 10378 Rating: 3 Likes: 0 Date: August 18 2019
id: 10643 Rating: 1 Likes: 0 Date: December 22 2011
id: 10867 Rating: 3 Likes: 0 Date: October 15 2018
id: 11377 Rating: 3 Likes: 0 Date: February 4 2018
id: 11466 Rating: 4 Likes: 43 Date: December 16 2019
id: 11955 Rating: 0 Likes: 0 Date: February 17 2019
id: 11991 Rating: 5 Likes: 10 Date: February 21 2019
id: 12042 Rating: 4 Likes: 0 Date: December 28 2018
id: 12177 Rating: 5 Likes: 0 Date: January 19 2017
id: 12424 Rating: 5 Likes: 0 Date: December 4 2015
id: 12534 Rating: 4 Likes: 0 Date: October 29 2015
id: 12652 Rating: 3 Likes: 0 Date: January 19 2019
id: 13084 Rating: 3 Likes: 0 Date: August 1 2016
id: 13194 Rating: 2 Likes: 0 Date: March 9 2015
id: 14103 Rating: 0 Likes: 1 Date: July 19 2014
id: 14147 Rating: 0 Likes: 1 Date: June 16 2018
id: 14336 Rating: 4 Likes: 0 Date: August 4 2014
id: 14381 Rating: 4 Likes: 0 Date: June 2 2017
id: 15173 Rating: 5 Likes: 0 Date: November 10 2019
id: 15512 Rating: 5 Likes: 0 Date: September 13 2019
id: 15774 Rating: 3 Likes: 0 Date: August 27 2016
id: 16055 Rating: 4 Likes: 0 Date: April 28 2018
id: 16079 Rating: 0 Likes: 0 Date: April 10 2019
id: 16717 Rating: 1 Likes: 0 Date: December 8 2011
id: 16777 Rating: 3 Likes: 0 Date: March 23 2015
0.006514
0.004603
id: 236
Title: Slow Burn
Genre: Romance
Author: Sam B. Morgan
Reviews:
id: 22 Rating: 0 Likes: 38 Date: February 27 2016
id: 709 Rating: 4 Likes: 2 Date: September 27 2013
id: 816 Rating: 2 Likes: 0 Date: November 29 2019
id: 1315 Rating: 5 Likes: 0 Date: October 16 2015
id: 1626 Rating: 2 Likes: 0 Date: March 28 2019
id: 1698 Rating: 3 Likes: 0 Date: July 2 2016
id: 2240 Rating: 2 Likes: 0 Date: March 4 2013
id: 2338 Rating: 3 Likes: 0 Date: March 29 2019
id: 2651 Rating: 2 Likes: 0 Date: November 25 2018
id: 2702 Rating: 5 Likes: 0 Date: October 5 2018
id: 2861 Rating: 3 Likes: 0 Date: April 11 2014
id: 4305 Rating: 5 Likes: 20 Date: May 8 2015
id: 4625 Rating: 0 Likes: 1 Date: March 8 2011
id: 5276 Rating: 5 Likes: 0 Date: September 4 2019
id: 6661 Rating: 4 Likes: 2 Date: January 11 2019
id: 6698 Rating: 3 Likes: 2 Date: December 29 2010
id: 6754 Rating: 5 Likes: 5 Date: July 23 2014
id: 7207 Rating: 4 Likes: 13 Date: June 27 2018
id: 7241 Rating: 3 Likes: 12 Date: October 20 2011
id: 7335 Rating: 1 Likes: 1 Date: April 15 2012
id: 7395 Rating: 2 Likes: 0 Date: September 9 2019
id: 7785 Rating: 2 Likes: 0 Date: January 27 2019
id: 7998 Rating: 4 Likes: 0 Date: March 19 2016
id: 8669 Rating: 3 Likes: 0 Date: May 2 2014
id: 9719 Rating: 0 Likes: 0 Date: November 24 2019
id: 9874 Rating: 2 Likes: 0 Date: August 25 2014
id: 10004 Rating: 4 Likes: 0 Date: March 25 2019
id: 10171 Rating: 4 Likes: 2 Date: February 14 2019
id: 10644 Rating: 2 Likes: 0 Date: June 25 2019
id: 10714 Rating: 4 Likes: 20 Date: June 6 2019
id: 10841 Rating: 3 Likes: 0 Date: April 27 2017
id: 10909 Rating: 5 Likes: 0 Date: April 9 2013
id: 11757 Rating: 0 Likes: 0 Date: March 27 2018
id: 12179 Rating: 5 Likes: 0 Date: September 5 2015
id: 13019 Rating: 5 Likes: 1 Date: May 21 2012
id: 13321 Rating: 4 Likes: 0 Date: May 18 2016
id: 14914 Rating: 1 Likes: 0 Date: November 17 2018
id: 16115 Rating: 5 Likes: 0 Date: April 7 2016
id: 303
Title: The Good Luck Charm
Genre: Romance
Author: Helena Hunting
Reviews:
id: 99 Rating: 3 Likes: 8 Date: November 16 2018
id: 142 Rating: 4 Likes: 0 Date: January 20 2019
id: 949 Rating: 1 Likes: 1 Date: May 14 2017
id: 1209 Rating: 1 Likes: 0 Date: August 22 2013
id: 1350 Rating: 5 Likes: 2 Date: September 25 2018
id: 1595 Rating: 1 Likes: 0 Date: July 1 2013
id: 1747 Rating: 1 Likes: 0 Date: November 13 2018
id: 1846 Rating: 4 Likes: 0 Date: July 9 2016
id: 3401 Rating: 3 Likes: 0 Date: January 1 2016
id: 3889 Rating: 5 Likes: 0 Date: October 17 2017
id: 4887 Rating: 5 Likes: 3 Date: May 4 2018
id: 5127 Rating: 5 Likes: 0 Date: November 9 2010
id: 5574 Rating: 3 Likes: 0 Date: October 6 2014
id: 6137 Rating: 3 Likes: 0 Date: June 28 2017
id: 6480 Rating: 1 Likes: 1 Date: May 1 2011
id: 7559 Rating: 0 Likes: 7 Date: August 19 2017
id: 7913 Rating: 3 Likes: 0 Date: July 10 2019
id: 8048 Rating: 2 Likes: 0 Date: December 23 2018
id: 8160 Rating: 1 Likes: 0 Date: February 26 2017
id: 8310 Rating: 2 Likes: 0 Date: November 29 2019
id: 8626 Rating: 5 Likes: 0 Date: June 16 2014
id: 8683 Rating: 4 Likes: 0 Date: June 20 2013
id: 8858 Rating: 0 Likes: 0 Date: December 16 2015
id: 8862 Rating: 4 Likes: 0 Date: August 26 2018
id: 8903 Rating: 5 Likes: 0 Date: July 11 2018
id: 9182 Rating: 2 Likes: 0 Date: October 12 2018
id: 10427 Rating: 2 Likes: 0 Date: July 28 2018
id: 10432 Rating: 3 Likes: 0 Date: January 9 2018
id: 10490 Rating: 4 Likes: 0 Date: October 20 2017
id: 11047 Rating: 2 Likes: 24 Date: October 15 2010
id: 12102 Rating: 2 Likes: 3 Date: April 22 2018
id: 12147 Rating: 4 Likes: 2 Date: December 12 2019
id: 12633 Rating: 3 Likes: 0 Date: March 21 2016
id: 13302 Rating: 4 Likes: 0 Date: April 18 2015
id: 14111 Rating: 3 Likes: 1 Date: September 14 2016
id: 14698 Rating: 2 Likes: 0 Date: October 22 2019
id: 16634 Rating: 2 Likes: 0 Date: October 13 2018
id: 291
Title: Of Poseidon
Genre: Fantasy
Author: Anna Banks
***
id: 118
Title: The Complete Poems of Anna Akhmatova
Genre: Poetry
Author: Anna Akhmatova
***
id: 166
Title: You Can Heal Your Life
Genre: Self Help
Author: Louise L. Hay
***
0.006425
id: 211
Title: The Fall of Five
Genre: Young Adult
Author: Pittacus Lore
Reviews:
id: 76 Rating: 5 Likes: 0 Date: August 19 2016
id: 490 Rating: 4 Likes: 0 Date: January 26 2018
id: 1006 Rating: 1 Likes: 3 Date: January 25 2017
id: 1861 Rating: 4 Likes: 0 Date: February 9 2018
id: 2686 Rating: 0 Likes: 0 Date: September 11 2016
id: 2727 Rating: 5 Likes: 0 Date: November 26 2015
id: 3688 Rating: 2 Likes: 0 Date: September 9 2017
id: 3734 Rating: 1 Likes: 0 Date: April 15 2012
id: 4304 Rating: 3 Likes: 26 Date: September 21 2011
id: 4478 Rating: 4 Likes: 1 Date: March 27 2019
id: 4593 Rating: 5 Likes: 0 Date: January 16 2015
id: 4677 Rating: 4 Likes: 1 Date: September 1 2016
id: 4857 Rating: 5 Likes: 4 Date: September 19 2017
id: 5397 Rating: 5 Likes: 0 Date: October 10 2018
id: 6087 Rating: 1 Likes: 0 Date: June 9 2011
id: 6101 Rating: 4 Likes: 0 Date: March 9 2019
id: 7230 Rating: 1 Likes: 10 Date: December 29 2017
id: 7660 Rating: 5 Likes: 3 Date: April 24 2018
id: 8166 Rating: 5 Likes: 0 Date: January 6 2015
id: 8699 Rating: 1 Likes: 0 Date: July 25 2019
id: 9124 Rating: 0 Likes: 0 Date: February 9 2016
id: 9144 Rating: 3 Likes: 0 Date: December 15 2017
id: 9730 Rating: 1 Likes: 0 Date: June 9 2011
id: 9892 Rating: 2 Likes: 0 Date: May 27 2017
id: 10053 Rating: 5 Likes: 0 Date: October 12 2018
id: 10413 Rating: 5 Likes: 0 Date: December 14 2018
id: 10697 Rating: 0 Likes: 22 Date: April 26 2017
id: 10906 Rating: 0 Likes: 0 Date: October 8 2014
id: 10993 Rating: 1 Likes: 0 Date: October 20 2018
id: 11111 Rating: 2 Likes: 3 Date: February 28 2016
id: 11330 Rating: 0 Likes: 26 Date: September 29 2014
id: 11761 Rating: 5 Likes: 0 Date: April 24 2015
id: 11958 Rating: 3 Likes: 0 Date: October 23 2014
id: 12401 Rating: 1 Likes: 0 Date: August 13 2015
id: 12622 Rating: 0 Likes: 0 Date: November 12 2019
id: 13928 Rating: 2 Likes: 0 Date: November 29 2019
id: 14234 Rating: 2 Likes: 2 Date: March 15 2019
id: 14242 Rating: 1 Likes: 1 Date: April 4 2019
id: 14568 Rating: 0 Likes: 0 Date: February 27 2018
id: 16016 Rating: 3 Likes: 0 Date: December 20 2015
id: 16289 Rating: 4 Likes: 0 Date: August 14 2015
id: 16570 Rating: 4 Likes: 0 Date: October 13 2018
id: 16628 Rating: 1 Likes: 0 Date: January 10 2016
id: 16765 Rating: 4 Likes: 0 Date: October 27 2018
id: 214
Name: Kathleen  Barber
Year of Birth: 1982
Place of Birth: Benin
Member Since: December 27 2016
Genres: Suspense
Books:
id: 236
Title: Slow Burn
Genre: Romance
Author: Sam B. Morgan
Reviews:
id: 22 Rating: 0 Likes: 38 Date: February 27 2016
id: 709 Rating: 4 Likes: 2 Date: September 27 2013
id: 816 Rating: 2 Likes: 0 Date: November 29 2019
id: 1315 Rating: 5 Likes: 0 Date: October 16 2015
id: 1626 Rating: 2 Likes: 0 Date: March 28 2019
id: 1698 Rating: 3 Likes: 0 Date: July 2 2016
id: 2240 Rating: 2 Likes: 0 Date: March 4 2013
id: 2338 Rating: 3 Likes: 0 Date: March 29 2019
id: 2651 Rating: 2 Likes: 0 Date: November 25 2018
id: 2702 Rating: 5 Likes: 0 Date: October 5 2018
id: 2861 Rating: 3 Likes: 0 Date: April 11 2014
id: 4305 Rating: 5 Likes: 20 Date: May 8 2015
id: 4625 Rating: 0 Likes: 1 Date: March 8 2011
id: 5276 Rating: 5 Likes: 0 Date: September 4 2019
id: 6661 Rating: 4 Likes: 2 Date: January 11 2019
id: 6698 Rating: 3 Likes: 2 Date: December 29 2010
id: 6754 Rating: 5 Likes: 5 Date: July 23 2014
id: 7207 Rating: 4 Likes: 13 Date: June 27 2018
id: 7241 Rating: 3 Likes: 12 Date: October 20 2011
id: 7335 Rating: 1 Likes: 1 Date: April 15 2012
id: 7395 Rating: 2 Likes: 0 Date: September 9 2019
id: 7785 Rating: 2 Likes: 0 Date: January 27 2019
id: 7998 Rating: 4 Likes: 0 Date: March 19 2016
id: 8669 Rating: 3 Likes: 0 Date: May 2 2014
id: 9719 Rating: 0 Likes: 0 Date: November 24 2019
id: 9874 Rating: 2 Likes: 0 Date: August 25 2014
id: 10004 Rating: 4 Likes: 0 Date: March 25 2019
id: 10171 Rating: 4 Likes: 2 Date: February 14 2019
id: 10644 Rating: 2 Likes: 0 Date: June 25 2019
id: 10714 Rating: 4 Likes: 20 Date: June 6 2019
id: 10841 Rating: 3 Likes: 0 Date: April 27 2017
id: 10909 Rating: 5 Likes: 0 Date: April 9 2013
id: 11757 Rating: 0 Likes: 0 Date: March 27 2018
id: 12179 Rating: 5 Likes: 0 Date: September 5 2015
id: 13019 Rating: 5 Likes: 1 Date: May 21 2012
id: 13321 Rating: 4 Likes: 0 Date: May 18 2016
id: 14914 Rating: 1 Likes: 0 Date: November 17 2018
id: 16115 Rating: 5 Likes: 0 Date: April 7 2016
id: 376
Name: Kimmery Martin
Year of Birth: 1996
Place of Birth: Palau
Member Since: April 14 2012
Genres: Contemporary, Science Fiction
Books:
id: 659
Name: Joe Craig
Year of Birth: 1969
Place of Birth: Sao Tome
Member Since: May 27 2015
Genres: Children S
Books:
id: 1
Title: Forging Zero
Genre: Science Fiction
Author: Sara  King
Reviews:
id: 416 Rating: 2 Likes: 1 Date: April 4 2014
id: 708 Rating: 4 Likes: 0 Date: October 19 2010
id: 866 Rating: 0 Likes: 0 Date: July 5 2016
id: 889 Rating: 1 Likes: 0 Date: December 21 2017
id: 1572 Rating: 2 Likes: 0 Date: April 18 2015
id: 1766 Rating: 2 Likes: 0 Date: June 8 2013
id: 2152 Rating: 1 Likes: 3 Date: January 2 2019
id: 2948 Rating: 1 Likes: 0 Date: October 14 2017
id: 3017 Rating: 4 Likes: 0 Date: July 25 2018
id: 4267 Rating: 0 Likes: 1 Date: January 14 2015
id: 4640 Rating: 1 Likes: 0 Date: September 9 2016
id: 5212 Rating: 4 Likes: 0 Date: January 12 2010
id: 5554 Rating: 5 Likes: 0 Date: January 27 2015
id: 6186 Rating: 0 Likes: 0 Date: July 14 2018
id: 6356 Rating: 5 Likes: 3 Date: December 13 2015
id: 6574 Rating: 4 Likes: 9 Date: March 15 2018
id: 7151 Rating: 3 Likes: 5 Date: July 18 2014
id: 7884 Rating: 3 Likes: 0 Date: August 29 2013
id: 9223 Rating: 3 Likes: 0 Date: October 20 2011
id: 9810 Rating: 2 Likes: 0 Date: June 5 2016
id: 11056 Rating: 2 Likes: 0 Date: October 16 2012
id: 11581 Rating: 4 Likes: 4 Date: July 24 2015
id: 11997 Rating: 5 Likes: 3 Date: November 19 2015
id: 12488 Rating: 4 Likes: 0 Date: September 17 2019
id: 12559 Rating: 5 Likes: 0 Date: March 5 2010
id: 13030 Rating: 2 Likes: 2 Date: November 23 2017
id: 13083 Rating: 2 Likes: 0 Date: August 8 2019
id: 13266 Rating: 2 Likes: 0 Date: January 7 2015
id: 13897 Rating: 1 Likes: 0 Date: February 28 2014
id: 15083 Rating: 5 Likes: 0 Date: July 24 2018
id: 16304 Rating: 0 Likes: 0 Date: August 10 2018
id: 28
Title: Charged
Genre: Romance
Author: Jay Crownover
***
id: 157
Title: Collected Fictions
Genre: Fiction
Author: Jorge Luis Borges
***
id: 222
Title: Everything Is Illuminated
Genre: Fiction
Author: Jonathan Safran Foer
***
id: 231
Title: Forbidden Attraction
Genre: Romance
Author: S.R. Watson
***
id: 331
Title: Golden Trail
Genre: Romance
Author: Kristen Ashley
***
id: 274
Title: Otherwise Alone
Genre: Romance
Author: Shay Savage
***
id: 282
Title: The Day Before
Genre: Young Adult
Author: Lisa Schroeder
***
id: 38
Title: The Golden Compass
Genre: Fantasy
Author: Philip Pullman
***
id: 356
Title: The Shock Doctrine: The Rise of Disaster Capitalism
Genre: Nonfiction
Author: Naomi Klein
***
id: 81
Title: The Stepford Wives
Genre: Horror
Author: Ira Levin
***
id: 44
Title: The V Girl
Genre: Romance
Author: Mya Robarts
***
id: 63
Title: When We Wake
Genre: Young Adult
Author: Karen Healey
***
id: 166
Title: You Can Heal Your Life
Genre: Self Help
Author: Louise L. Hay
***
id: 303
Title: The Good Luck Charm
Genre: Romance
Author: Helena Hunting
Reviews:
id: 99 Rating: 3 Likes: 8 Date: November 16 2018
id: 142 Rating: 4 Likes: 0 Date: January 20 2019
id: 949 Rating: 1 Likes: 1 Date: May 14 2017
id: 1209 Rating: 1 Likes: 0 Date: August 22 2013
id: 1350 Rating: 5 Likes: 2 Date: September 25 2018
id: 1595 Rating: 1 Likes: 0 Date: July 1 2013
id: 1747 Rating: 1 Likes: 0 Date: November 13 2018
id: 1846 Rating: 4 Likes: 0 Date: July 9 2016
id: 3401 Rating: 3 Likes: 0 Date: January 1 2016
id: 3889 Rating: 5 Likes: 0 Date: October 17 2017
id: 4887 Rating: 5 Likes: 3 Date: May 4 2018
id: 5127 Rating: 5 Likes: 0 Date: November 9 2010
id: 5574 Rating: 3 Likes: 0 Date: October 6 2014
id: 6137 Rating: 3 Likes: 0 Date: June 28 2017
id: 6480 Rating: 1 Likes: 1 Date: May 1 2011
id: 7559 Rating: 0 Likes: 7 Date: August 19 2017
id: 7913 Rating: 3 Likes: 0 Date: July 10 2019
id: 8048 Rating: 2 Likes: 0 Date: December 23 2018
id: 8160 Rating: 1 Likes: 0 Date: February 26 2017
id: 8310 Rating: 2 Likes: 0 Date: November 29 2019
id: 8626 Rating: 5 Likes: 0 Date: June 16 2014
id: 8683 Rating: 4 Likes: 0 Date: June 20 2013
id: 8858 Rating: 0 Likes: 0 Date: December 16 2015
id: 8862 Rating: 4 Likes: 0 Date: August 26 2018
id: 8903 Rating: 5 Likes: 0 Date: July 11 2018
id: 9182 Rating: 2 Likes: 0 Date: October 12 2018
id: 10427 Rating: 2 Likes: 0 Date: July 28 2018
id: 10432 Rating: 3 Likes: 0 Date: January 9 2018
id: 10490 Rating: 4 Likes: 0 Date: October 20 2017
id: 11047 Rating: 2 Likes: 24 Date: October 15 2010
id: 12102 Rating: 2 Likes: 3 Date: April 22 2018
id: 12147 Rating: 4 Likes: 2 Date: December 12 2019
id: 12633 Rating: 3 Likes: 0 Date: March 21 2016
id: 13302 Rating: 4 Likes: 0 Date: April 18 2015
id: 14111 Rating: 3 Likes: 1 Date: September 14 2016
id: 14698 Rating: 2 Likes: 0 Date: October 22 2019
id: 16634 Rating: 2 Likes: 0 Date: October 13 2018
id: 405
Title: Ellen Foster
Genre: Fiction
Author: Kaye Gibbons
Average Rating: 3.42
