id: 211
Title: The Fall of Five
Genre: Young Adult
Author: Pittacus Lore
Reviews:
id: 76 Rating: 5 Likes: 0 Date: August 19 2016
id: 490 Rating: 4 Likes: 0 Date: January 26 2018
id: 1006 Rating: 1 Likes: 3 Date: January 25 2017
id: 1861 Rating: 4 Likes: 0 Date: February 9 2018
id: 2686 Rating: 0 Likes: 0 Date: September 11 2016
id: 2727 Rating: 5 Likes: 0 Date: November 26 2015
id: 3688 Rating: 2 Likes: 0 Date: September 9 2017
id: 3734 Rating: 1 Likes: 0 Date: April 15 2012
id: 4304 Rating: 3 Likes: 26 Date: September 21 2011
id: 4478 Rating: 4 Likes: 1 Date: March 27 2019
id: 4593 Rating: 5 Likes: 0 Date: January 16 2015
id: 4677 Rating: 4 Likes: 1 Date: September 1 2016
id: 4857 Rating: 5 Likes: 4 Date: September 19 2017
id: 5397 Rating: 5 Likes: 0 Date: October 10 2018
id: 6087 Rating: 1 Likes: 0 Date: June 9 2011
id: 6101 Rating: 4 Likes: 0 Date: March 9 2019
id: 7230 Rating: 1 Likes: 10 Date: December 29 2017
id: 7660 Rating: 5 Likes: 3 Date: April 24 2018
id: 8166 Rating: 5 Likes: 0 Date: January 6 2015
id: 8699 Rating: 1 Likes: 0 Date: July 25 2019
id: 9124 Rating: 0 Likes: 0 Date: February 9 2016
id: 9144 Rating: 3 Likes: 0 Date: December 15 2017
id: 9730 Rating: 1 Likes: 0 Date: June 9 2011
id: 9892 Rating: 2 Likes: 0 Date: May 27 2017
id: 10053 Rating: 5 Likes: 0 Date: October 12 2018
id: 10413 Rating: 5 Likes: 0 Date: December 14 2018
id: 10697 Rating: 0 Likes: 22 Date: April 26 2017
id: 10906 Rating: 0 Likes: 0 Date: October 8 2014
id: 10993 Rating: 1 Likes: 0 Date: October 20 2018
id: 11111 Rating: 2 Likes: 3 Date: February 28 2016
id: 11330 Rating: 0 Likes: 26 Date: September 29 2014
id: 11761 Rating: 5 Likes: 0 Date: April 24 2015
id: 11958 Rating: 3 Likes: 0 Date: October 23 2014
id: 12401 Rating: 1 Likes: 0 Date: August 13 2015
id: 12622 Rating: 0 Likes: 0 Date: November 12 2019
id: 13928 Rating: 2 Likes: 0 Date: November 29 2019
id: 14234 Rating: 2 Likes: 2 Date: March 15 2019
id: 14242 Rating: 1 Likes: 1 Date: April 4 2019
id: 14568 Rating: 0 Likes: 0 Date: February 27 2018
id: 16016 Rating: 3 Likes: 0 Date: December 20 2015
id: 16289 Rating: 4 Likes: 0 Date: August 14 2015
id: 16570 Rating: 4 Likes: 0 Date: October 13 2018
id: 16628 Rating: 1 Likes: 0 Date: January 10 2016
id: 16765 Rating: 4 Likes: 0 Date: October 27 2018
0.005848
id: 303
Title: The Good Luck Charm
Genre: Romance
Author: Helena Hunting
Reviews:
id: 99 Rating: 3 Likes: 8 Date: November 16 2018
id: 142 Rating: 4 Likes: 0 Date: January 20 2019
id: 949 Rating: 1 Likes: 1 Date: May 14 2017
id: 1209 Rating: 1 Likes: 0 Date: August 22 2013
id: 1350 Rating: 5 Likes: 2 Date: September 25 2018
id: 1595 Rating: 1 Likes: 0 Date: July 1 2013
id: 1747 Rating: 1 Likes: 0 Date: November 13 2018
id: 1846 Rating: 4 Likes: 0 Date: July 9 2016
id: 3401 Rating: 3 Likes: 0 Date: January 1 2016
id: 3889 Rating: 5 Likes: 0 Date: October 17 2017
id: 4887 Rating: 5 Likes: 3 Date: May 4 2018
id: 5127 Rating: 5 Likes: 0 Date: November 9 2010
id: 5574 Rating: 3 Likes: 0 Date: October 6 2014
id: 6137 Rating: 3 Likes: 0 Date: June 28 2017
id: 6480 Rating: 1 Likes: 1 Date: May 1 2011
id: 7559 Rating: 0 Likes: 7 Date: August 19 2017
id: 7913 Rating: 3 Likes: 0 Date: July 10 2019
id: 8048 Rating: 2 Likes: 0 Date: December 23 2018
id: 8160 Rating: 1 Likes: 0 Date: February 26 2017
id: 8310 Rating: 2 Likes: 0 Date: November 29 2019
id: 8626 Rating: 5 Likes: 0 Date: June 16 2014
id: 8683 Rating: 4 Likes: 0 Date: June 20 2013
id: 8858 Rating: 0 Likes: 0 Date: December 16 2015
id: 8862 Rating: 4 Likes: 0 Date: August 26 2018
id: 8903 Rating: 5 Likes: 0 Date: July 11 2018
id: 9182 Rating: 2 Likes: 0 Date: October 12 2018
id: 10427 Rating: 2 Likes: 0 Date: July 28 2018
id: 10432 Rating: 3 Likes: 0 Date: January 9 2018
id: 10490 Rating: 4 Likes: 0 Date: October 20 2017
id: 11047 Rating: 2 Likes: 24 Date: October 15 2010
id: 12102 Rating: 2 Likes: 3 Date: April 22 2018
id: 12147 Rating: 4 Likes: 2 Date: December 12 2019
id: 12633 Rating: 3 Likes: 0 Date: March 21 2016
id: 13302 Rating: 4 Likes: 0 Date: April 18 2015
id: 14111 Rating: 3 Likes: 1 Date: September 14 2016
id: 14698 Rating: 2 Likes: 0 Date: October 22 2019
id: 16634 Rating: 2 Likes: 0 Date: October 13 2018
id: 392
Title: From the Mixed-Up Files of Mrs. Basil E. Frankweiler
Genre: Fiction
Author: E.L. Konigsburg
Reviews:
id: 356 Rating: 3 Likes: 0 Date: August 24 2018
id: 396 Rating: 2 Likes: 558 Date: January 16 2011
id: 677 Rating: 5 Likes: 3 Date: August 13 2018
id: 914 Rating: 5 Likes: 0 Date: June 3 2019
id: 1654 Rating: 0 Likes: 0 Date: February 6 2019
id: 1665 Rating: 5 Likes: 0 Date: November 21 2017
id: 1866 Rating: 0 Likes: 0 Date: December 27 2018
id: 2173 Rating: 2 Likes: 0 Date: February 17 2012
id: 2285 Rating: 5 Likes: 0 Date: March 28 2013
id: 2901 Rating: 5 Likes: 0 Date: July 20 2017
id: 4481 Rating: 5 Likes: 2 Date: May 21 2016
id: 5827 Rating: 4 Likes: 0 Date: November 25 2019
id: 5975 Rating: 1 Likes: 0 Date: March 28 2018
id: 6899 Rating: 5 Likes: 1 Date: February 27 2018
id: 8914 Rating: 1 Likes: 0 Date: July 12 2013
id: 9248 Rating: 5 Likes: 0 Date: October 4 2018
id: 9999 Rating: 5 Likes: 0 Date: March 18 2015
id: 10317 Rating: 4 Likes: 0 Date: April 18 2014
id: 10521 Rating: 4 Likes: 0 Date: September 13 2019
id: 10822 Rating: 5 Likes: 0 Date: May 11 2016
id: 11689 Rating: 5 Likes: 1 Date: January 27 2017
id: 12274 Rating: 5 Likes: 0 Date: August 25 2015
id: 12379 Rating: 5 Likes: 0 Date: June 23 2015
id: 12431 Rating: 0 Likes: 1 Date: July 25 2019
id: 12626 Rating: 3 Likes: 0 Date: September 18 2019
id: 13444 Rating: 0 Likes: 0 Date: June 26 2013
id: 13813 Rating: 3 Likes: 0 Date: May 27 2018
id: 14083 Rating: 3 Likes: 0 Date: October 26 2014
id: 14142 Rating: 4 Likes: 0 Date: December 27 2014
id: 14199 Rating: 3 Likes: 4 Date: October 12 2015
id: 14427 Rating: 1 Likes: 2 Date: June 15 2018
id: 16431 Rating: 5 Likes: 0 Date: October 28 2014
id: 16509 Rating: 5 Likes: 0 Date: March 17 2016
id: 16740 Rating: 3 Likes: 0 Date: April 26 2016
id: 16829 Rating: 0 Likes: 0 Date: October 15 2017
id: 17340 Rating: 3 Likes: 0 Date: November 13 2017
id: 31
Name: Athena Souri
Place of Birth: Switzerland
Member Since: December 24 2010
Favorite Genres: Romance
Favorite Authors: Carl Sagan, Colleen Clayton, Greer Noble
Number of Books in Read Shelf: 8
Number of Books in Want to Read Shelf: 15
Number of Books in Currently Reading Shelf: 6
Number of Likes: 2455
id: 1754
Name: Lucinda Riley
Year of Birth: 1993
Place of Birth: El Salvador
Member Since: August 26 2013
Genres: Historical
Books:
id: 280 Title: The Midnight Rose
id: 392
Title: From the Mixed-Up Files of Mrs. Basil E. Frankweiler
Genre: Fiction
Author: E.L. Konigsburg
Reviews:
id: 356 Rating: 3 Likes: 0 Date: August 24 2018
id: 396 Rating: 2 Likes: 558 Date: January 16 2011
id: 677 Rating: 5 Likes: 3 Date: August 13 2018
id: 914 Rating: 5 Likes: 0 Date: June 3 2019
id: 1654 Rating: 0 Likes: 0 Date: February 6 2019
id: 1665 Rating: 5 Likes: 0 Date: November 21 2017
id: 1866 Rating: 0 Likes: 0 Date: December 27 2018
id: 2173 Rating: 2 Likes: 0 Date: February 17 2012
id: 2285 Rating: 5 Likes: 0 Date: March 28 2013
id: 2901 Rating: 5 Likes: 0 Date: July 20 2017
id: 4481 Rating: 5 Likes: 2 Date: May 21 2016
id: 5827 Rating: 4 Likes: 0 Date: November 25 2019
id: 5975 Rating: 1 Likes: 0 Date: March 28 2018
id: 6899 Rating: 5 Likes: 1 Date: February 27 2018
id: 8914 Rating: 1 Likes: 0 Date: July 12 2013
id: 9248 Rating: 5 Likes: 0 Date: October 4 2018
id: 9999 Rating: 5 Likes: 0 Date: March 18 2015
id: 10317 Rating: 4 Likes: 0 Date: April 18 2014
id: 10521 Rating: 4 Likes: 0 Date: September 13 2019
id: 10822 Rating: 5 Likes: 0 Date: May 11 2016
id: 11689 Rating: 5 Likes: 1 Date: January 27 2017
id: 12274 Rating: 5 Likes: 0 Date: August 25 2015
id: 12379 Rating: 5 Likes: 0 Date: June 23 2015
id: 12431 Rating: 0 Likes: 1 Date: July 25 2019
id: 12626 Rating: 3 Likes: 0 Date: September 18 2019
id: 13444 Rating: 0 Likes: 0 Date: June 26 2013
id: 13813 Rating: 3 Likes: 0 Date: May 27 2018
id: 14083 Rating: 3 Likes: 0 Date: October 26 2014
id: 14142 Rating: 4 Likes: 0 Date: December 27 2014
id: 14199 Rating: 3 Likes: 4 Date: October 12 2015
id: 14427 Rating: 1 Likes: 2 Date: June 15 2018
id: 16431 Rating: 5 Likes: 0 Date: October 28 2014
id: 16509 Rating: 5 Likes: 0 Date: March 17 2016
id: 16740 Rating: 3 Likes: 0 Date: April 26 2016
id: 16829 Rating: 0 Likes: 0 Date: October 15 2017
id: 17340 Rating: 3 Likes: 0 Date: November 13 2017
id: 392
Title: From the Mixed-Up Files of Mrs. Basil E. Frankweiler
Genre: Fiction
Author: E.L. Konigsburg
Reviews:
id: 356 Rating: 3 Likes: 0 Date: August 24 2018
id: 396 Rating: 2 Likes: 558 Date: January 16 2011
id: 677 Rating: 5 Likes: 3 Date: August 13 2018
id: 914 Rating: 5 Likes: 0 Date: June 3 2019
id: 1654 Rating: 0 Likes: 0 Date: February 6 2019
id: 1665 Rating: 5 Likes: 0 Date: November 21 2017
id: 1866 Rating: 0 Likes: 0 Date: December 27 2018
id: 2173 Rating: 2 Likes: 0 Date: February 17 2012
id: 2285 Rating: 5 Likes: 0 Date: March 28 2013
id: 2901 Rating: 5 Likes: 0 Date: July 20 2017
id: 4481 Rating: 5 Likes: 2 Date: May 21 2016
id: 5827 Rating: 4 Likes: 0 Date: November 25 2019
id: 5975 Rating: 1 Likes: 0 Date: March 28 2018
id: 6899 Rating: 5 Likes: 1 Date: February 27 2018
id: 8914 Rating: 1 Likes: 0 Date: July 12 2013
id: 9248 Rating: 5 Likes: 0 Date: October 4 2018
id: 9999 Rating: 5 Likes: 0 Date: March 18 2015
id: 10317 Rating: 4 Likes: 0 Date: April 18 2014
id: 10521 Rating: 4 Likes: 0 Date: September 13 2019
id: 10822 Rating: 5 Likes: 0 Date: May 11 2016
id: 11689 Rating: 5 Likes: 1 Date: January 27 2017
id: 12274 Rating: 5 Likes: 0 Date: August 25 2015
id: 12379 Rating: 5 Likes: 0 Date: June 23 2015
id: 12431 Rating: 0 Likes: 1 Date: July 25 2019
id: 12626 Rating: 3 Likes: 0 Date: September 18 2019
id: 13444 Rating: 0 Likes: 0 Date: June 26 2013
id: 13813 Rating: 3 Likes: 0 Date: May 27 2018
id: 14083 Rating: 3 Likes: 0 Date: October 26 2014
id: 14142 Rating: 4 Likes: 0 Date: December 27 2014
id: 14199 Rating: 3 Likes: 4 Date: October 12 2015
id: 14427 Rating: 1 Likes: 2 Date: June 15 2018
id: 16431 Rating: 5 Likes: 0 Date: October 28 2014
id: 16509 Rating: 5 Likes: 0 Date: March 17 2016
id: 16740 Rating: 3 Likes: 0 Date: April 26 2016
id: 16829 Rating: 0 Likes: 0 Date: October 15 2017
id: 17340 Rating: 3 Likes: 0 Date: November 13 2017
id: 303
Title: The Good Luck Charm
Genre: Romance
Author: Helena Hunting
Reviews:
id: 99 Rating: 3 Likes: 8 Date: November 16 2018
id: 142 Rating: 4 Likes: 0 Date: January 20 2019
id: 949 Rating: 1 Likes: 1 Date: May 14 2017
id: 1209 Rating: 1 Likes: 0 Date: August 22 2013
id: 1350 Rating: 5 Likes: 2 Date: September 25 2018
id: 1595 Rating: 1 Likes: 0 Date: July 1 2013
id: 1747 Rating: 1 Likes: 0 Date: November 13 2018
id: 1846 Rating: 4 Likes: 0 Date: July 9 2016
id: 3401 Rating: 3 Likes: 0 Date: January 1 2016
id: 3889 Rating: 5 Likes: 0 Date: October 17 2017
id: 4887 Rating: 5 Likes: 3 Date: May 4 2018
id: 5127 Rating: 5 Likes: 0 Date: November 9 2010
id: 5574 Rating: 3 Likes: 0 Date: October 6 2014
id: 6137 Rating: 3 Likes: 0 Date: June 28 2017
id: 6480 Rating: 1 Likes: 1 Date: May 1 2011
id: 7559 Rating: 0 Likes: 7 Date: August 19 2017
id: 7913 Rating: 3 Likes: 0 Date: July 10 2019
id: 8048 Rating: 2 Likes: 0 Date: December 23 2018
id: 8160 Rating: 1 Likes: 0 Date: February 26 2017
id: 8310 Rating: 2 Likes: 0 Date: November 29 2019
id: 8626 Rating: 5 Likes: 0 Date: June 16 2014
id: 8683 Rating: 4 Likes: 0 Date: June 20 2013
id: 8858 Rating: 0 Likes: 0 Date: December 16 2015
id: 8862 Rating: 4 Likes: 0 Date: August 26 2018
id: 8903 Rating: 5 Likes: 0 Date: July 11 2018
id: 9182 Rating: 2 Likes: 0 Date: October 12 2018
id: 10427 Rating: 2 Likes: 0 Date: July 28 2018
id: 10432 Rating: 3 Likes: 0 Date: January 9 2018
id: 10490 Rating: 4 Likes: 0 Date: October 20 2017
id: 11047 Rating: 2 Likes: 24 Date: October 15 2010
id: 12102 Rating: 2 Likes: 3 Date: April 22 2018
id: 12147 Rating: 4 Likes: 2 Date: December 12 2019
id: 12633 Rating: 3 Likes: 0 Date: March 21 2016
id: 13302 Rating: 4 Likes: 0 Date: April 18 2015
id: 14111 Rating: 3 Likes: 1 Date: September 14 2016
id: 14698 Rating: 2 Likes: 0 Date: October 22 2019
id: 16634 Rating: 2 Likes: 0 Date: October 13 2018
id: 405
Title: Ellen Foster
Genre: Fiction
Author: Kaye Gibbons
Average Rating: 3.42
id: 31
Name: Athena Souri
Place of Birth: Switzerland
Member Since: December 24 2010
Favorite Genres: Romance
Favorite Authors: Carl Sagan, Colleen Clayton, Greer Noble
Number of Books in Read Shelf: 8
Number of Books in Want to Read Shelf: 15
Number of Books in Currently Reading Shelf: 6
Number of Likes: 2455
id: 405
Title: Ellen Foster
Genre: Fiction
Author: Kaye Gibbons
Average Rating: 3.42
id: 405
Title: Ellen Foster
Genre: Fiction
Author: Kaye Gibbons
Average Rating: 3.42
id: 265
Title: Ghost Road Blues
Genre: Horror
Author: Jonathan Maberry
Reviews:
id: 83 Rating: 5 Likes: 0 Date: December 8 2012
id: 224 Rating: 0 Likes: 131 Date: May 15 2017
id: 494 Rating: 3 Likes: 0 Date: July 27 2018
id: 991 Rating: 4 Likes: 0 Date: December 7 2016
id: 1178 Rating: 3 Likes: 0 Date: November 19 2019
id: 1355 Rating: 4 Likes: 3 Date: December 24 2014
id: 2059 Rating: 3 Likes: 0 Date: July 13 2017
id: 2598 Rating: 2 Likes: 0 Date: March 10 2016
id: 2810 Rating: 4 Likes: 0 Date: August 15 2015
id: 3115 Rating: 2 Likes: 0 Date: October 4 2011
id: 3227 Rating: 4 Likes: 0 Date: June 17 2018
id: 4462 Rating: 0 Likes: 1 Date: December 12 2013
id: 4592 Rating: 5 Likes: 0 Date: May 9 2018
id: 5070 Rating: 2 Likes: 0 Date: November 26 2014
id: 5316 Rating: 5 Likes: 0 Date: December 4 2017
id: 5351 Rating: 2 Likes: 0 Date: January 20 2015
id: 5559 Rating: 4 Likes: 0 Date: February 8 2011
id: 5567 Rating: 4 Likes: 0 Date: December 16 2018
id: 5857 Rating: 5 Likes: 0 Date: September 23 2019
id: 5953 Rating: 5 Likes: 0 Date: May 19 2016
id: 6283 Rating: 2 Likes: 3 Date: January 8 2015
id: 6583 Rating: 2 Likes: 8 Date: November 26 2015
id: 6664 Rating: 4 Likes: 4 Date: October 22 2015
id: 7018 Rating: 4 Likes: 0 Date: March 7 2019
id: 7903 Rating: 5 Likes: 0 Date: July 11 2014
id: 8203 Rating: 2 Likes: 0 Date: June 17 2019
id: 8744 Rating: 5 Likes: 0 Date: May 19 2016
id: 8957 Rating: 0 Likes: 0 Date: May 21 2018
id: 9424 Rating: 4 Likes: 0 Date: May 21 2008
id: 9540 Rating: 2 Likes: 0 Date: October 16 2012
id: 9688 Rating: 1 Likes: 1 Date: December 23 2013
id: 9790 Rating: 5 Likes: 0 Date: April 6 2019
id: 11310 Rating: 5 Likes: 57 Date: September 27 2016
id: 12952 Rating: 1 Likes: 0 Date: March 16 2013
id: 14399 Rating: 2 Likes: 3 Date: August 6 2017
id: 15006 Rating: 3 Likes: 0 Date: January 15 2016
id: 15855 Rating: 0 Likes: 0 Date: November 15 2019
id: 15985 Rating: 3 Likes: 0 Date: May 4 2015
id: 16204 Rating: 1 Likes: 0 Date: February 26 2017
id: 16346 Rating: 2 Likes: 0 Date: September 25 2018
id: 16392 Rating: 5 Likes: 0 Date: September 29 2018
id: 16498 Rating: 5 Likes: 0 Date: November 29 2018
id: 236
Title: Slow Burn
Genre: Romance
Author: Sam B. Morgan
Reviews:
id: 22 Rating: 0 Likes: 38 Date: February 27 2016
id: 709 Rating: 4 Likes: 2 Date: September 27 2013
id: 816 Rating: 2 Likes: 0 Date: November 29 2019
id: 1315 Rating: 5 Likes: 0 Date: October 16 2015
id: 1626 Rating: 2 Likes: 0 Date: March 28 2019
id: 1698 Rating: 3 Likes: 0 Date: July 2 2016
id: 2240 Rating: 2 Likes: 0 Date: March 4 2013
id: 2338 Rating: 3 Likes: 0 Date: March 29 2019
id: 2651 Rating: 2 Likes: 0 Date: November 25 2018
id: 2702 Rating: 5 Likes: 0 Date: October 5 2018
id: 2861 Rating: 3 Likes: 0 Date: April 11 2014
id: 4305 Rating: 5 Likes: 20 Date: May 8 2015
id: 4625 Rating: 0 Likes: 1 Date: March 8 2011
id: 5276 Rating: 5 Likes: 0 Date: September 4 2019
id: 6661 Rating: 4 Likes: 2 Date: January 11 2019
id: 6698 Rating: 3 Likes: 2 Date: December 29 2010
id: 6754 Rating: 5 Likes: 5 Date: July 23 2014
id: 7207 Rating: 4 Likes: 13 Date: June 27 2018
id: 7241 Rating: 3 Likes: 12 Date: October 20 2011
id: 7335 Rating: 1 Likes: 1 Date: April 15 2012
id: 7395 Rating: 2 Likes: 0 Date: September 9 2019
id: 7785 Rating: 2 Likes: 0 Date: January 27 2019
id: 7998 Rating: 4 Likes: 0 Date: March 19 2016
id: 8669 Rating: 3 Likes: 0 Date: May 2 2014
id: 9719 Rating: 0 Likes: 0 Date: November 24 2019
id: 9874 Rating: 2 Likes: 0 Date: August 25 2014
id: 10004 Rating: 4 Likes: 0 Date: March 25 2019
id: 10171 Rating: 4 Likes: 2 Date: February 14 2019
id: 10644 Rating: 2 Likes: 0 Date: June 25 2019
id: 10714 Rating: 4 Likes: 20 Date: June 6 2019
id: 10841 Rating: 3 Likes: 0 Date: April 27 2017
id: 10909 Rating: 5 Likes: 0 Date: April 9 2013
id: 11757 Rating: 0 Likes: 0 Date: March 27 2018
id: 12179 Rating: 5 Likes: 0 Date: September 5 2015
id: 13019 Rating: 5 Likes: 1 Date: May 21 2012
id: 13321 Rating: 4 Likes: 0 Date: May 18 2016
id: 14914 Rating: 1 Likes: 0 Date: November 17 2018
id: 16115 Rating: 5 Likes: 0 Date: April 7 2016
id: 41
Title: If You Find Me
Genre: Young Adult
Author: Emily Murdoch
Reviews:
id: 561 Rating: 2 Likes: 0 Date: September 24 2015
id: 1744 Rating: 2 Likes: 0 Date: August 22 2013
id: 2137 Rating: 3 Likes: 0 Date: July 29 2019
id: 2170 Rating: 0 Likes: 2 Date: August 18 2013
id: 2179 Rating: 2 Likes: 0 Date: December 3 2019
id: 2650 Rating: 5 Likes: 0 Date: May 1 2015
id: 2770 Rating: 2 Likes: 0 Date: April 22 2019
id: 2950 Rating: 2 Likes: 0 Date: August 23 2018
id: 3308 Rating: 4 Likes: 0 Date: June 29 2018
id: 3795 Rating: 0 Likes: 0 Date: July 14 2013
id: 3960 Rating: 2 Likes: 0 Date: May 26 2016
id: 4745 Rating: 5 Likes: 0 Date: May 6 2015
id: 4778 Rating: 1 Likes: 0 Date: December 6 2019
id: 4846 Rating: 4 Likes: 0 Date: November 27 2017
id: 5011 Rating: 4 Likes: 0 Date: April 4 2017
id: 5460 Rating: 5 Likes: 0 Date: November 2 2017
id: 5880 Rating: 4 Likes: 0 Date: May 1 2018
id: 6912 Rating: 3 Likes: 0 Date: February 7 2019
id: 7550 Rating: 2 Likes: 1 Date: July 10 2013
id: 7818 Rating: 3 Likes: 0 Date: July 23 2016
id: 7840 Rating: 5 Likes: 0 Date: February 21 2018
id: 7843 Rating: 5 Likes: 0 Date: March 10 2015
id: 7893 Rating: 2 Likes: 0 Date: October 13 2018
id: 8388 Rating: 1 Likes: 0 Date: April 19 2011
id: 8543 Rating: 1 Likes: 0 Date: March 16 2019
id: 8961 Rating: 2 Likes: 0 Date: December 5 2016
id: 9559 Rating: 5 Likes: 0 Date: May 21 2019
id: 9653 Rating: 2 Likes: 0 Date: November 10 2014
id: 9903 Rating: 1 Likes: 0 Date: March 26 2015
id: 11654 Rating: 3 Likes: 1 Date: December 17 2013
id: 12221 Rating: 0 Likes: 0 Date: August 16 2018
id: 12674 Rating: 2 Likes: 0 Date: October 19 2019
id: 13086 Rating: 0 Likes: 0 Date: June 1 2019
id: 13204 Rating: 2 Likes: 0 Date: April 1 2013
id: 13301 Rating: 1 Likes: 0 Date: August 26 2018
id: 13724 Rating: 4 Likes: 0 Date: July 19 2017
id: 14310 Rating: 5 Likes: 0 Date: November 3 2012
id: 14798 Rating: 5 Likes: 0 Date: September 2 2019
id: 14855 Rating: 1 Likes: 0 Date: April 11 2016
id: 15094 Rating: 2 Likes: 0 Date: October 14 2019
id: 15656 Rating: 3 Likes: 0 Date: July 12 2019
id: 15954 Rating: 1 Likes: 0 Date: May 28 2019
id: 16170 Rating: 5 Likes: 0 Date: December 2 2010
id: 16470 Rating: 4 Likes: 0 Date: November 26 2010
id: 16757 Rating: 5 Likes: 0 Date: June 6 2018
id: 16758 Rating: 4 Likes: 0 Date: November 1 2014
id: 16988 Rating: 0 Likes: 0 Date: May 19 2018
id: 17066 Rating: 5 Likes: 0 Date: November 22 2019
id: 31
Name: Athena Souri
Place of Birth: Switzerland
Member Since: December 24 2010
Favorite Genres: Romance
Favorite Authors: Carl Sagan, Colleen Clayton, Greer Noble
Number of Books in Read Shelf: 8
Number of Books in Want to Read Shelf: 15
Number of Books in Currently Reading Shelf: 6
Number of Likes: 2455
id: 405
Title: Ellen Foster
Genre: Fiction
Author: Kaye Gibbons
Average Rating: 3.42
id: 392
Title: From the Mixed-Up Files of Mrs. Basil E. Frankweiler
Genre: Fiction
Author: E.L. Konigsburg
Reviews:
id: 356 Rating: 3 Likes: 0 Date: August 24 2018
id: 396 Rating: 2 Likes: 558 Date: January 16 2011
id: 677 Rating: 5 Likes: 3 Date: August 13 2018
id: 914 Rating: 5 Likes: 0 Date: June 3 2019
id: 1654 Rating: 0 Likes: 0 Date: February 6 2019
id: 1665 Rating: 5 Likes: 0 Date: November 21 2017
id: 1866 Rating: 0 Likes: 0 Date: December 27 2018
id: 2173 Rating: 2 Likes: 0 Date: February 17 2012
id: 2285 Rating: 5 Likes: 0 Date: March 28 2013
id: 2901 Rating: 5 Likes: 0 Date: July 20 2017
id: 4481 Rating: 5 Likes: 2 Date: May 21 2016
id: 5827 Rating: 4 Likes: 0 Date: November 25 2019
id: 5975 Rating: 1 Likes: 0 Date: March 28 2018
id: 6899 Rating: 5 Likes: 1 Date: February 27 2018
id: 8914 Rating: 1 Likes: 0 Date: July 12 2013
id: 9248 Rating: 5 Likes: 0 Date: October 4 2018
id: 9999 Rating: 5 Likes: 0 Date: March 18 2015
id: 10317 Rating: 4 Likes: 0 Date: April 18 2014
id: 10521 Rating: 4 Likes: 0 Date: September 13 2019
id: 10822 Rating: 5 Likes: 0 Date: May 11 2016
id: 11689 Rating: 5 Likes: 1 Date: January 27 2017
id: 12274 Rating: 5 Likes: 0 Date: August 25 2015
id: 12379 Rating: 5 Likes: 0 Date: June 23 2015
id: 12431 Rating: 0 Likes: 1 Date: July 25 2019
id: 12626 Rating: 3 Likes: 0 Date: September 18 2019
id: 13444 Rating: 0 Likes: 0 Date: June 26 2013
id: 13813 Rating: 3 Likes: 0 Date: May 27 2018
id: 14083 Rating: 3 Likes: 0 Date: October 26 2014
id: 14142 Rating: 4 Likes: 0 Date: December 27 2014
id: 14199 Rating: 3 Likes: 4 Date: October 12 2015
id: 14427 Rating: 1 Likes: 2 Date: June 15 2018
id: 16431 Rating: 5 Likes: 0 Date: October 28 2014
id: 16509 Rating: 5 Likes: 0 Date: March 17 2016
id: 16740 Rating: 3 Likes: 0 Date: April 26 2016
id: 16829 Rating: 0 Likes: 0 Date: October 15 2017
id: 17340 Rating: 3 Likes: 0 Date: November 13 2017
id: 178
Title: How Late it Was How Late
Genre: Fiction
Author: James Kelman
***
id: 2
Title: The Trick Is to Keep Breathing
Genre: Fiction
Author: Janice Galloway
***
id: 366
Title: Dragon Ball Vol. 1: The Monkey King
Genre: Sequential Art
Author: Akira Toriyama
***
id: 252
Title: Pucked Off
Genre: Sports and Games
Author: Helena Hunting
***
id: 307
Title: Special A Vol. 1
Genre: Sequential Art
Author: Maki Minami
***
id: 33
Title: The Never List
Genre: Thriller
Author: Koethi Zan
***
id: 330
Title: The Owl Keeper
Genre: Fantasy
Author: Christine Brodien-Jones
***
id: 356
Title: The Shock Doctrine: The Rise of Disaster Capitalism
Genre: Nonfiction
Author: Naomi Klein
***
id: 256
Title: Unhinged
Genre: Fantasy
Author: A.G. Howard
***
id: 260
Title: The Dry
Genre: Mystery
Author: Jane Harper
Reviews:
id: 691 Rating: 4 Likes: 0 Date: September 25 2019
id: 1424 Rating: 0 Likes: 0 Date: September 6 2017
id: 1896 Rating: 5 Likes: 0 Date: July 7 2018
id: 3139 Rating: 5 Likes: 0 Date: January 20 2015
id: 3367 Rating: 0 Likes: 0 Date: April 9 2014
id: 3705 Rating: 0 Likes: 0 Date: August 24 2018
id: 4488 Rating: 4 Likes: 11 Date: April 2 2017
id: 5500 Rating: 0 Likes: 0 Date: March 23 2019
id: 6249 Rating: 2 Likes: 4 Date: August 2 2015
id: 6435 Rating: 4 Likes: 0 Date: May 17 2016
id: 7541 Rating: 5 Likes: 4 Date: November 20 2017
id: 7583 Rating: 1 Likes: 0 Date: October 12 2017
id: 7882 Rating: 2 Likes: 1 Date: June 5 2018
id: 7914 Rating: 4 Likes: 0 Date: March 22 2016
id: 8970 Rating: 3 Likes: 0 Date: December 1 2017
id: 8991 Rating: 1 Likes: 0 Date: April 5 2018
id: 9233 Rating: 2 Likes: 0 Date: November 1 2018
id: 9366 Rating: 2 Likes: 0 Date: July 5 2010
id: 9535 Rating: 4 Likes: 0 Date: August 10 2019
id: 9770 Rating: 4 Likes: 0 Date: February 13 2014
id: 10148 Rating: 5 Likes: 2 Date: May 8 2018
id: 10555 Rating: 5 Likes: 0 Date: December 27 2013
id: 10711 Rating: 3 Likes: 12 Date: May 22 2018
id: 10774 Rating: 2 Likes: 50 Date: July 26 2014
id: 10781 Rating: 2 Likes: 18 Date: November 12 2016
id: 11077 Rating: 1 Likes: 90 Date: September 14 2019
id: 12171 Rating: 5 Likes: 1 Date: May 15 2019
id: 12348 Rating: 2 Likes: 0 Date: April 27 2018
id: 13595 Rating: 5 Likes: 0 Date: August 20 2015
id: 14466 Rating: 2 Likes: 0 Date: August 25 2010
id: 14597 Rating: 3 Likes: 0 Date: August 29 2018
id: 15113 Rating: 1 Likes: 0 Date: February 29 2017
id: 15182 Rating: 3 Likes: 0 Date: March 22 2018
id: 15585 Rating: 5 Likes: 0 Date: February 23 2018
id: 16008 Rating: 4 Likes: 1 Date: March 9 2008
id: 16427 Rating: 4 Likes: 0 Date: September 2 2019
id: 17247 Rating: 5 Likes: 0 Date: January 18 2014
id: 17394 Rating: 4 Likes: 0 Date: May 13 2019
id: 31
Name: Athena Souri
Place of Birth: Switzerland
Member Since: December 24 2010
Favorite Genres: Romance
Favorite Authors: Carl Sagan, Colleen Clayton, Greer Noble
Number of Books in Read Shelf: 8
Number of Books in Want to Read Shelf: 15
Number of Books in Currently Reading Shelf: 6
Number of Likes: 2455
id: 405
Title: Ellen Foster
Genre: Fiction
Author: Kaye Gibbons
Average Rating: 3.42
id: 405
Title: Ellen Foster
Genre: Fiction
Author: Kaye Gibbons
Average Rating: 3.42
id: 405
Title: Ellen Foster
Genre: Fiction
Author: Kaye Gibbons
Average Rating: 3.42
id: 157
Title: Collected Fictions
Genre: Fiction
Author: Jorge Luis Borges
***
id: 45
Title: Dewey: The Small-Town Library Cat Who Touched the World
Genre: Nonfiction
Author: Vicki Myron
***
id: 370
Title: Eternal Eden
Genre: Fantasy
Author: Nicole  Williams
***
id: 322
Title: Filthy Gods
Genre: Romance
Author: R. Scarlett
***
id: 388
Title: If I Have a Wicked Stepmother Where's My Prince?
Genre: Young Adult
Author: Melissa Kantor
***
id: 228
Title: Killing Matt Cooper
Genre: Dark
Author: John  Cassian
***
id: 131
Title: Last of the Summer Tomatoes
Genre: Romance
Author: Sherrie Henry
***
id: 140
Title: Naomi and Ely's No Kiss List
Genre: Young Adult
Author: Rachel Cohn
***
id: 240
Title: Number 13
Genre: Fantasy
Author: M.G. Wells
***
id: 291
Title: Of Poseidon
Genre: Fantasy
Author: Anna Banks
***
id: 12
Title: Olive Kitteridge
Genre: Fiction
Author: Elizabeth Strout
***
id: 283
Title: Sacajawea
Genre: Historical
Author: Anna Lee Waldo
***
id: 27
Title: Someday This Pain Will Be Useful to You
Genre: Young Adult
Author: Peter Cameron
***
id: 303
Title: The Good Luck Charm
Genre: Romance
Author: Helena Hunting
***
id: 188
Title: The High King
Genre: Fantasy
Author: Lloyd Alexander
***
id: 384
Title: The Snake Pit
Genre: Fiction
Author: Mary Jane Ward
***
id: 278
Title: The Worst Hard Time: The Untold Story of Those Who Survived the Great American Dust Bowl
Genre: History
Author: Timothy Egan
***
id: 348
Title: Zigzag
Genre: Young Adult
Author: Ellen Wittlinger
***
id: 31
Name: Athena Souri
Place of Birth: Switzerland
Member Since: December 24 2010
Favorite Genres: Romance
Favorite Authors: Carl Sagan, Colleen Clayton, Greer Noble
Number of Books in Read Shelf: 8
Number of Books in Want to Read Shelf: 15
Number of Books in Currently Reading Shelf: 6
Number of Likes: 2455
id: 32
Title: Blackout
Genre: Horror
Author: Mira Grant
***
id: 366
Title: Dragon Ball Vol. 1: The Monkey King
Genre: Sequential Art
Author: Akira Toriyama
***
id: 370
Title: Eternal Eden
Genre: Fantasy
Author: Nicole  Williams
***
id: 8
Title: Starlet's Web
Genre: Young Adult
Author: Carla J. Hanna
***
id: 97
Title: The Thorn Birds
Genre: Fiction
Author: Colleen McCullough
***
id: 31
Name: Athena Souri
Place of Birth: Switzerland
Member Since: December 24 2010
Favorite Genres: Romance
Favorite Authors: Carl Sagan, Colleen Clayton, Greer Noble
Number of Books in Read Shelf: 8
Number of Books in Want to Read Shelf: 15
Number of Books in Currently Reading Shelf: 6
Number of Likes: 2455
