id: 83
Title: Innocents
Genre: New Adult
Author: Mary  Elizabeth
Reviews:
id: 108 Rating: 0 Likes: 0 Date: March 13 2017
id: 114 Rating: 2 Likes: 1 Date: April 18 2015
id: 529 Rating: 5 Likes: 127 Date: April 2 2014
id: 673 Rating: 2 Likes: 13 Date: July 14 2010
id: 2387 Rating: 5 Likes: 0 Date: January 19 2013
id: 3109 Rating: 5 Likes: 0 Date: January 20 2016
id: 3113 Rating: 3 Likes: 0 Date: October 10 2014
id: 3650 Rating: 1 Likes: 0 Date: July 1 2019
id: 3742 Rating: 5 Likes: 0 Date: October 26 2019
id: 3855 Rating: 1 Likes: 0 Date: July 6 2012
id: 4036 Rating: 2 Likes: 0 Date: March 7 2015
id: 4834 Rating: 2 Likes: 0 Date: December 4 2018
id: 5188 Rating: 5 Likes: 0 Date: October 14 2018
id: 5292 Rating: 4 Likes: 0 Date: October 21 2014
id: 6710 Rating: 0 Likes: 6 Date: February 12 2014
id: 6990 Rating: 2 Likes: 1 Date: February 29 2010
id: 7427 Rating: 3 Likes: 0 Date: May 13 2018
id: 8959 Rating: 3 Likes: 0 Date: June 27 2013
id: 9425 Rating: 5 Likes: 0 Date: August 3 2011
id: 9580 Rating: 0 Likes: 0 Date: February 10 2017
id: 9882 Rating: 1 Likes: 1 Date: September 3 2018
id: 10518 Rating: 2 Likes: 0 Date: November 4 2016
id: 10778 Rating: 5 Likes: 12 Date: December 17 2016
id: 10890 Rating: 1 Likes: 0 Date: January 2 2016
id: 12497 Rating: 0 Likes: 0 Date: April 2 2018
id: 12959 Rating: 4 Likes: 0 Date: November 19 2012
id: 13057 Rating: 1 Likes: 0 Date: May 21 2018
id: 13079 Rating: 5 Likes: 1 Date: September 12 2015
id: 13409 Rating: 1 Likes: 4 Date: May 18 2016
id: 14014 Rating: 1 Likes: 0 Date: March 4 2016
id: 14180 Rating: 4 Likes: 1 Date: May 19 2014
id: 14834 Rating: 1 Likes: 0 Date: February 17 2016
id: 14908 Rating: 4 Likes: 0 Date: December 2 2019
id: 15528 Rating: 1 Likes: 0 Date: July 15 2019
id: 16465 Rating: 2 Likes: 0 Date: March 14 2014
id: 17022 Rating: 3 Likes: 0 Date: February 19 2019
id: 17250 Rating: 1 Likes: 0 Date: August 13 2017
id: 236
Title: Slow Burn
Genre: Romance
Author: Sam B. Morgan
Reviews:
id: 22 Rating: 0 Likes: 38 Date: February 27 2016
id: 709 Rating: 4 Likes: 2 Date: September 27 2013
id: 816 Rating: 2 Likes: 0 Date: November 29 2019
id: 1315 Rating: 5 Likes: 0 Date: October 16 2015
id: 1626 Rating: 2 Likes: 0 Date: March 28 2019
id: 1698 Rating: 3 Likes: 0 Date: July 2 2016
id: 2240 Rating: 2 Likes: 0 Date: March 4 2013
id: 2338 Rating: 3 Likes: 0 Date: March 29 2019
id: 2651 Rating: 2 Likes: 0 Date: November 25 2018
id: 2702 Rating: 5 Likes: 0 Date: October 5 2018
id: 2861 Rating: 3 Likes: 0 Date: April 11 2014
id: 4305 Rating: 5 Likes: 20 Date: May 8 2015
id: 4625 Rating: 0 Likes: 1 Date: March 8 2011
id: 5276 Rating: 5 Likes: 0 Date: September 4 2019
id: 6661 Rating: 4 Likes: 2 Date: January 11 2019
id: 6698 Rating: 3 Likes: 2 Date: December 29 2010
id: 6754 Rating: 5 Likes: 5 Date: July 23 2014
id: 7207 Rating: 4 Likes: 13 Date: June 27 2018
id: 7241 Rating: 3 Likes: 12 Date: October 20 2011
id: 7335 Rating: 1 Likes: 1 Date: April 15 2012
id: 7395 Rating: 2 Likes: 0 Date: September 9 2019
id: 7785 Rating: 2 Likes: 0 Date: January 27 2019
id: 7998 Rating: 4 Likes: 0 Date: March 19 2016
id: 8669 Rating: 3 Likes: 0 Date: May 2 2014
id: 9719 Rating: 0 Likes: 0 Date: November 24 2019
id: 9874 Rating: 2 Likes: 0 Date: August 25 2014
id: 10004 Rating: 4 Likes: 0 Date: March 25 2019
id: 10171 Rating: 4 Likes: 2 Date: February 14 2019
id: 10644 Rating: 2 Likes: 0 Date: June 25 2019
id: 10714 Rating: 4 Likes: 20 Date: June 6 2019
id: 10841 Rating: 3 Likes: 0 Date: April 27 2017
id: 10909 Rating: 5 Likes: 0 Date: April 9 2013
id: 11757 Rating: 0 Likes: 0 Date: March 27 2018
id: 12179 Rating: 5 Likes: 0 Date: September 5 2015
id: 13019 Rating: 5 Likes: 1 Date: May 21 2012
id: 13321 Rating: 4 Likes: 0 Date: May 18 2016
id: 14914 Rating: 1 Likes: 0 Date: November 17 2018
id: 16115 Rating: 5 Likes: 0 Date: April 7 2016
id: 405
Title: Ellen Foster
Genre: Fiction
Author: Kaye Gibbons
Average Rating: 3.42
0.013154
id: 31
Name: Athena Souri
Place of Birth: Switzerland
Member Since: December 24 2010
Favorite Genres: Romance
Favorite Authors: Carl Sagan, Colleen Clayton, Greer Noble
Number of Books in Read Shelf: 8
Number of Books in Want to Read Shelf: 15
Number of Books in Currently Reading Shelf: 6
Number of Likes: 2455
id: 211
Title: The Fall of Five
Genre: Young Adult
Author: Pittacus Lore
Reviews:
id: 76 Rating: 5 Likes: 0 Date: August 19 2016
id: 490 Rating: 4 Likes: 0 Date: January 26 2018
id: 1006 Rating: 1 Likes: 3 Date: January 25 2017
id: 1861 Rating: 4 Likes: 0 Date: February 9 2018
id: 2686 Rating: 0 Likes: 0 Date: September 11 2016
id: 2727 Rating: 5 Likes: 0 Date: November 26 2015
id: 3688 Rating: 2 Likes: 0 Date: September 9 2017
id: 3734 Rating: 1 Likes: 0 Date: April 15 2012
id: 4304 Rating: 3 Likes: 26 Date: September 21 2011
id: 4478 Rating: 4 Likes: 1 Date: March 27 2019
id: 4593 Rating: 5 Likes: 0 Date: January 16 2015
id: 4677 Rating: 4 Likes: 1 Date: September 1 2016
id: 4857 Rating: 5 Likes: 4 Date: September 19 2017
id: 5397 Rating: 5 Likes: 0 Date: October 10 2018
id: 6087 Rating: 1 Likes: 0 Date: June 9 2011
id: 6101 Rating: 4 Likes: 0 Date: March 9 2019
id: 7230 Rating: 1 Likes: 10 Date: December 29 2017
id: 7660 Rating: 5 Likes: 3 Date: April 24 2018
id: 8166 Rating: 5 Likes: 0 Date: January 6 2015
id: 8699 Rating: 1 Likes: 0 Date: July 25 2019
id: 9124 Rating: 0 Likes: 0 Date: February 9 2016
id: 9144 Rating: 3 Likes: 0 Date: December 15 2017
id: 9730 Rating: 1 Likes: 0 Date: June 9 2011
id: 9892 Rating: 2 Likes: 0 Date: May 27 2017
id: 10053 Rating: 5 Likes: 0 Date: October 12 2018
id: 10413 Rating: 5 Likes: 0 Date: December 14 2018
id: 10697 Rating: 0 Likes: 22 Date: April 26 2017
id: 10906 Rating: 0 Likes: 0 Date: October 8 2014
id: 10993 Rating: 1 Likes: 0 Date: October 20 2018
id: 11111 Rating: 2 Likes: 3 Date: February 28 2016
id: 11330 Rating: 0 Likes: 26 Date: September 29 2014
id: 11761 Rating: 5 Likes: 0 Date: April 24 2015
id: 11958 Rating: 3 Likes: 0 Date: October 23 2014
id: 12401 Rating: 1 Likes: 0 Date: August 13 2015
id: 12622 Rating: 0 Likes: 0 Date: November 12 2019
id: 13928 Rating: 2 Likes: 0 Date: November 29 2019
id: 14234 Rating: 2 Likes: 2 Date: March 15 2019
id: 14242 Rating: 1 Likes: 1 Date: April 4 2019
id: 14568 Rating: 0 Likes: 0 Date: February 27 2018
id: 16016 Rating: 3 Likes: 0 Date: December 20 2015
id: 16289 Rating: 4 Likes: 0 Date: August 14 2015
id: 16570 Rating: 4 Likes: 0 Date: October 13 2018
id: 16628 Rating: 1 Likes: 0 Date: January 10 2016
id: 16765 Rating: 4 Likes: 0 Date: October 27 2018
id: 3
Title: How to Win Friends and Influence People
Genre: Nonfiction
Author: Dale Carnegie
Reviews:
id: 208 Rating: 5 Likes: 6 Date: June 1 2018
id: 542 Rating: 1 Likes: 265 Date: December 11 2018
id: 613 Rating: 5 Likes: 0 Date: May 12 2016
id: 2008 Rating: 2 Likes: 0 Date: April 7 2015
id: 2186 Rating: 2 Likes: 0 Date: September 9 2019
id: 2227 Rating: 3 Likes: 0 Date: June 21 2015
id: 2286 Rating: 5 Likes: 0 Date: October 21 2017
id: 2399 Rating: 2 Likes: 0 Date: December 2 2017
id: 2990 Rating: 3 Likes: 0 Date: August 12 2018
id: 3061 Rating: 2 Likes: 0 Date: February 17 2010
id: 3748 Rating: 0 Likes: 0 Date: January 9 2012
id: 4122 Rating: 0 Likes: 0 Date: July 18 2017
id: 5327 Rating: 1 Likes: 0 Date: April 25 2018
id: 5491 Rating: 4 Likes: 0 Date: August 25 2017
id: 6203 Rating: 4 Likes: 0 Date: October 6 2015
id: 6484 Rating: 5 Likes: 0 Date: December 2 2018
id: 6642 Rating: 0 Likes: 0 Date: February 29 2015
id: 6993 Rating: 3 Likes: 0 Date: July 2 2017
id: 7245 Rating: 1 Likes: 15 Date: November 11 2016
id: 7428 Rating: 3 Likes: 4 Date: April 27 2010
id: 8853 Rating: 3 Likes: 0 Date: December 14 2017
id: 9301 Rating: 0 Likes: 0 Date: September 9 2014
id: 9721 Rating: 3 Likes: 0 Date: March 28 2018
id: 10174 Rating: 3 Likes: 4 Date: March 14 2018
id: 10247 Rating: 2 Likes: 0 Date: March 22 2019
id: 10799 Rating: 2 Likes: 20 Date: December 22 2011
id: 11282 Rating: 3 Likes: 1 Date: June 28 2017
id: 11430 Rating: 2 Likes: 0 Date: August 13 2017
id: 12399 Rating: 5 Likes: 1 Date: January 7 2019
id: 12990 Rating: 0 Likes: 0 Date: July 29 2018
id: 13113 Rating: 1 Likes: 2 Date: March 3 2017
id: 13478 Rating: 5 Likes: 0 Date: January 6 2014
id: 13574 Rating: 4 Likes: 0 Date: November 2 2016
id: 13701 Rating: 5 Likes: 0 Date: February 15 2017
id: 14346 Rating: 4 Likes: 1 Date: June 8 2018
id: 14750 Rating: 1 Likes: 0 Date: August 2 2016
id: 14852 Rating: 3 Likes: 0 Date: January 20 2017
id: 14857 Rating: 1 Likes: 0 Date: September 8 2012
id: 14867 Rating: 0 Likes: 0 Date: September 22 2014
id: 15327 Rating: 1 Likes: 0 Date: April 19 2016
id: 15366 Rating: 1 Likes: 0 Date: February 6 2017
id: 15379 Rating: 0 Likes: 0 Date: October 17 2019
id: 15491 Rating: 4 Likes: 0 Date: December 13 2019
id: 15647 Rating: 4 Likes: 0 Date: April 18 2013
id: 15718 Rating: 2 Likes: 4 Date: September 14 2016
id: 16158 Rating: 4 Likes: 0 Date: May 11 2016
id: 16731 Rating: 3 Likes: 0 Date: December 19 2015
id: 16876 Rating: 5 Likes: 0 Date: February 5 2019
id: 1624
Name: Bernal DÃ­az del Castillo
Year of Birth: 1992
Place of Birth: Belarus
Member Since: January 6 2017
Genres: Biographies Memoirs, History, Nonfiction
Books:
id: 1551
Name: Robert Penn Warren
Year of Birth: 1986
Place of Birth: Liberia
Member Since: July 5 2019
Genres: Poetry, Science Fiction
Books:
id: 249 Title: All the King's Men
id: 405
Title: Ellen Foster
Genre: Fiction
Author: Kaye Gibbons
Average Rating: 3.42
0.009079
id: 635
Name: Patrick Lencioni
Year of Birth: 1962
Place of Birth: Sierra Leone
Member Since: August 1 2015
Genres: Business
Books:
0.006465
id: 149
Title: The Boy Who Sneaks in My Bedroom Window
Genre: Romance
Author: Kirsty Moseley
***
id: 272
Title: The Madness of Lord Ian Mackenzie
Genre: Romance
Author: Jennifer Ashley
***
id: 107
Title: Finger Lickin' Fifteen
Genre: Mystery
Author: Janet Evanovich
***
id: 79
Title: Into the Darkest Corner
Genre: Thriller
Author: Elizabeth Haynes
***
id: 221
Title: Prodigy
Genre: Young Adult
Author: Marie Lu
***
id: 54
Title: The 19th Wife
Genre: Historical
Author: David Ebershoff
***
id: 30
Title: The Tibetan Book of Living and Dying
Genre: Philosophy
Author: Sogyal Rinpoche
***
id: 320
Title: The True Story of Hansel and Gretel
Genre: Historical
Author: Louise Murphy
***
id: 199
Title: Valour and Vanity
Genre: Fantasy
Author: Mary Robinette Kowal
***
id: 125
Title: Winterspell
Genre: Fantasy
Author: Claire Legrand
***
id: 303
Title: The Good Luck Charm
Genre: Romance
Author: Helena Hunting
Reviews:
id: 99 Rating: 3 Likes: 8 Date: November 16 2018
id: 142 Rating: 4 Likes: 0 Date: January 20 2019
id: 949 Rating: 1 Likes: 1 Date: May 14 2017
id: 1209 Rating: 1 Likes: 0 Date: August 22 2013
id: 1350 Rating: 5 Likes: 2 Date: September 25 2018
id: 1595 Rating: 1 Likes: 0 Date: July 1 2013
id: 1747 Rating: 1 Likes: 0 Date: November 13 2018
id: 1846 Rating: 4 Likes: 0 Date: July 9 2016
id: 3401 Rating: 3 Likes: 0 Date: January 1 2016
id: 3889 Rating: 5 Likes: 0 Date: October 17 2017
id: 4887 Rating: 5 Likes: 3 Date: May 4 2018
id: 5127 Rating: 5 Likes: 0 Date: November 9 2010
id: 5574 Rating: 3 Likes: 0 Date: October 6 2014
id: 6137 Rating: 3 Likes: 0 Date: June 28 2017
id: 6480 Rating: 1 Likes: 1 Date: May 1 2011
id: 7559 Rating: 0 Likes: 7 Date: August 19 2017
id: 7913 Rating: 3 Likes: 0 Date: July 10 2019
id: 8048 Rating: 2 Likes: 0 Date: December 23 2018
id: 8160 Rating: 1 Likes: 0 Date: February 26 2017
id: 8310 Rating: 2 Likes: 0 Date: November 29 2019
id: 8626 Rating: 5 Likes: 0 Date: June 16 2014
id: 8683 Rating: 4 Likes: 0 Date: June 20 2013
id: 8858 Rating: 0 Likes: 0 Date: December 16 2015
id: 8862 Rating: 4 Likes: 0 Date: August 26 2018
id: 8903 Rating: 5 Likes: 0 Date: July 11 2018
id: 9182 Rating: 2 Likes: 0 Date: October 12 2018
id: 10427 Rating: 2 Likes: 0 Date: July 28 2018
id: 10432 Rating: 3 Likes: 0 Date: January 9 2018
id: 10490 Rating: 4 Likes: 0 Date: October 20 2017
id: 11047 Rating: 2 Likes: 24 Date: October 15 2010
id: 12102 Rating: 2 Likes: 3 Date: April 22 2018
id: 12147 Rating: 4 Likes: 2 Date: December 12 2019
id: 12633 Rating: 3 Likes: 0 Date: March 21 2016
id: 13302 Rating: 4 Likes: 0 Date: April 18 2015
id: 14111 Rating: 3 Likes: 1 Date: September 14 2016
id: 14698 Rating: 2 Likes: 0 Date: October 22 2019
id: 16634 Rating: 2 Likes: 0 Date: October 13 2018
id: 236
Title: Slow Burn
Genre: Romance
Author: Sam B. Morgan
Reviews:
id: 22 Rating: 0 Likes: 38 Date: February 27 2016
id: 709 Rating: 4 Likes: 2 Date: September 27 2013
id: 816 Rating: 2 Likes: 0 Date: November 29 2019
id: 1315 Rating: 5 Likes: 0 Date: October 16 2015
id: 1626 Rating: 2 Likes: 0 Date: March 28 2019
id: 1698 Rating: 3 Likes: 0 Date: July 2 2016
id: 2240 Rating: 2 Likes: 0 Date: March 4 2013
id: 2338 Rating: 3 Likes: 0 Date: March 29 2019
id: 2651 Rating: 2 Likes: 0 Date: November 25 2018
id: 2702 Rating: 5 Likes: 0 Date: October 5 2018
id: 2861 Rating: 3 Likes: 0 Date: April 11 2014
id: 4305 Rating: 5 Likes: 20 Date: May 8 2015
id: 4625 Rating: 0 Likes: 1 Date: March 8 2011
id: 5276 Rating: 5 Likes: 0 Date: September 4 2019
id: 6661 Rating: 4 Likes: 2 Date: January 11 2019
id: 6698 Rating: 3 Likes: 2 Date: December 29 2010
id: 6754 Rating: 5 Likes: 5 Date: July 23 2014
id: 7207 Rating: 4 Likes: 13 Date: June 27 2018
id: 7241 Rating: 3 Likes: 12 Date: October 20 2011
id: 7335 Rating: 1 Likes: 1 Date: April 15 2012
id: 7395 Rating: 2 Likes: 0 Date: September 9 2019
id: 7785 Rating: 2 Likes: 0 Date: January 27 2019
id: 7998 Rating: 4 Likes: 0 Date: March 19 2016
id: 8669 Rating: 3 Likes: 0 Date: May 2 2014
id: 9719 Rating: 0 Likes: 0 Date: November 24 2019
id: 9874 Rating: 2 Likes: 0 Date: August 25 2014
id: 10004 Rating: 4 Likes: 0 Date: March 25 2019
id: 10171 Rating: 4 Likes: 2 Date: February 14 2019
id: 10644 Rating: 2 Likes: 0 Date: June 25 2019
id: 10714 Rating: 4 Likes: 20 Date: June 6 2019
id: 10841 Rating: 3 Likes: 0 Date: April 27 2017
id: 10909 Rating: 5 Likes: 0 Date: April 9 2013
id: 11757 Rating: 0 Likes: 0 Date: March 27 2018
id: 12179 Rating: 5 Likes: 0 Date: September 5 2015
id: 13019 Rating: 5 Likes: 1 Date: May 21 2012
id: 13321 Rating: 4 Likes: 0 Date: May 18 2016
id: 14914 Rating: 1 Likes: 0 Date: November 17 2018
id: 16115 Rating: 5 Likes: 0 Date: April 7 2016
0.008321
id: 31
Name: Athena Souri
Place of Birth: Switzerland
Member Since: December 24 2010
Favorite Genres: Romance
Favorite Authors: Carl Sagan, Colleen Clayton, Greer Noble
Number of Books in Read Shelf: 8
Number of Books in Want to Read Shelf: 15
Number of Books in Currently Reading Shelf: 6
Number of Likes: 2455
id: 1354
Name: Irving Stone
Year of Birth: 1970
Place of Birth: Chile
Member Since: March 9 2009
Genres: Arts Photography, Fiction, History
Books:
id: 303
Title: The Good Luck Charm
Genre: Romance
Author: Helena Hunting
Reviews:
id: 99 Rating: 3 Likes: 8 Date: November 16 2018
id: 142 Rating: 4 Likes: 0 Date: January 20 2019
id: 949 Rating: 1 Likes: 1 Date: May 14 2017
id: 1209 Rating: 1 Likes: 0 Date: August 22 2013
id: 1350 Rating: 5 Likes: 2 Date: September 25 2018
id: 1595 Rating: 1 Likes: 0 Date: July 1 2013
id: 1747 Rating: 1 Likes: 0 Date: November 13 2018
id: 1846 Rating: 4 Likes: 0 Date: July 9 2016
id: 3401 Rating: 3 Likes: 0 Date: January 1 2016
id: 3889 Rating: 5 Likes: 0 Date: October 17 2017
id: 4887 Rating: 5 Likes: 3 Date: May 4 2018
id: 5127 Rating: 5 Likes: 0 Date: November 9 2010
id: 5574 Rating: 3 Likes: 0 Date: October 6 2014
id: 6137 Rating: 3 Likes: 0 Date: June 28 2017
id: 6480 Rating: 1 Likes: 1 Date: May 1 2011
id: 7559 Rating: 0 Likes: 7 Date: August 19 2017
id: 7913 Rating: 3 Likes: 0 Date: July 10 2019
id: 8048 Rating: 2 Likes: 0 Date: December 23 2018
id: 8160 Rating: 1 Likes: 0 Date: February 26 2017
id: 8310 Rating: 2 Likes: 0 Date: November 29 2019
id: 8626 Rating: 5 Likes: 0 Date: June 16 2014
id: 8683 Rating: 4 Likes: 0 Date: June 20 2013
id: 8858 Rating: 0 Likes: 0 Date: December 16 2015
id: 8862 Rating: 4 Likes: 0 Date: August 26 2018
id: 8903 Rating: 5 Likes: 0 Date: July 11 2018
id: 9182 Rating: 2 Likes: 0 Date: October 12 2018
id: 10427 Rating: 2 Likes: 0 Date: July 28 2018
id: 10432 Rating: 3 Likes: 0 Date: January 9 2018
id: 10490 Rating: 4 Likes: 0 Date: October 20 2017
id: 11047 Rating: 2 Likes: 24 Date: October 15 2010
id: 12102 Rating: 2 Likes: 3 Date: April 22 2018
id: 12147 Rating: 4 Likes: 2 Date: December 12 2019
id: 12633 Rating: 3 Likes: 0 Date: March 21 2016
id: 13302 Rating: 4 Likes: 0 Date: April 18 2015
id: 14111 Rating: 3 Likes: 1 Date: September 14 2016
id: 14698 Rating: 2 Likes: 0 Date: October 22 2019
id: 16634 Rating: 2 Likes: 0 Date: October 13 2018
id: 357
Title: Dragon Rider
Genre: Fantasy
Author: Cornelia Funke
Reviews:
id: 237 Rating: 1 Likes: 0 Date: March 19 2019
id: 807 Rating: 0 Likes: 0 Date: August 25 2016
id: 1205 Rating: 5 Likes: 0 Date: March 14 2018
id: 2621 Rating: 4 Likes: 0 Date: July 14 2017
id: 2748 Rating: 0 Likes: 0 Date: March 9 2016
id: 3126 Rating: 1 Likes: 0 Date: September 6 2017
id: 3394 Rating: 2 Likes: 0 Date: February 21 2016
id: 3594 Rating: 5 Likes: 0 Date: July 26 2018
id: 3689 Rating: 2 Likes: 0 Date: September 19 2016
id: 3908 Rating: 4 Likes: 0 Date: August 29 2019
id: 4156 Rating: 2 Likes: 10 Date: November 19 2017
id: 4336 Rating: 0 Likes: 52 Date: March 13 2019
id: 4661 Rating: 3 Likes: 0 Date: May 4 2015
id: 5057 Rating: 4 Likes: 0 Date: August 28 2019
id: 6502 Rating: 4 Likes: 5 Date: August 1 2016
id: 6702 Rating: 1 Likes: 0 Date: January 22 2017
id: 6756 Rating: 5 Likes: 6 Date: January 24 2018
id: 6811 Rating: 2 Likes: 0 Date: September 1 2019
id: 6824 Rating: 4 Likes: 10 Date: July 10 2016
id: 8132 Rating: 4 Likes: 0 Date: August 14 2015
id: 8520 Rating: 0 Likes: 0 Date: October 2 2017
id: 8965 Rating: 3 Likes: 0 Date: May 17 2018
id: 8986 Rating: 1 Likes: 0 Date: November 18 2016
id: 9012 Rating: 3 Likes: 0 Date: May 16 2019
id: 9278 Rating: 2 Likes: 146 Date: February 29 2013
id: 9309 Rating: 4 Likes: 0 Date: January 10 2017
id: 9758 Rating: 4 Likes: 0 Date: April 13 2018
id: 10411 Rating: 5 Likes: 0 Date: January 13 2019
id: 11475 Rating: 3 Likes: 0 Date: November 16 2019
id: 12798 Rating: 4 Likes: 0 Date: February 24 2019
id: 12866 Rating: 5 Likes: 0 Date: May 26 2014
id: 13003 Rating: 2 Likes: 0 Date: September 20 2015
id: 13316 Rating: 4 Likes: 0 Date: August 15 2016
id: 13330 Rating: 0 Likes: 1 Date: June 18 2015
id: 13589 Rating: 2 Likes: 0 Date: November 11 2015
id: 14238 Rating: 4 Likes: 4 Date: January 16 2012
id: 14588 Rating: 0 Likes: 0 Date: July 2 2016
id: 14619 Rating: 0 Likes: 0 Date: December 9 2019
id: 14678 Rating: 3 Likes: 1 Date: January 18 2019
id: 14985 Rating: 0 Likes: 0 Date: October 14 2019
id: 15249 Rating: 3 Likes: 0 Date: December 29 2019
id: 15753 Rating: 0 Likes: 1 Date: April 22 2018
id: 16044 Rating: 1 Likes: 1 Date: March 17 2017
id: 16148 Rating: 4 Likes: 0 Date: July 16 2019
id: 16478 Rating: 5 Likes: 0 Date: February 26 2014
id: 16649 Rating: 2 Likes: 0 Date: October 8 2016
id: 16992 Rating: 5 Likes: 0 Date: August 1 2016
id: 17039 Rating: 4 Likes: 0 Date: March 6 2019
id: 17101 Rating: 5 Likes: 0 Date: January 14 2016
id: 17406 Rating: 5 Likes: 0 Date: March 21 2014
id: 1
Title: Forging Zero
Genre: Science Fiction
Author: Sara  King
Reviews:
id: 416 Rating: 2 Likes: 1 Date: April 4 2014
id: 708 Rating: 4 Likes: 0 Date: October 19 2010
id: 866 Rating: 0 Likes: 0 Date: July 5 2016
id: 889 Rating: 1 Likes: 0 Date: December 21 2017
id: 1572 Rating: 2 Likes: 0 Date: April 18 2015
id: 1766 Rating: 2 Likes: 0 Date: June 8 2013
id: 2152 Rating: 1 Likes: 3 Date: January 2 2019
id: 2948 Rating: 1 Likes: 0 Date: October 14 2017
id: 3017 Rating: 4 Likes: 0 Date: July 25 2018
id: 4267 Rating: 0 Likes: 1 Date: January 14 2015
id: 4640 Rating: 1 Likes: 0 Date: September 9 2016
id: 5212 Rating: 4 Likes: 0 Date: January 12 2010
id: 5554 Rating: 5 Likes: 0 Date: January 27 2015
id: 6186 Rating: 0 Likes: 0 Date: July 14 2018
id: 6356 Rating: 5 Likes: 3 Date: December 13 2015
id: 6574 Rating: 4 Likes: 9 Date: March 15 2018
id: 7151 Rating: 3 Likes: 5 Date: July 18 2014
id: 7884 Rating: 3 Likes: 0 Date: August 29 2013
id: 9223 Rating: 3 Likes: 0 Date: October 20 2011
id: 9810 Rating: 2 Likes: 0 Date: June 5 2016
id: 11056 Rating: 2 Likes: 0 Date: October 16 2012
id: 11581 Rating: 4 Likes: 4 Date: July 24 2015
id: 11997 Rating: 5 Likes: 3 Date: November 19 2015
id: 12488 Rating: 4 Likes: 0 Date: September 17 2019
id: 12559 Rating: 5 Likes: 0 Date: March 5 2010
id: 13030 Rating: 2 Likes: 2 Date: November 23 2017
id: 13083 Rating: 2 Likes: 0 Date: August 8 2019
id: 13266 Rating: 2 Likes: 0 Date: January 7 2015
id: 13897 Rating: 1 Likes: 0 Date: February 28 2014
id: 15083 Rating: 5 Likes: 0 Date: July 24 2018
id: 16304 Rating: 0 Likes: 0 Date: August 10 2018
id: 31
Name: Athena Souri
Place of Birth: Switzerland
Member Since: December 24 2010
Favorite Genres: Romance
Favorite Authors: Carl Sagan, Colleen Clayton, Greer Noble
Number of Books in Read Shelf: 8
Number of Books in Want to Read Shelf: 15
Number of Books in Currently Reading Shelf: 6
Number of Likes: 2455
id: 31
Name: Athena Souri
Place of Birth: Switzerland
Member Since: December 24 2010
Favorite Genres: Romance
Favorite Authors: Carl Sagan, Colleen Clayton, Greer Noble
Number of Books in Read Shelf: 8
Number of Books in Want to Read Shelf: 15
Number of Books in Currently Reading Shelf: 6
Number of Likes: 2455
id: 522
Name: Algernon Blackwood
Year of Birth: 1973
Place of Birth: Netherlands
Member Since: June 22 2012
Genres: Fiction, Horror, Short Stories
Books:
0.004269
id: 392
Title: From the Mixed-Up Files of Mrs. Basil E. Frankweiler
Genre: Fiction
Author: E.L. Konigsburg
Reviews:
id: 356 Rating: 3 Likes: 0 Date: August 24 2018
id: 396 Rating: 2 Likes: 558 Date: January 16 2011
id: 677 Rating: 5 Likes: 3 Date: August 13 2018
id: 914 Rating: 5 Likes: 0 Date: June 3 2019
id: 1654 Rating: 0 Likes: 0 Date: February 6 2019
id: 1665 Rating: 5 Likes: 0 Date: November 21 2017
id: 1866 Rating: 0 Likes: 0 Date: December 27 2018
id: 2173 Rating: 2 Likes: 0 Date: February 17 2012
id: 2285 Rating: 5 Likes: 0 Date: March 28 2013
id: 2901 Rating: 5 Likes: 0 Date: July 20 2017
id: 4481 Rating: 5 Likes: 2 Date: May 21 2016
id: 5827 Rating: 4 Likes: 0 Date: November 25 2019
id: 5975 Rating: 1 Likes: 0 Date: March 28 2018
id: 6899 Rating: 5 Likes: 1 Date: February 27 2018
id: 8914 Rating: 1 Likes: 0 Date: July 12 2013
id: 9248 Rating: 5 Likes: 0 Date: October 4 2018
id: 9999 Rating: 5 Likes: 0 Date: March 18 2015
id: 10317 Rating: 4 Likes: 0 Date: April 18 2014
id: 10521 Rating: 4 Likes: 0 Date: September 13 2019
id: 10822 Rating: 5 Likes: 0 Date: May 11 2016
id: 11689 Rating: 5 Likes: 1 Date: January 27 2017
id: 12274 Rating: 5 Likes: 0 Date: August 25 2015
id: 12379 Rating: 5 Likes: 0 Date: June 23 2015
id: 12431 Rating: 0 Likes: 1 Date: July 25 2019
id: 12626 Rating: 3 Likes: 0 Date: September 18 2019
id: 13444 Rating: 0 Likes: 0 Date: June 26 2013
id: 13813 Rating: 3 Likes: 0 Date: May 27 2018
id: 14083 Rating: 3 Likes: 0 Date: October 26 2014
id: 14142 Rating: 4 Likes: 0 Date: December 27 2014
id: 14199 Rating: 3 Likes: 4 Date: October 12 2015
id: 14427 Rating: 1 Likes: 2 Date: June 15 2018
id: 16431 Rating: 5 Likes: 0 Date: October 28 2014
id: 16509 Rating: 5 Likes: 0 Date: March 17 2016
id: 16740 Rating: 3 Likes: 0 Date: April 26 2016
id: 16829 Rating: 0 Likes: 0 Date: October 15 2017
id: 17340 Rating: 3 Likes: 0 Date: November 13 2017
0.005367
id: 31
Name: Athena Souri
Place of Birth: Switzerland
Member Since: December 24 2010
Favorite Genres: Romance
Favorite Authors: Carl Sagan, Colleen Clayton, Greer Noble
Number of Books in Read Shelf: 8
Number of Books in Want to Read Shelf: 15
Number of Books in Currently Reading Shelf: 6
Number of Likes: 2455
id: 386
Title: Christy
Genre: Fiction
Author: Catherine Marshall
***
id: 161
Title: Deeper
Genre: New Adult
Author: Robin York
***
id: 231
Title: Forbidden Attraction
Genre: Romance
Author: S.R. Watson
***
id: 179
Title: Ghostgirl
Genre: Fantasy
Author: Tonya Hurley
***
id: 15
Title: Into the Wilderness
Genre: Historical
Author: Sara Donati
***
id: 293
Title: It's Kind of a Funny Story
Genre: Young Adult
Author: Ned Vizzini
***
id: 139
Title: Marksman
Genre: Historical
Author: David        Cook
***
id: 151
Title: Mist of Midnight
Genre: Historical
Author: Sandra Byrd
***
id: 335
Title: Painless
Genre: Romance
Author: Devon Hartford
***
id: 0
Title: When We Collided
Genre: Young Adult
Author: Emery Lord
***
