id: 151
Name: Michelle Magorian
Year of Birth: 1999
Place of Birth: Marshall
Member Since: April 4 2011
Genres: Children S Books
Books:
id: 33
Title: The Never List
Genre: Thriller
Author: Koethi Zan
Reviews:
id: 113 Rating: 5 Likes: 491 Date: May 1 2018
id: 1282 Rating: 1 Likes: 0 Date: June 14 2016
id: 1364 Rating: 0 Likes: 5 Date: May 17 2015
id: 1415 Rating: 3 Likes: 0 Date: July 12 2015
id: 1468 Rating: 3 Likes: 0 Date: February 24 2016
id: 1817 Rating: 3 Likes: 0 Date: July 7 2013
id: 1851 Rating: 0 Likes: 0 Date: March 12 2019
id: 2002 Rating: 3 Likes: 0 Date: December 24 2012
id: 2247 Rating: 0 Likes: 1 Date: July 17 2013
id: 2305 Rating: 4 Likes: 0 Date: April 6 2019
id: 2612 Rating: 5 Likes: 0 Date: November 8 2019
id: 4176 Rating: 5 Likes: 1 Date: March 19 2017
id: 4191 Rating: 5 Likes: 13 Date: May 23 2014
id: 4265 Rating: 2 Likes: 1 Date: December 18 2019
id: 4935 Rating: 0 Likes: 7 Date: January 19 2015
id: 5140 Rating: 3 Likes: 0 Date: November 14 2018
id: 5894 Rating: 3 Likes: 0 Date: September 10 2019
id: 6652 Rating: 4 Likes: 0 Date: March 16 2019
id: 6688 Rating: 3 Likes: 0 Date: February 14 2019
id: 6736 Rating: 2 Likes: 5 Date: January 1 2019
id: 7052 Rating: 3 Likes: 5 Date: September 15 2012
id: 7347 Rating: 1 Likes: 10 Date: August 1 2017
id: 7724 Rating: 3 Likes: 0 Date: August 16 2015
id: 8358 Rating: 5 Likes: 1 Date: September 18 2017
id: 9871 Rating: 3 Likes: 0 Date: March 21 2018
id: 9884 Rating: 1 Likes: 3 Date: July 15 2013
id: 9889 Rating: 5 Likes: 0 Date: January 18 2014
id: 10064 Rating: 3 Likes: 0 Date: February 11 2018
id: 11120 Rating: 4 Likes: 3 Date: August 16 2019
id: 11123 Rating: 3 Likes: 0 Date: March 10 2018
id: 11203 Rating: 0 Likes: 24 Date: March 7 2019
id: 11472 Rating: 3 Likes: 9 Date: October 7 2019
id: 11742 Rating: 4 Likes: 0 Date: February 14 2014
id: 13915 Rating: 1 Likes: 0 Date: August 6 2018
id: 14528 Rating: 5 Likes: 0 Date: January 18 2016
id: 15051 Rating: 3 Likes: 0 Date: July 25 2013
id: 15137 Rating: 1 Likes: 0 Date: October 19 2014
id: 15519 Rating: 5 Likes: 0 Date: May 5 2016
id: 15697 Rating: 1 Likes: 5 Date: February 8 2016
id: 16549 Rating: 1 Likes: 0 Date: November 16 2010
id: 17275 Rating: 4 Likes: 0 Date: November 3 2019
id: 31
Name: Athena Souri
Place of Birth: Switzerland
Member Since: December 24 2010
Favorite Genres: Romance
Favorite Authors: Carl Sagan, Colleen Clayton, Greer Noble
Number of Books in Read Shelf: 8
Number of Books in Want to Read Shelf: 15
Number of Books in Currently Reading Shelf: 6
Number of Likes: 2455
id: 405
Title: Ellen Foster
Genre: Fiction
Author: Kaye Gibbons
Average Rating: 3.42
id: 177
Title: Disasterology 101
Genre: Romance
Author: Taylor V. Donovan
Reviews:
id: 973 Rating: 1 Likes: 0 Date: September 10 2019
id: 1143 Rating: 2 Likes: 2 Date: March 27 2015
id: 1343 Rating: 0 Likes: 0 Date: July 6 2013
id: 1444 Rating: 2 Likes: 0 Date: February 6 2016
id: 1753 Rating: 3 Likes: 0 Date: June 2 2016
id: 2235 Rating: 5 Likes: 1 Date: November 27 2015
id: 2375 Rating: 2 Likes: 0 Date: May 1 2019
id: 3060 Rating: 5 Likes: 0 Date: September 3 2018
id: 3925 Rating: 5 Likes: 0 Date: June 15 2012
id: 4134 Rating: 5 Likes: 0 Date: August 17 2017
id: 5279 Rating: 5 Likes: 0 Date: January 14 2016
id: 5280 Rating: 2 Likes: 0 Date: May 10 2016
id: 6593 Rating: 3 Likes: 9 Date: February 13 2017
id: 6981 Rating: 2 Likes: 2 Date: June 29 2017
id: 8636 Rating: 4 Likes: 0 Date: February 13 2019
id: 8688 Rating: 1 Likes: 0 Date: May 10 2012
id: 9550 Rating: 3 Likes: 0 Date: October 1 2018
id: 10543 Rating: 0 Likes: 0 Date: August 3 2010
id: 10658 Rating: 4 Likes: 5 Date: February 7 2015
id: 10661 Rating: 1 Likes: 5 Date: November 7 2019
id: 10964 Rating: 2 Likes: 90 Date: March 23 2016
id: 11483 Rating: 1 Likes: 11 Date: January 5 2019
id: 11667 Rating: 4 Likes: 0 Date: May 17 2019
id: 12054 Rating: 3 Likes: 3 Date: February 29 2011
id: 13276 Rating: 3 Likes: 0 Date: December 17 2017
id: 15316 Rating: 4 Likes: 0 Date: August 23 2015
id: 15368 Rating: 3 Likes: 0 Date: June 4 2019
id: 15515 Rating: 4 Likes: 0 Date: February 14 2019
id: 16433 Rating: 0 Likes: 0 Date: October 28 2018
id: 16793 Rating: 5 Likes: 0 Date: January 24 2015
id: 16830 Rating: 3 Likes: 0 Date: February 13 2017
id: 1
Title: Forging Zero
Genre: Science Fiction
Author: Sara  King
Reviews:
id: 416 Rating: 2 Likes: 1 Date: April 4 2014
id: 708 Rating: 4 Likes: 0 Date: October 19 2010
id: 866 Rating: 0 Likes: 0 Date: July 5 2016
id: 889 Rating: 1 Likes: 0 Date: December 21 2017
id: 1572 Rating: 2 Likes: 0 Date: April 18 2015
id: 1766 Rating: 2 Likes: 0 Date: June 8 2013
id: 2152 Rating: 1 Likes: 3 Date: January 2 2019
id: 2948 Rating: 1 Likes: 0 Date: October 14 2017
id: 3017 Rating: 4 Likes: 0 Date: July 25 2018
id: 4267 Rating: 0 Likes: 1 Date: January 14 2015
id: 4640 Rating: 1 Likes: 0 Date: September 9 2016
id: 5212 Rating: 4 Likes: 0 Date: January 12 2010
id: 5554 Rating: 5 Likes: 0 Date: January 27 2015
id: 6186 Rating: 0 Likes: 0 Date: July 14 2018
id: 6356 Rating: 5 Likes: 3 Date: December 13 2015
id: 6574 Rating: 4 Likes: 9 Date: March 15 2018
id: 7151 Rating: 3 Likes: 5 Date: July 18 2014
id: 7884 Rating: 3 Likes: 0 Date: August 29 2013
id: 9223 Rating: 3 Likes: 0 Date: October 20 2011
id: 9810 Rating: 2 Likes: 0 Date: June 5 2016
id: 11056 Rating: 2 Likes: 0 Date: October 16 2012
id: 11581 Rating: 4 Likes: 4 Date: July 24 2015
id: 11997 Rating: 5 Likes: 3 Date: November 19 2015
id: 12488 Rating: 4 Likes: 0 Date: September 17 2019
id: 12559 Rating: 5 Likes: 0 Date: March 5 2010
id: 13030 Rating: 2 Likes: 2 Date: November 23 2017
id: 13083 Rating: 2 Likes: 0 Date: August 8 2019
id: 13266 Rating: 2 Likes: 0 Date: January 7 2015
id: 13897 Rating: 1 Likes: 0 Date: February 28 2014
id: 15083 Rating: 5 Likes: 0 Date: July 24 2018
id: 16304 Rating: 0 Likes: 0 Date: August 10 2018
id: 31
Name: Athena Souri
Place of Birth: Switzerland
Member Since: December 24 2010
Favorite Genres: Romance
Favorite Authors: Carl Sagan, Colleen Clayton, Greer Noble
Number of Books in Read Shelf: 8
Number of Books in Want to Read Shelf: 15
Number of Books in Currently Reading Shelf: 6
Number of Likes: 2455
id: 211
Title: The Fall of Five
Genre: Young Adult
Author: Pittacus Lore
Reviews:
id: 76 Rating: 5 Likes: 0 Date: August 19 2016
id: 490 Rating: 4 Likes: 0 Date: January 26 2018
id: 1006 Rating: 1 Likes: 3 Date: January 25 2017
id: 1861 Rating: 4 Likes: 0 Date: February 9 2018
id: 2686 Rating: 0 Likes: 0 Date: September 11 2016
id: 2727 Rating: 5 Likes: 0 Date: November 26 2015
id: 3688 Rating: 2 Likes: 0 Date: September 9 2017
id: 3734 Rating: 1 Likes: 0 Date: April 15 2012
id: 4304 Rating: 3 Likes: 26 Date: September 21 2011
id: 4478 Rating: 4 Likes: 1 Date: March 27 2019
id: 4593 Rating: 5 Likes: 0 Date: January 16 2015
id: 4677 Rating: 4 Likes: 1 Date: September 1 2016
id: 4857 Rating: 5 Likes: 4 Date: September 19 2017
id: 5397 Rating: 5 Likes: 0 Date: October 10 2018
id: 6087 Rating: 1 Likes: 0 Date: June 9 2011
id: 6101 Rating: 4 Likes: 0 Date: March 9 2019
id: 7230 Rating: 1 Likes: 10 Date: December 29 2017
id: 7660 Rating: 5 Likes: 3 Date: April 24 2018
id: 8166 Rating: 5 Likes: 0 Date: January 6 2015
id: 8699 Rating: 1 Likes: 0 Date: July 25 2019
id: 9124 Rating: 0 Likes: 0 Date: February 9 2016
id: 9144 Rating: 3 Likes: 0 Date: December 15 2017
id: 9730 Rating: 1 Likes: 0 Date: June 9 2011
id: 9892 Rating: 2 Likes: 0 Date: May 27 2017
id: 10053 Rating: 5 Likes: 0 Date: October 12 2018
id: 10413 Rating: 5 Likes: 0 Date: December 14 2018
id: 10697 Rating: 0 Likes: 22 Date: April 26 2017
id: 10906 Rating: 0 Likes: 0 Date: October 8 2014
id: 10993 Rating: 1 Likes: 0 Date: October 20 2018
id: 11111 Rating: 2 Likes: 3 Date: February 28 2016
id: 11330 Rating: 0 Likes: 26 Date: September 29 2014
id: 11761 Rating: 5 Likes: 0 Date: April 24 2015
id: 11958 Rating: 3 Likes: 0 Date: October 23 2014
id: 12401 Rating: 1 Likes: 0 Date: August 13 2015
id: 12622 Rating: 0 Likes: 0 Date: November 12 2019
id: 13928 Rating: 2 Likes: 0 Date: November 29 2019
id: 14234 Rating: 2 Likes: 2 Date: March 15 2019
id: 14242 Rating: 1 Likes: 1 Date: April 4 2019
id: 14568 Rating: 0 Likes: 0 Date: February 27 2018
id: 16016 Rating: 3 Likes: 0 Date: December 20 2015
id: 16289 Rating: 4 Likes: 0 Date: August 14 2015
id: 16570 Rating: 4 Likes: 0 Date: October 13 2018
id: 16628 Rating: 1 Likes: 0 Date: January 10 2016
id: 16765 Rating: 4 Likes: 0 Date: October 27 2018
id: 236
Title: Slow Burn
Genre: Romance
Author: Sam B. Morgan
Reviews:
id: 22 Rating: 0 Likes: 38 Date: February 27 2016
id: 709 Rating: 4 Likes: 2 Date: September 27 2013
id: 816 Rating: 2 Likes: 0 Date: November 29 2019
id: 1315 Rating: 5 Likes: 0 Date: October 16 2015
id: 1626 Rating: 2 Likes: 0 Date: March 28 2019
id: 1698 Rating: 3 Likes: 0 Date: July 2 2016
id: 2240 Rating: 2 Likes: 0 Date: March 4 2013
id: 2338 Rating: 3 Likes: 0 Date: March 29 2019
id: 2651 Rating: 2 Likes: 0 Date: November 25 2018
id: 2702 Rating: 5 Likes: 0 Date: October 5 2018
id: 2861 Rating: 3 Likes: 0 Date: April 11 2014
id: 4305 Rating: 5 Likes: 20 Date: May 8 2015
id: 4625 Rating: 0 Likes: 1 Date: March 8 2011
id: 5276 Rating: 5 Likes: 0 Date: September 4 2019
id: 6661 Rating: 4 Likes: 2 Date: January 11 2019
id: 6698 Rating: 3 Likes: 2 Date: December 29 2010
id: 6754 Rating: 5 Likes: 5 Date: July 23 2014
id: 7207 Rating: 4 Likes: 13 Date: June 27 2018
id: 7241 Rating: 3 Likes: 12 Date: October 20 2011
id: 7335 Rating: 1 Likes: 1 Date: April 15 2012
id: 7395 Rating: 2 Likes: 0 Date: September 9 2019
id: 7785 Rating: 2 Likes: 0 Date: January 27 2019
id: 7998 Rating: 4 Likes: 0 Date: March 19 2016
id: 8669 Rating: 3 Likes: 0 Date: May 2 2014
id: 9719 Rating: 0 Likes: 0 Date: November 24 2019
id: 9874 Rating: 2 Likes: 0 Date: August 25 2014
id: 10004 Rating: 4 Likes: 0 Date: March 25 2019
id: 10171 Rating: 4 Likes: 2 Date: February 14 2019
id: 10644 Rating: 2 Likes: 0 Date: June 25 2019
id: 10714 Rating: 4 Likes: 20 Date: June 6 2019
id: 10841 Rating: 3 Likes: 0 Date: April 27 2017
id: 10909 Rating: 5 Likes: 0 Date: April 9 2013
id: 11757 Rating: 0 Likes: 0 Date: March 27 2018
id: 12179 Rating: 5 Likes: 0 Date: September 5 2015
id: 13019 Rating: 5 Likes: 1 Date: May 21 2012
id: 13321 Rating: 4 Likes: 0 Date: May 18 2016
id: 14914 Rating: 1 Likes: 0 Date: November 17 2018
id: 16115 Rating: 5 Likes: 0 Date: April 7 2016
0.005955
id: 211
Title: The Fall of Five
Genre: Young Adult
Author: Pittacus Lore
Reviews:
id: 76 Rating: 5 Likes: 0 Date: August 19 2016
id: 490 Rating: 4 Likes: 0 Date: January 26 2018
id: 1006 Rating: 1 Likes: 3 Date: January 25 2017
id: 1861 Rating: 4 Likes: 0 Date: February 9 2018
id: 2686 Rating: 0 Likes: 0 Date: September 11 2016
id: 2727 Rating: 5 Likes: 0 Date: November 26 2015
id: 3688 Rating: 2 Likes: 0 Date: September 9 2017
id: 3734 Rating: 1 Likes: 0 Date: April 15 2012
id: 4304 Rating: 3 Likes: 26 Date: September 21 2011
id: 4478 Rating: 4 Likes: 1 Date: March 27 2019
id: 4593 Rating: 5 Likes: 0 Date: January 16 2015
id: 4677 Rating: 4 Likes: 1 Date: September 1 2016
id: 4857 Rating: 5 Likes: 4 Date: September 19 2017
id: 5397 Rating: 5 Likes: 0 Date: October 10 2018
id: 6087 Rating: 1 Likes: 0 Date: June 9 2011
id: 6101 Rating: 4 Likes: 0 Date: March 9 2019
id: 7230 Rating: 1 Likes: 10 Date: December 29 2017
id: 7660 Rating: 5 Likes: 3 Date: April 24 2018
id: 8166 Rating: 5 Likes: 0 Date: January 6 2015
id: 8699 Rating: 1 Likes: 0 Date: July 25 2019
id: 9124 Rating: 0 Likes: 0 Date: February 9 2016
id: 9144 Rating: 3 Likes: 0 Date: December 15 2017
id: 9730 Rating: 1 Likes: 0 Date: June 9 2011
id: 9892 Rating: 2 Likes: 0 Date: May 27 2017
id: 10053 Rating: 5 Likes: 0 Date: October 12 2018
id: 10413 Rating: 5 Likes: 0 Date: December 14 2018
id: 10697 Rating: 0 Likes: 22 Date: April 26 2017
id: 10906 Rating: 0 Likes: 0 Date: October 8 2014
id: 10993 Rating: 1 Likes: 0 Date: October 20 2018
id: 11111 Rating: 2 Likes: 3 Date: February 28 2016
id: 11330 Rating: 0 Likes: 26 Date: September 29 2014
id: 11761 Rating: 5 Likes: 0 Date: April 24 2015
id: 11958 Rating: 3 Likes: 0 Date: October 23 2014
id: 12401 Rating: 1 Likes: 0 Date: August 13 2015
id: 12622 Rating: 0 Likes: 0 Date: November 12 2019
id: 13928 Rating: 2 Likes: 0 Date: November 29 2019
id: 14234 Rating: 2 Likes: 2 Date: March 15 2019
id: 14242 Rating: 1 Likes: 1 Date: April 4 2019
id: 14568 Rating: 0 Likes: 0 Date: February 27 2018
id: 16016 Rating: 3 Likes: 0 Date: December 20 2015
id: 16289 Rating: 4 Likes: 0 Date: August 14 2015
id: 16570 Rating: 4 Likes: 0 Date: October 13 2018
id: 16628 Rating: 1 Likes: 0 Date: January 10 2016
id: 16765 Rating: 4 Likes: 0 Date: October 27 2018
id: 1371
Name: Ilona Andrews
Year of Birth: 1955
Place of Birth: America
Member Since: March 28 2019
Genres: Science Fiction
Books:
id: 403 Title: Magic Triumphs
id: 31
Name: Athena Souri
Place of Birth: Switzerland
Member Since: December 24 2010
Favorite Genres: Romance
Favorite Authors: Carl Sagan, Colleen Clayton, Greer Noble
Number of Books in Read Shelf: 8
Number of Books in Want to Read Shelf: 15
Number of Books in Currently Reading Shelf: 6
Number of Likes: 2455
id: 352
Name: Alex Duval
Year of Birth: 1978
Place of Birth: Macedonia
Member Since: November 10 2007
Genres: Science Fiction, Young Adult
Books:
id: 211
Title: The Fall of Five
Genre: Young Adult
Author: Pittacus Lore
Reviews:
id: 76 Rating: 5 Likes: 0 Date: August 19 2016
id: 490 Rating: 4 Likes: 0 Date: January 26 2018
id: 1006 Rating: 1 Likes: 3 Date: January 25 2017
id: 1861 Rating: 4 Likes: 0 Date: February 9 2018
id: 2686 Rating: 0 Likes: 0 Date: September 11 2016
id: 2727 Rating: 5 Likes: 0 Date: November 26 2015
id: 3688 Rating: 2 Likes: 0 Date: September 9 2017
id: 3734 Rating: 1 Likes: 0 Date: April 15 2012
id: 4304 Rating: 3 Likes: 26 Date: September 21 2011
id: 4478 Rating: 4 Likes: 1 Date: March 27 2019
id: 4593 Rating: 5 Likes: 0 Date: January 16 2015
id: 4677 Rating: 4 Likes: 1 Date: September 1 2016
id: 4857 Rating: 5 Likes: 4 Date: September 19 2017
id: 5397 Rating: 5 Likes: 0 Date: October 10 2018
id: 6087 Rating: 1 Likes: 0 Date: June 9 2011
id: 6101 Rating: 4 Likes: 0 Date: March 9 2019
id: 7230 Rating: 1 Likes: 10 Date: December 29 2017
id: 7660 Rating: 5 Likes: 3 Date: April 24 2018
id: 8166 Rating: 5 Likes: 0 Date: January 6 2015
id: 8699 Rating: 1 Likes: 0 Date: July 25 2019
id: 9124 Rating: 0 Likes: 0 Date: February 9 2016
id: 9144 Rating: 3 Likes: 0 Date: December 15 2017
id: 9730 Rating: 1 Likes: 0 Date: June 9 2011
id: 9892 Rating: 2 Likes: 0 Date: May 27 2017
id: 10053 Rating: 5 Likes: 0 Date: October 12 2018
id: 10413 Rating: 5 Likes: 0 Date: December 14 2018
id: 10697 Rating: 0 Likes: 22 Date: April 26 2017
id: 10906 Rating: 0 Likes: 0 Date: October 8 2014
id: 10993 Rating: 1 Likes: 0 Date: October 20 2018
id: 11111 Rating: 2 Likes: 3 Date: February 28 2016
id: 11330 Rating: 0 Likes: 26 Date: September 29 2014
id: 11761 Rating: 5 Likes: 0 Date: April 24 2015
id: 11958 Rating: 3 Likes: 0 Date: October 23 2014
id: 12401 Rating: 1 Likes: 0 Date: August 13 2015
id: 12622 Rating: 0 Likes: 0 Date: November 12 2019
id: 13928 Rating: 2 Likes: 0 Date: November 29 2019
id: 14234 Rating: 2 Likes: 2 Date: March 15 2019
id: 14242 Rating: 1 Likes: 1 Date: April 4 2019
id: 14568 Rating: 0 Likes: 0 Date: February 27 2018
id: 16016 Rating: 3 Likes: 0 Date: December 20 2015
id: 16289 Rating: 4 Likes: 0 Date: August 14 2015
id: 16570 Rating: 4 Likes: 0 Date: October 13 2018
id: 16628 Rating: 1 Likes: 0 Date: January 10 2016
id: 16765 Rating: 4 Likes: 0 Date: October 27 2018
id: 177
Title: Disasterology 101
Genre: Romance
Author: Taylor V. Donovan
Reviews:
id: 973 Rating: 1 Likes: 0 Date: September 10 2019
id: 1143 Rating: 2 Likes: 2 Date: March 27 2015
id: 1343 Rating: 0 Likes: 0 Date: July 6 2013
id: 1444 Rating: 2 Likes: 0 Date: February 6 2016
id: 1753 Rating: 3 Likes: 0 Date: June 2 2016
id: 2235 Rating: 5 Likes: 1 Date: November 27 2015
id: 2375 Rating: 2 Likes: 0 Date: May 1 2019
id: 3060 Rating: 5 Likes: 0 Date: September 3 2018
id: 3925 Rating: 5 Likes: 0 Date: June 15 2012
id: 4134 Rating: 5 Likes: 0 Date: August 17 2017
id: 5279 Rating: 5 Likes: 0 Date: January 14 2016
id: 5280 Rating: 2 Likes: 0 Date: May 10 2016
id: 6593 Rating: 3 Likes: 9 Date: February 13 2017
id: 6981 Rating: 2 Likes: 2 Date: June 29 2017
id: 8636 Rating: 4 Likes: 0 Date: February 13 2019
id: 8688 Rating: 1 Likes: 0 Date: May 10 2012
id: 9550 Rating: 3 Likes: 0 Date: October 1 2018
id: 10543 Rating: 0 Likes: 0 Date: August 3 2010
id: 10658 Rating: 4 Likes: 5 Date: February 7 2015
id: 10661 Rating: 1 Likes: 5 Date: November 7 2019
id: 10964 Rating: 2 Likes: 90 Date: March 23 2016
id: 11483 Rating: 1 Likes: 11 Date: January 5 2019
id: 11667 Rating: 4 Likes: 0 Date: May 17 2019
id: 12054 Rating: 3 Likes: 3 Date: February 29 2011
id: 13276 Rating: 3 Likes: 0 Date: December 17 2017
id: 15316 Rating: 4 Likes: 0 Date: August 23 2015
id: 15368 Rating: 3 Likes: 0 Date: June 4 2019
id: 15515 Rating: 4 Likes: 0 Date: February 14 2019
id: 16433 Rating: 0 Likes: 0 Date: October 28 2018
id: 16793 Rating: 5 Likes: 0 Date: January 24 2015
id: 16830 Rating: 3 Likes: 0 Date: February 13 2017
id: 249
Title: All the King's Men
Genre: Fiction
Author: Robert Penn Warren
***
id: 148
Title: Enchanted Inc.
Genre: Fantasy
Author: Shanna Swendson
***
id: 35
Title: No Strings Attached
Genre: Romance
Author: Nicolette Day
***
id: 109
Title: Swamplandia!
Genre: Fiction
Author: Karen Russell
***
id: 300
Title: The Gray Wolf Throne
Genre: Fantasy
Author: Cinda Williams Chima
***
id: 180
Title: The V Girl
Genre: Romance
Author: Mya Robarts
***
id: 31
Name: Athena Souri
Place of Birth: Switzerland
Member Since: December 24 2010
Favorite Genres: Romance
Favorite Authors: Carl Sagan, Colleen Clayton, Greer Noble
Number of Books in Read Shelf: 8
Number of Books in Want to Read Shelf: 15
Number of Books in Currently Reading Shelf: 6
Number of Likes: 2455
id: 405
Title: Ellen Foster
Genre: Fiction
Author: Kaye Gibbons
Average Rating: 3.42
0.014112
id: 303
Title: The Good Luck Charm
Genre: Romance
Author: Helena Hunting
Reviews:
id: 99 Rating: 3 Likes: 8 Date: November 16 2018
id: 142 Rating: 4 Likes: 0 Date: January 20 2019
id: 949 Rating: 1 Likes: 1 Date: May 14 2017
id: 1209 Rating: 1 Likes: 0 Date: August 22 2013
id: 1350 Rating: 5 Likes: 2 Date: September 25 2018
id: 1595 Rating: 1 Likes: 0 Date: July 1 2013
id: 1747 Rating: 1 Likes: 0 Date: November 13 2018
id: 1846 Rating: 4 Likes: 0 Date: July 9 2016
id: 3401 Rating: 3 Likes: 0 Date: January 1 2016
id: 3889 Rating: 5 Likes: 0 Date: October 17 2017
id: 4887 Rating: 5 Likes: 3 Date: May 4 2018
id: 5127 Rating: 5 Likes: 0 Date: November 9 2010
id: 5574 Rating: 3 Likes: 0 Date: October 6 2014
id: 6137 Rating: 3 Likes: 0 Date: June 28 2017
id: 6480 Rating: 1 Likes: 1 Date: May 1 2011
id: 7559 Rating: 0 Likes: 7 Date: August 19 2017
id: 7913 Rating: 3 Likes: 0 Date: July 10 2019
id: 8048 Rating: 2 Likes: 0 Date: December 23 2018
id: 8160 Rating: 1 Likes: 0 Date: February 26 2017
id: 8310 Rating: 2 Likes: 0 Date: November 29 2019
id: 8626 Rating: 5 Likes: 0 Date: June 16 2014
id: 8683 Rating: 4 Likes: 0 Date: June 20 2013
id: 8858 Rating: 0 Likes: 0 Date: December 16 2015
id: 8862 Rating: 4 Likes: 0 Date: August 26 2018
id: 8903 Rating: 5 Likes: 0 Date: July 11 2018
id: 9182 Rating: 2 Likes: 0 Date: October 12 2018
id: 10427 Rating: 2 Likes: 0 Date: July 28 2018
id: 10432 Rating: 3 Likes: 0 Date: January 9 2018
id: 10490 Rating: 4 Likes: 0 Date: October 20 2017
id: 11047 Rating: 2 Likes: 24 Date: October 15 2010
id: 12102 Rating: 2 Likes: 3 Date: April 22 2018
id: 12147 Rating: 4 Likes: 2 Date: December 12 2019
id: 12633 Rating: 3 Likes: 0 Date: March 21 2016
id: 13302 Rating: 4 Likes: 0 Date: April 18 2015
id: 14111 Rating: 3 Likes: 1 Date: September 14 2016
id: 14698 Rating: 2 Likes: 0 Date: October 22 2019
id: 16634 Rating: 2 Likes: 0 Date: October 13 2018
0.009398
id: 303
Title: The Good Luck Charm
Genre: Romance
Author: Helena Hunting
Reviews:
id: 99 Rating: 3 Likes: 8 Date: November 16 2018
id: 142 Rating: 4 Likes: 0 Date: January 20 2019
id: 949 Rating: 1 Likes: 1 Date: May 14 2017
id: 1209 Rating: 1 Likes: 0 Date: August 22 2013
id: 1350 Rating: 5 Likes: 2 Date: September 25 2018
id: 1595 Rating: 1 Likes: 0 Date: July 1 2013
id: 1747 Rating: 1 Likes: 0 Date: November 13 2018
id: 1846 Rating: 4 Likes: 0 Date: July 9 2016
id: 3401 Rating: 3 Likes: 0 Date: January 1 2016
id: 3889 Rating: 5 Likes: 0 Date: October 17 2017
id: 4887 Rating: 5 Likes: 3 Date: May 4 2018
id: 5127 Rating: 5 Likes: 0 Date: November 9 2010
id: 5574 Rating: 3 Likes: 0 Date: October 6 2014
id: 6137 Rating: 3 Likes: 0 Date: June 28 2017
id: 6480 Rating: 1 Likes: 1 Date: May 1 2011
id: 7559 Rating: 0 Likes: 7 Date: August 19 2017
id: 7913 Rating: 3 Likes: 0 Date: July 10 2019
id: 8048 Rating: 2 Likes: 0 Date: December 23 2018
id: 8160 Rating: 1 Likes: 0 Date: February 26 2017
id: 8310 Rating: 2 Likes: 0 Date: November 29 2019
id: 8626 Rating: 5 Likes: 0 Date: June 16 2014
id: 8683 Rating: 4 Likes: 0 Date: June 20 2013
id: 8858 Rating: 0 Likes: 0 Date: December 16 2015
id: 8862 Rating: 4 Likes: 0 Date: August 26 2018
id: 8903 Rating: 5 Likes: 0 Date: July 11 2018
id: 9182 Rating: 2 Likes: 0 Date: October 12 2018
id: 10427 Rating: 2 Likes: 0 Date: July 28 2018
id: 10432 Rating: 3 Likes: 0 Date: January 9 2018
id: 10490 Rating: 4 Likes: 0 Date: October 20 2017
id: 11047 Rating: 2 Likes: 24 Date: October 15 2010
id: 12102 Rating: 2 Likes: 3 Date: April 22 2018
id: 12147 Rating: 4 Likes: 2 Date: December 12 2019
id: 12633 Rating: 3 Likes: 0 Date: March 21 2016
id: 13302 Rating: 4 Likes: 0 Date: April 18 2015
id: 14111 Rating: 3 Likes: 1 Date: September 14 2016
id: 14698 Rating: 2 Likes: 0 Date: October 22 2019
id: 16634 Rating: 2 Likes: 0 Date: October 13 2018
id: 245
Title: Getting Lost with Boys
Genre: Young Adult
Author: Hailey Abbott
***
id: 79
Title: Into the Darkest Corner
Genre: Thriller
Author: Elizabeth Haynes
***
id: 48
Title: Italian Affair
Genre: Romance
Author: Annie Seaton
***
id: 266
Title: Madhur Jaffrey's World Vegetarian: More Than 650 Meatless Recipes from Around the World
Genre: Food and Drink
Author: Madhur Jaffrey
***
id: 167
Title: Shaedes of Gray
Genre: Fantasy
Author: Amanda Bonilla
***
id: 380
Title: Starlet's Web
Genre: Young Adult
Author: Carla J. Hanna
***
id: 1151
Name: Thomas J. Stanley
Year of Birth: 1988
Place of Birth: Maldives
Member Since: July 16 2019
Genres: Business, Fiction
Books:
id: 405
Title: Ellen Foster
Genre: Fiction
Author: Kaye Gibbons
Average Rating: 3.42
id: 303
Title: The Good Luck Charm
Genre: Romance
Author: Helena Hunting
Reviews:
id: 99 Rating: 3 Likes: 8 Date: November 16 2018
id: 142 Rating: 4 Likes: 0 Date: January 20 2019
id: 949 Rating: 1 Likes: 1 Date: May 14 2017
id: 1209 Rating: 1 Likes: 0 Date: August 22 2013
id: 1350 Rating: 5 Likes: 2 Date: September 25 2018
id: 1595 Rating: 1 Likes: 0 Date: July 1 2013
id: 1747 Rating: 1 Likes: 0 Date: November 13 2018
id: 1846 Rating: 4 Likes: 0 Date: July 9 2016
id: 3401 Rating: 3 Likes: 0 Date: January 1 2016
id: 3889 Rating: 5 Likes: 0 Date: October 17 2017
id: 4887 Rating: 5 Likes: 3 Date: May 4 2018
id: 5127 Rating: 5 Likes: 0 Date: November 9 2010
id: 5574 Rating: 3 Likes: 0 Date: October 6 2014
id: 6137 Rating: 3 Likes: 0 Date: June 28 2017
id: 6480 Rating: 1 Likes: 1 Date: May 1 2011
id: 7559 Rating: 0 Likes: 7 Date: August 19 2017
id: 7913 Rating: 3 Likes: 0 Date: July 10 2019
id: 8048 Rating: 2 Likes: 0 Date: December 23 2018
id: 8160 Rating: 1 Likes: 0 Date: February 26 2017
id: 8310 Rating: 2 Likes: 0 Date: November 29 2019
id: 8626 Rating: 5 Likes: 0 Date: June 16 2014
id: 8683 Rating: 4 Likes: 0 Date: June 20 2013
id: 8858 Rating: 0 Likes: 0 Date: December 16 2015
id: 8862 Rating: 4 Likes: 0 Date: August 26 2018
id: 8903 Rating: 5 Likes: 0 Date: July 11 2018
id: 9182 Rating: 2 Likes: 0 Date: October 12 2018
id: 10427 Rating: 2 Likes: 0 Date: July 28 2018
id: 10432 Rating: 3 Likes: 0 Date: January 9 2018
id: 10490 Rating: 4 Likes: 0 Date: October 20 2017
id: 11047 Rating: 2 Likes: 24 Date: October 15 2010
id: 12102 Rating: 2 Likes: 3 Date: April 22 2018
id: 12147 Rating: 4 Likes: 2 Date: December 12 2019
id: 12633 Rating: 3 Likes: 0 Date: March 21 2016
id: 13302 Rating: 4 Likes: 0 Date: April 18 2015
id: 14111 Rating: 3 Likes: 1 Date: September 14 2016
id: 14698 Rating: 2 Likes: 0 Date: October 22 2019
id: 16634 Rating: 2 Likes: 0 Date: October 13 2018
id: 297
Title: Dirty Rich Obsession
Genre: Romance
Author: Lisa Renee Jones
***
id: 218
Title: The One
Genre: Young Adult
Author: Kiera Cass
***
id: 181
Title: Tiger's Voyage
Genre: Fantasy
Author: Colleen Houck
***
id: 367
Name: John Layman
Year of Birth: 1980
Place of Birth: Georgia
Member Since: May 20 2015
Genres: Comics Graphic Novels
Books:
0.007248
id: 41
Title: If You Find Me
Genre: Young Adult
Author: Emily Murdoch
Reviews:
id: 561 Rating: 2 Likes: 0 Date: September 24 2015
id: 1744 Rating: 2 Likes: 0 Date: August 22 2013
id: 2137 Rating: 3 Likes: 0 Date: July 29 2019
id: 2170 Rating: 0 Likes: 2 Date: August 18 2013
id: 2179 Rating: 2 Likes: 0 Date: December 3 2019
id: 2650 Rating: 5 Likes: 0 Date: May 1 2015
id: 2770 Rating: 2 Likes: 0 Date: April 22 2019
id: 2950 Rating: 2 Likes: 0 Date: August 23 2018
id: 3308 Rating: 4 Likes: 0 Date: June 29 2018
id: 3795 Rating: 0 Likes: 0 Date: July 14 2013
id: 3960 Rating: 2 Likes: 0 Date: May 26 2016
id: 4745 Rating: 5 Likes: 0 Date: May 6 2015
id: 4778 Rating: 1 Likes: 0 Date: December 6 2019
id: 4846 Rating: 4 Likes: 0 Date: November 27 2017
id: 5011 Rating: 4 Likes: 0 Date: April 4 2017
id: 5460 Rating: 5 Likes: 0 Date: November 2 2017
id: 5880 Rating: 4 Likes: 0 Date: May 1 2018
id: 6912 Rating: 3 Likes: 0 Date: February 7 2019
id: 7550 Rating: 2 Likes: 1 Date: July 10 2013
id: 7818 Rating: 3 Likes: 0 Date: July 23 2016
id: 7840 Rating: 5 Likes: 0 Date: February 21 2018
id: 7843 Rating: 5 Likes: 0 Date: March 10 2015
id: 7893 Rating: 2 Likes: 0 Date: October 13 2018
id: 8388 Rating: 1 Likes: 0 Date: April 19 2011
id: 8543 Rating: 1 Likes: 0 Date: March 16 2019
id: 8961 Rating: 2 Likes: 0 Date: December 5 2016
id: 9559 Rating: 5 Likes: 0 Date: May 21 2019
id: 9653 Rating: 2 Likes: 0 Date: November 10 2014
id: 9903 Rating: 1 Likes: 0 Date: March 26 2015
id: 11654 Rating: 3 Likes: 1 Date: December 17 2013
id: 12221 Rating: 0 Likes: 0 Date: August 16 2018
id: 12674 Rating: 2 Likes: 0 Date: October 19 2019
id: 13086 Rating: 0 Likes: 0 Date: June 1 2019
id: 13204 Rating: 2 Likes: 0 Date: April 1 2013
id: 13301 Rating: 1 Likes: 0 Date: August 26 2018
id: 13724 Rating: 4 Likes: 0 Date: July 19 2017
id: 14310 Rating: 5 Likes: 0 Date: November 3 2012
id: 14798 Rating: 5 Likes: 0 Date: September 2 2019
id: 14855 Rating: 1 Likes: 0 Date: April 11 2016
id: 15094 Rating: 2 Likes: 0 Date: October 14 2019
id: 15656 Rating: 3 Likes: 0 Date: July 12 2019
id: 15954 Rating: 1 Likes: 0 Date: May 28 2019
id: 16170 Rating: 5 Likes: 0 Date: December 2 2010
id: 16470 Rating: 4 Likes: 0 Date: November 26 2010
id: 16757 Rating: 5 Likes: 0 Date: June 6 2018
id: 16758 Rating: 4 Likes: 0 Date: November 1 2014
id: 16988 Rating: 0 Likes: 0 Date: May 19 2018
id: 17066 Rating: 5 Likes: 0 Date: November 22 2019
id: 31
Name: Athena Souri
Place of Birth: Switzerland
Member Since: December 24 2010
Favorite Genres: Romance
Favorite Authors: Carl Sagan, Colleen Clayton, Greer Noble
Number of Books in Read Shelf: 8
Number of Books in Want to Read Shelf: 15
Number of Books in Currently Reading Shelf: 6
Number of Likes: 2455
id: 211
Title: The Fall of Five
Genre: Young Adult
Author: Pittacus Lore
Reviews:
id: 76 Rating: 5 Likes: 0 Date: August 19 2016
id: 490 Rating: 4 Likes: 0 Date: January 26 2018
id: 1006 Rating: 1 Likes: 3 Date: January 25 2017
id: 1861 Rating: 4 Likes: 0 Date: February 9 2018
id: 2686 Rating: 0 Likes: 0 Date: September 11 2016
id: 2727 Rating: 5 Likes: 0 Date: November 26 2015
id: 3688 Rating: 2 Likes: 0 Date: September 9 2017
id: 3734 Rating: 1 Likes: 0 Date: April 15 2012
id: 4304 Rating: 3 Likes: 26 Date: September 21 2011
id: 4478 Rating: 4 Likes: 1 Date: March 27 2019
id: 4593 Rating: 5 Likes: 0 Date: January 16 2015
id: 4677 Rating: 4 Likes: 1 Date: September 1 2016
id: 4857 Rating: 5 Likes: 4 Date: September 19 2017
id: 5397 Rating: 5 Likes: 0 Date: October 10 2018
id: 6087 Rating: 1 Likes: 0 Date: June 9 2011
id: 6101 Rating: 4 Likes: 0 Date: March 9 2019
id: 7230 Rating: 1 Likes: 10 Date: December 29 2017
id: 7660 Rating: 5 Likes: 3 Date: April 24 2018
id: 8166 Rating: 5 Likes: 0 Date: January 6 2015
id: 8699 Rating: 1 Likes: 0 Date: July 25 2019
id: 9124 Rating: 0 Likes: 0 Date: February 9 2016
id: 9144 Rating: 3 Likes: 0 Date: December 15 2017
id: 9730 Rating: 1 Likes: 0 Date: June 9 2011
id: 9892 Rating: 2 Likes: 0 Date: May 27 2017
id: 10053 Rating: 5 Likes: 0 Date: October 12 2018
id: 10413 Rating: 5 Likes: 0 Date: December 14 2018
id: 10697 Rating: 0 Likes: 22 Date: April 26 2017
id: 10906 Rating: 0 Likes: 0 Date: October 8 2014
id: 10993 Rating: 1 Likes: 0 Date: October 20 2018
id: 11111 Rating: 2 Likes: 3 Date: February 28 2016
id: 11330 Rating: 0 Likes: 26 Date: September 29 2014
id: 11761 Rating: 5 Likes: 0 Date: April 24 2015
id: 11958 Rating: 3 Likes: 0 Date: October 23 2014
id: 12401 Rating: 1 Likes: 0 Date: August 13 2015
id: 12622 Rating: 0 Likes: 0 Date: November 12 2019
id: 13928 Rating: 2 Likes: 0 Date: November 29 2019
id: 14234 Rating: 2 Likes: 2 Date: March 15 2019
id: 14242 Rating: 1 Likes: 1 Date: April 4 2019
id: 14568 Rating: 0 Likes: 0 Date: February 27 2018
id: 16016 Rating: 3 Likes: 0 Date: December 20 2015
id: 16289 Rating: 4 Likes: 0 Date: August 14 2015
id: 16570 Rating: 4 Likes: 0 Date: October 13 2018
id: 16628 Rating: 1 Likes: 0 Date: January 10 2016
id: 16765 Rating: 4 Likes: 0 Date: October 27 2018
id: 1808
Name: H.M. Ward
Year of Birth: 1997
Place of Birth: Vatican
Member Since: November 19 2014
Genres: New Adult
Books:
id: 223 Title: Demon Kissed
id: 304 Title: Damaged
id: 106
Title: A Confederacy of Dunces
Genre: Fiction
Author: John Kennedy Toole
***
id: 20
Title: Alfred Hitchcock's Ghostly Gallery
Genre: Horror
Author: Alfred Hitchcock
***
id: 329
Title: Alias Vol. 1
Genre: Sequential Art
Author: Brian Michael Bendis
***
id: 163
Title: Comfort Object
Genre: Erotica
Author: Annabel Joseph
***
id: 6
Title: Defective
Genre: Fiction
Author: Susan Sofayov
***
id: 366
Title: Dragon Ball Vol. 1: The Monkey King
Genre: Sequential Art
Author: Akira Toriyama
***
id: 124
Title: Eating People is Wrong
Genre: Fiction
Author: Malcolm Bradbury
***
id: 222
Title: Everything Is Illuminated
Genre: Fiction
Author: Jonathan Safran Foer
***
id: 231
Title: Forbidden Attraction
Genre: Romance
Author: S.R. Watson
***
id: 346
Title: Genome: the Autobiography of a Species in 23 Chapters
Genre: Science
Author: Matt Ridley
***
id: 388
Title: If I Have a Wicked Stepmother Where's My Prince?
Genre: Young Adult
Author: Melissa Kantor
***
id: 59
Title: Impossible
Genre: Young Adult
Author: Nancy Werlin
***
id: 353
Title: Kare Kano: His and Her Circumstances Vol. 1
Genre: Sequential Art
Author: Masami Tsuda
***
id: 228
Title: Killing Matt Cooper
Genre: Dark
Author: John  Cassian
***
id: 343
Title: Knife Sworn
Genre: Fantasy
Author: Mazarkis Williams
***
id: 204
Title: Mockingjay
Genre: Young Adult
Author: Suzanne Collins
***
id: 274
Title: Otherwise Alone
Genre: Romance
Author: Shay Savage
***
id: 134
Title: Silver Phoenix
Genre: Fantasy
Author: Cindy Pon
***
id: 198
Title: The Algebraist
Genre: Science Fiction
Author: Iain M. Banks
***
