id: 1166
Name: Nawal El-Saadawi
Year of Birth: 1978
Place of Birth: Croatia
Member Since: July 25 2010
Genres: Nonfiction, Women Gender Studies
Books:
id: 303
Title: The Good Luck Charm
Genre: Romance
Author: Helena Hunting
Reviews:
id: 99 Rating: 3 Likes: 8 Date: November 16 2018
id: 142 Rating: 4 Likes: 0 Date: January 20 2019
id: 949 Rating: 1 Likes: 1 Date: May 14 2017
id: 1209 Rating: 1 Likes: 0 Date: August 22 2013
id: 1350 Rating: 5 Likes: 2 Date: September 25 2018
id: 1595 Rating: 1 Likes: 0 Date: July 1 2013
id: 1747 Rating: 1 Likes: 0 Date: November 13 2018
id: 1846 Rating: 4 Likes: 0 Date: July 9 2016
id: 3401 Rating: 3 Likes: 0 Date: January 1 2016
id: 3889 Rating: 5 Likes: 0 Date: October 17 2017
id: 4887 Rating: 5 Likes: 3 Date: May 4 2018
id: 5127 Rating: 5 Likes: 0 Date: November 9 2010
id: 5574 Rating: 3 Likes: 0 Date: October 6 2014
id: 6137 Rating: 3 Likes: 0 Date: June 28 2017
id: 6480 Rating: 1 Likes: 1 Date: May 1 2011
id: 7559 Rating: 0 Likes: 7 Date: August 19 2017
id: 7913 Rating: 3 Likes: 0 Date: July 10 2019
id: 8048 Rating: 2 Likes: 0 Date: December 23 2018
id: 8160 Rating: 1 Likes: 0 Date: February 26 2017
id: 8310 Rating: 2 Likes: 0 Date: November 29 2019
id: 8626 Rating: 5 Likes: 0 Date: June 16 2014
id: 8683 Rating: 4 Likes: 0 Date: June 20 2013
id: 8858 Rating: 0 Likes: 0 Date: December 16 2015
id: 8862 Rating: 4 Likes: 0 Date: August 26 2018
id: 8903 Rating: 5 Likes: 0 Date: July 11 2018
id: 9182 Rating: 2 Likes: 0 Date: October 12 2018
id: 10427 Rating: 2 Likes: 0 Date: July 28 2018
id: 10432 Rating: 3 Likes: 0 Date: January 9 2018
id: 10490 Rating: 4 Likes: 0 Date: October 20 2017
id: 11047 Rating: 2 Likes: 24 Date: October 15 2010
id: 12102 Rating: 2 Likes: 3 Date: April 22 2018
id: 12147 Rating: 4 Likes: 2 Date: December 12 2019
id: 12633 Rating: 3 Likes: 0 Date: March 21 2016
id: 13302 Rating: 4 Likes: 0 Date: April 18 2015
id: 14111 Rating: 3 Likes: 1 Date: September 14 2016
id: 14698 Rating: 2 Likes: 0 Date: October 22 2019
id: 16634 Rating: 2 Likes: 0 Date: October 13 2018
id: 405
Title: Ellen Foster
Genre: Fiction
Author: Kaye Gibbons
Average Rating: 3.42
id: 392
Title: From the Mixed-Up Files of Mrs. Basil E. Frankweiler
Genre: Fiction
Author: E.L. Konigsburg
Reviews:
id: 356 Rating: 3 Likes: 0 Date: August 24 2018
id: 396 Rating: 2 Likes: 558 Date: January 16 2011
id: 677 Rating: 5 Likes: 3 Date: August 13 2018
id: 914 Rating: 5 Likes: 0 Date: June 3 2019
id: 1654 Rating: 0 Likes: 0 Date: February 6 2019
id: 1665 Rating: 5 Likes: 0 Date: November 21 2017
id: 1866 Rating: 0 Likes: 0 Date: December 27 2018
id: 2173 Rating: 2 Likes: 0 Date: February 17 2012
id: 2285 Rating: 5 Likes: 0 Date: March 28 2013
id: 2901 Rating: 5 Likes: 0 Date: July 20 2017
id: 4481 Rating: 5 Likes: 2 Date: May 21 2016
id: 5827 Rating: 4 Likes: 0 Date: November 25 2019
id: 5975 Rating: 1 Likes: 0 Date: March 28 2018
id: 6899 Rating: 5 Likes: 1 Date: February 27 2018
id: 8914 Rating: 1 Likes: 0 Date: July 12 2013
id: 9248 Rating: 5 Likes: 0 Date: October 4 2018
id: 9999 Rating: 5 Likes: 0 Date: March 18 2015
id: 10317 Rating: 4 Likes: 0 Date: April 18 2014
id: 10521 Rating: 4 Likes: 0 Date: September 13 2019
id: 10822 Rating: 5 Likes: 0 Date: May 11 2016
id: 11689 Rating: 5 Likes: 1 Date: January 27 2017
id: 12274 Rating: 5 Likes: 0 Date: August 25 2015
id: 12379 Rating: 5 Likes: 0 Date: June 23 2015
id: 12431 Rating: 0 Likes: 1 Date: July 25 2019
id: 12626 Rating: 3 Likes: 0 Date: September 18 2019
id: 13444 Rating: 0 Likes: 0 Date: June 26 2013
id: 13813 Rating: 3 Likes: 0 Date: May 27 2018
id: 14083 Rating: 3 Likes: 0 Date: October 26 2014
id: 14142 Rating: 4 Likes: 0 Date: December 27 2014
id: 14199 Rating: 3 Likes: 4 Date: October 12 2015
id: 14427 Rating: 1 Likes: 2 Date: June 15 2018
id: 16431 Rating: 5 Likes: 0 Date: October 28 2014
id: 16509 Rating: 5 Likes: 0 Date: March 17 2016
id: 16740 Rating: 3 Likes: 0 Date: April 26 2016
id: 16829 Rating: 0 Likes: 0 Date: October 15 2017
id: 17340 Rating: 3 Likes: 0 Date: November 13 2017
id: 193
Name: Colleen Houck
Year of Birth: 1998
Place of Birth: Lesotho
Member Since: May 23 2012
Genres: Romance
Books:
id: 181 Title: Tiger's Voyage
id: 258 Title: Tiger's Voyage
id: 211
Title: The Fall of Five
Genre: Young Adult
Author: Pittacus Lore
Reviews:
id: 76 Rating: 5 Likes: 0 Date: August 19 2016
id: 490 Rating: 4 Likes: 0 Date: January 26 2018
id: 1006 Rating: 1 Likes: 3 Date: January 25 2017
id: 1861 Rating: 4 Likes: 0 Date: February 9 2018
id: 2686 Rating: 0 Likes: 0 Date: September 11 2016
id: 2727 Rating: 5 Likes: 0 Date: November 26 2015
id: 3688 Rating: 2 Likes: 0 Date: September 9 2017
id: 3734 Rating: 1 Likes: 0 Date: April 15 2012
id: 4304 Rating: 3 Likes: 26 Date: September 21 2011
id: 4478 Rating: 4 Likes: 1 Date: March 27 2019
id: 4593 Rating: 5 Likes: 0 Date: January 16 2015
id: 4677 Rating: 4 Likes: 1 Date: September 1 2016
id: 4857 Rating: 5 Likes: 4 Date: September 19 2017
id: 5397 Rating: 5 Likes: 0 Date: October 10 2018
id: 6087 Rating: 1 Likes: 0 Date: June 9 2011
id: 6101 Rating: 4 Likes: 0 Date: March 9 2019
id: 7230 Rating: 1 Likes: 10 Date: December 29 2017
id: 7660 Rating: 5 Likes: 3 Date: April 24 2018
id: 8166 Rating: 5 Likes: 0 Date: January 6 2015
id: 8699 Rating: 1 Likes: 0 Date: July 25 2019
id: 9124 Rating: 0 Likes: 0 Date: February 9 2016
id: 9144 Rating: 3 Likes: 0 Date: December 15 2017
id: 9730 Rating: 1 Likes: 0 Date: June 9 2011
id: 9892 Rating: 2 Likes: 0 Date: May 27 2017
id: 10053 Rating: 5 Likes: 0 Date: October 12 2018
id: 10413 Rating: 5 Likes: 0 Date: December 14 2018
id: 10697 Rating: 0 Likes: 22 Date: April 26 2017
id: 10906 Rating: 0 Likes: 0 Date: October 8 2014
id: 10993 Rating: 1 Likes: 0 Date: October 20 2018
id: 11111 Rating: 2 Likes: 3 Date: February 28 2016
id: 11330 Rating: 0 Likes: 26 Date: September 29 2014
id: 11761 Rating: 5 Likes: 0 Date: April 24 2015
id: 11958 Rating: 3 Likes: 0 Date: October 23 2014
id: 12401 Rating: 1 Likes: 0 Date: August 13 2015
id: 12622 Rating: 0 Likes: 0 Date: November 12 2019
id: 13928 Rating: 2 Likes: 0 Date: November 29 2019
id: 14234 Rating: 2 Likes: 2 Date: March 15 2019
id: 14242 Rating: 1 Likes: 1 Date: April 4 2019
id: 14568 Rating: 0 Likes: 0 Date: February 27 2018
id: 16016 Rating: 3 Likes: 0 Date: December 20 2015
id: 16289 Rating: 4 Likes: 0 Date: August 14 2015
id: 16570 Rating: 4 Likes: 0 Date: October 13 2018
id: 16628 Rating: 1 Likes: 0 Date: January 10 2016
id: 16765 Rating: 4 Likes: 0 Date: October 27 2018
id: 392
Title: From the Mixed-Up Files of Mrs. Basil E. Frankweiler
Genre: Fiction
Author: E.L. Konigsburg
Reviews:
id: 356 Rating: 3 Likes: 0 Date: August 24 2018
id: 396 Rating: 2 Likes: 558 Date: January 16 2011
id: 677 Rating: 5 Likes: 3 Date: August 13 2018
id: 914 Rating: 5 Likes: 0 Date: June 3 2019
id: 1654 Rating: 0 Likes: 0 Date: February 6 2019
id: 1665 Rating: 5 Likes: 0 Date: November 21 2017
id: 1866 Rating: 0 Likes: 0 Date: December 27 2018
id: 2173 Rating: 2 Likes: 0 Date: February 17 2012
id: 2285 Rating: 5 Likes: 0 Date: March 28 2013
id: 2901 Rating: 5 Likes: 0 Date: July 20 2017
id: 4481 Rating: 5 Likes: 2 Date: May 21 2016
id: 5827 Rating: 4 Likes: 0 Date: November 25 2019
id: 5975 Rating: 1 Likes: 0 Date: March 28 2018
id: 6899 Rating: 5 Likes: 1 Date: February 27 2018
id: 8914 Rating: 1 Likes: 0 Date: July 12 2013
id: 9248 Rating: 5 Likes: 0 Date: October 4 2018
id: 9999 Rating: 5 Likes: 0 Date: March 18 2015
id: 10317 Rating: 4 Likes: 0 Date: April 18 2014
id: 10521 Rating: 4 Likes: 0 Date: September 13 2019
id: 10822 Rating: 5 Likes: 0 Date: May 11 2016
id: 11689 Rating: 5 Likes: 1 Date: January 27 2017
id: 12274 Rating: 5 Likes: 0 Date: August 25 2015
id: 12379 Rating: 5 Likes: 0 Date: June 23 2015
id: 12431 Rating: 0 Likes: 1 Date: July 25 2019
id: 12626 Rating: 3 Likes: 0 Date: September 18 2019
id: 13444 Rating: 0 Likes: 0 Date: June 26 2013
id: 13813 Rating: 3 Likes: 0 Date: May 27 2018
id: 14083 Rating: 3 Likes: 0 Date: October 26 2014
id: 14142 Rating: 4 Likes: 0 Date: December 27 2014
id: 14199 Rating: 3 Likes: 4 Date: October 12 2015
id: 14427 Rating: 1 Likes: 2 Date: June 15 2018
id: 16431 Rating: 5 Likes: 0 Date: October 28 2014
id: 16509 Rating: 5 Likes: 0 Date: March 17 2016
id: 16740 Rating: 3 Likes: 0 Date: April 26 2016
id: 16829 Rating: 0 Likes: 0 Date: October 15 2017
id: 17340 Rating: 3 Likes: 0 Date: November 13 2017
0.006681
id: 236
Title: Slow Burn
Genre: Romance
Author: Sam B. Morgan
Reviews:
id: 22 Rating: 0 Likes: 38 Date: February 27 2016
id: 709 Rating: 4 Likes: 2 Date: September 27 2013
id: 816 Rating: 2 Likes: 0 Date: November 29 2019
id: 1315 Rating: 5 Likes: 0 Date: October 16 2015
id: 1626 Rating: 2 Likes: 0 Date: March 28 2019
id: 1698 Rating: 3 Likes: 0 Date: July 2 2016
id: 2240 Rating: 2 Likes: 0 Date: March 4 2013
id: 2338 Rating: 3 Likes: 0 Date: March 29 2019
id: 2651 Rating: 2 Likes: 0 Date: November 25 2018
id: 2702 Rating: 5 Likes: 0 Date: October 5 2018
id: 2861 Rating: 3 Likes: 0 Date: April 11 2014
id: 4305 Rating: 5 Likes: 20 Date: May 8 2015
id: 4625 Rating: 0 Likes: 1 Date: March 8 2011
id: 5276 Rating: 5 Likes: 0 Date: September 4 2019
id: 6661 Rating: 4 Likes: 2 Date: January 11 2019
id: 6698 Rating: 3 Likes: 2 Date: December 29 2010
id: 6754 Rating: 5 Likes: 5 Date: July 23 2014
id: 7207 Rating: 4 Likes: 13 Date: June 27 2018
id: 7241 Rating: 3 Likes: 12 Date: October 20 2011
id: 7335 Rating: 1 Likes: 1 Date: April 15 2012
id: 7395 Rating: 2 Likes: 0 Date: September 9 2019
id: 7785 Rating: 2 Likes: 0 Date: January 27 2019
id: 7998 Rating: 4 Likes: 0 Date: March 19 2016
id: 8669 Rating: 3 Likes: 0 Date: May 2 2014
id: 9719 Rating: 0 Likes: 0 Date: November 24 2019
id: 9874 Rating: 2 Likes: 0 Date: August 25 2014
id: 10004 Rating: 4 Likes: 0 Date: March 25 2019
id: 10171 Rating: 4 Likes: 2 Date: February 14 2019
id: 10644 Rating: 2 Likes: 0 Date: June 25 2019
id: 10714 Rating: 4 Likes: 20 Date: June 6 2019
id: 10841 Rating: 3 Likes: 0 Date: April 27 2017
id: 10909 Rating: 5 Likes: 0 Date: April 9 2013
id: 11757 Rating: 0 Likes: 0 Date: March 27 2018
id: 12179 Rating: 5 Likes: 0 Date: September 5 2015
id: 13019 Rating: 5 Likes: 1 Date: May 21 2012
id: 13321 Rating: 4 Likes: 0 Date: May 18 2016
id: 14914 Rating: 1 Likes: 0 Date: November 17 2018
id: 16115 Rating: 5 Likes: 0 Date: April 7 2016
id: 177
Title: Disasterology 101
Genre: Romance
Author: Taylor V. Donovan
***
id: 231
Title: Forbidden Attraction
Genre: Romance
Author: S.R. Watson
***
id: 86
Title: A Tree Grows in Brooklyn
Genre: Classics
Author: Betty  Smith
***
id: 370
Title: Eternal Eden
Genre: Fantasy
Author: Nicole  Williams
***
id: 345
Title: Mermaid Melody: Pichi Pichi Pitch Vol. 1
Genre: Sequential Art
Author: Pink Hanamori
***
id: 279
Title: Raphael
Genre: Paranormal
Author: D.B. Reynolds
***
id: 229
Title: Tales of a Fourth Grade Nothing
Genre: Childrens
Author: Judy Blume
***
id: 398
Title: The Emperor's Edge
Genre: Fantasy
Author: Lindsay Buroker
***
id: 387
Title: The Perfect Blindside
Genre: Young Adult
Author: Leslea Wahl
***
id: 257
Title: The Rainbow Fish
Genre: Childrens
Author: Marcus Pfister
***
id: 278
Title: The Worst Hard Time: The Untold Story of Those Who Survived the Great American Dust Bowl
Genre: History
Author: Timothy Egan
***
id: 181
Title: Tiger's Voyage
Genre: Fantasy
Author: Colleen Houck
***
id: 63
Title: When We Wake
Genre: Young Adult
Author: Karen Healey
***
id: 392
Title: From the Mixed-Up Files of Mrs. Basil E. Frankweiler
Genre: Fiction
Author: E.L. Konigsburg
Reviews:
id: 356 Rating: 3 Likes: 0 Date: August 24 2018
id: 396 Rating: 2 Likes: 558 Date: January 16 2011
id: 677 Rating: 5 Likes: 3 Date: August 13 2018
id: 914 Rating: 5 Likes: 0 Date: June 3 2019
id: 1654 Rating: 0 Likes: 0 Date: February 6 2019
id: 1665 Rating: 5 Likes: 0 Date: November 21 2017
id: 1866 Rating: 0 Likes: 0 Date: December 27 2018
id: 2173 Rating: 2 Likes: 0 Date: February 17 2012
id: 2285 Rating: 5 Likes: 0 Date: March 28 2013
id: 2901 Rating: 5 Likes: 0 Date: July 20 2017
id: 4481 Rating: 5 Likes: 2 Date: May 21 2016
id: 5827 Rating: 4 Likes: 0 Date: November 25 2019
id: 5975 Rating: 1 Likes: 0 Date: March 28 2018
id: 6899 Rating: 5 Likes: 1 Date: February 27 2018
id: 8914 Rating: 1 Likes: 0 Date: July 12 2013
id: 9248 Rating: 5 Likes: 0 Date: October 4 2018
id: 9999 Rating: 5 Likes: 0 Date: March 18 2015
id: 10317 Rating: 4 Likes: 0 Date: April 18 2014
id: 10521 Rating: 4 Likes: 0 Date: September 13 2019
id: 10822 Rating: 5 Likes: 0 Date: May 11 2016
id: 11689 Rating: 5 Likes: 1 Date: January 27 2017
id: 12274 Rating: 5 Likes: 0 Date: August 25 2015
id: 12379 Rating: 5 Likes: 0 Date: June 23 2015
id: 12431 Rating: 0 Likes: 1 Date: July 25 2019
id: 12626 Rating: 3 Likes: 0 Date: September 18 2019
id: 13444 Rating: 0 Likes: 0 Date: June 26 2013
id: 13813 Rating: 3 Likes: 0 Date: May 27 2018
id: 14083 Rating: 3 Likes: 0 Date: October 26 2014
id: 14142 Rating: 4 Likes: 0 Date: December 27 2014
id: 14199 Rating: 3 Likes: 4 Date: October 12 2015
id: 14427 Rating: 1 Likes: 2 Date: June 15 2018
id: 16431 Rating: 5 Likes: 0 Date: October 28 2014
id: 16509 Rating: 5 Likes: 0 Date: March 17 2016
id: 16740 Rating: 3 Likes: 0 Date: April 26 2016
id: 16829 Rating: 0 Likes: 0 Date: October 15 2017
id: 17340 Rating: 3 Likes: 0 Date: November 13 2017
id: 303
Title: The Good Luck Charm
Genre: Romance
Author: Helena Hunting
Reviews:
id: 99 Rating: 3 Likes: 8 Date: November 16 2018
id: 142 Rating: 4 Likes: 0 Date: January 20 2019
id: 949 Rating: 1 Likes: 1 Date: May 14 2017
id: 1209 Rating: 1 Likes: 0 Date: August 22 2013
id: 1350 Rating: 5 Likes: 2 Date: September 25 2018
id: 1595 Rating: 1 Likes: 0 Date: July 1 2013
id: 1747 Rating: 1 Likes: 0 Date: November 13 2018
id: 1846 Rating: 4 Likes: 0 Date: July 9 2016
id: 3401 Rating: 3 Likes: 0 Date: January 1 2016
id: 3889 Rating: 5 Likes: 0 Date: October 17 2017
id: 4887 Rating: 5 Likes: 3 Date: May 4 2018
id: 5127 Rating: 5 Likes: 0 Date: November 9 2010
id: 5574 Rating: 3 Likes: 0 Date: October 6 2014
id: 6137 Rating: 3 Likes: 0 Date: June 28 2017
id: 6480 Rating: 1 Likes: 1 Date: May 1 2011
id: 7559 Rating: 0 Likes: 7 Date: August 19 2017
id: 7913 Rating: 3 Likes: 0 Date: July 10 2019
id: 8048 Rating: 2 Likes: 0 Date: December 23 2018
id: 8160 Rating: 1 Likes: 0 Date: February 26 2017
id: 8310 Rating: 2 Likes: 0 Date: November 29 2019
id: 8626 Rating: 5 Likes: 0 Date: June 16 2014
id: 8683 Rating: 4 Likes: 0 Date: June 20 2013
id: 8858 Rating: 0 Likes: 0 Date: December 16 2015
id: 8862 Rating: 4 Likes: 0 Date: August 26 2018
id: 8903 Rating: 5 Likes: 0 Date: July 11 2018
id: 9182 Rating: 2 Likes: 0 Date: October 12 2018
id: 10427 Rating: 2 Likes: 0 Date: July 28 2018
id: 10432 Rating: 3 Likes: 0 Date: January 9 2018
id: 10490 Rating: 4 Likes: 0 Date: October 20 2017
id: 11047 Rating: 2 Likes: 24 Date: October 15 2010
id: 12102 Rating: 2 Likes: 3 Date: April 22 2018
id: 12147 Rating: 4 Likes: 2 Date: December 12 2019
id: 12633 Rating: 3 Likes: 0 Date: March 21 2016
id: 13302 Rating: 4 Likes: 0 Date: April 18 2015
id: 14111 Rating: 3 Likes: 1 Date: September 14 2016
id: 14698 Rating: 2 Likes: 0 Date: October 22 2019
id: 16634 Rating: 2 Likes: 0 Date: October 13 2018
id: 405
Title: Ellen Foster
Genre: Fiction
Author: Kaye Gibbons
Average Rating: 3.42
id: 72
Title: Fight Club
Genre: Fiction
Author: Chuck Palahniuk
***
id: 200
Title: Marco's Redemption
Genre: Romance
Author: Lynda Chance
***
id: 75
Title: On the Island
Genre: Romance
Author: Tracey Garvis Graves
***
id: 236
Title: Slow Burn
Genre: Romance
Author: Sam B. Morgan
***
id: 217
Title: Space Viking
Genre: Science Fiction
Author: H. Beam Piper
***
id: 137
Title: Touching Smoke
Genre: Fantasy
Author: Airicka Phoenix
***
id: 215
Title: Wake Unto Me
Genre: Young Adult
Author: Lisa Cach
***
id: 98
Title: Winnie-the-Pooh
Genre: Classics
Author: A.A. Milne
Reviews:
id: 343 Rating: 2 Likes: 2 Date: June 10 2019
id: 386 Rating: 4 Likes: 15 Date: September 13 2016
id: 633 Rating: 4 Likes: 0 Date: January 8 2016
id: 754 Rating: 0 Likes: 0 Date: October 11 2015
id: 1068 Rating: 3 Likes: 0 Date: October 4 2018
id: 2148 Rating: 5 Likes: 1 Date: September 2 2016
id: 2279 Rating: 4 Likes: 4 Date: October 16 2016
id: 2324 Rating: 5 Likes: 0 Date: October 21 2016
id: 2640 Rating: 2 Likes: 0 Date: May 5 2014
id: 3298 Rating: 2 Likes: 0 Date: May 19 2016
id: 3397 Rating: 3 Likes: 0 Date: August 17 2018
id: 4325 Rating: 3 Likes: 2 Date: August 7 2019
id: 4602 Rating: 1 Likes: 22 Date: January 22 2015
id: 4714 Rating: 2 Likes: 1 Date: March 27 2012
id: 4943 Rating: 2 Likes: 0 Date: April 2 2017
id: 5164 Rating: 5 Likes: 0 Date: September 5 2017
id: 5189 Rating: 5 Likes: 0 Date: April 7 2017
id: 5311 Rating: 4 Likes: 0 Date: June 20 2015
id: 5536 Rating: 4 Likes: 0 Date: April 3 2012
id: 6102 Rating: 3 Likes: 0 Date: November 4 2017
id: 7411 Rating: 1 Likes: 7 Date: October 9 2013
id: 7449 Rating: 5 Likes: 0 Date: May 10 2016
id: 7678 Rating: 0 Likes: 13 Date: July 9 2014
id: 8290 Rating: 5 Likes: 0 Date: August 28 2018
id: 8299 Rating: 2 Likes: 0 Date: April 16 2018
id: 8674 Rating: 4 Likes: 0 Date: June 28 2017
id: 8678 Rating: 0 Likes: 0 Date: October 24 2019
id: 9084 Rating: 0 Likes: 0 Date: December 15 2019
id: 9207 Rating: 0 Likes: 0 Date: March 14 2018
id: 9822 Rating: 4 Likes: 0 Date: January 17 2017
id: 9825 Rating: 0 Likes: 0 Date: August 11 2013
id: 10378 Rating: 3 Likes: 0 Date: August 18 2019
id: 10643 Rating: 1 Likes: 0 Date: December 22 2011
id: 10867 Rating: 3 Likes: 0 Date: October 15 2018
id: 11377 Rating: 3 Likes: 0 Date: February 4 2018
id: 11466 Rating: 4 Likes: 43 Date: December 16 2019
id: 11955 Rating: 0 Likes: 0 Date: February 17 2019
id: 11991 Rating: 5 Likes: 10 Date: February 21 2019
id: 12042 Rating: 4 Likes: 0 Date: December 28 2018
id: 12177 Rating: 5 Likes: 0 Date: January 19 2017
id: 12424 Rating: 5 Likes: 0 Date: December 4 2015
id: 12534 Rating: 4 Likes: 0 Date: October 29 2015
id: 12652 Rating: 3 Likes: 0 Date: January 19 2019
id: 13084 Rating: 3 Likes: 0 Date: August 1 2016
id: 13194 Rating: 2 Likes: 0 Date: March 9 2015
id: 14103 Rating: 0 Likes: 1 Date: July 19 2014
id: 14147 Rating: 0 Likes: 1 Date: June 16 2018
id: 14336 Rating: 4 Likes: 0 Date: August 4 2014
id: 14381 Rating: 4 Likes: 0 Date: June 2 2017
id: 15173 Rating: 5 Likes: 0 Date: November 10 2019
id: 15512 Rating: 5 Likes: 0 Date: September 13 2019
id: 15774 Rating: 3 Likes: 0 Date: August 27 2016
id: 16055 Rating: 4 Likes: 0 Date: April 28 2018
id: 16079 Rating: 0 Likes: 0 Date: April 10 2019
id: 16717 Rating: 1 Likes: 0 Date: December 8 2011
id: 16777 Rating: 3 Likes: 0 Date: March 23 2015
id: 211
Title: The Fall of Five
Genre: Young Adult
Author: Pittacus Lore
Reviews:
id: 76 Rating: 5 Likes: 0 Date: August 19 2016
id: 490 Rating: 4 Likes: 0 Date: January 26 2018
id: 1006 Rating: 1 Likes: 3 Date: January 25 2017
id: 1861 Rating: 4 Likes: 0 Date: February 9 2018
id: 2686 Rating: 0 Likes: 0 Date: September 11 2016
id: 2727 Rating: 5 Likes: 0 Date: November 26 2015
id: 3688 Rating: 2 Likes: 0 Date: September 9 2017
id: 3734 Rating: 1 Likes: 0 Date: April 15 2012
id: 4304 Rating: 3 Likes: 26 Date: September 21 2011
id: 4478 Rating: 4 Likes: 1 Date: March 27 2019
id: 4593 Rating: 5 Likes: 0 Date: January 16 2015
id: 4677 Rating: 4 Likes: 1 Date: September 1 2016
id: 4857 Rating: 5 Likes: 4 Date: September 19 2017
id: 5397 Rating: 5 Likes: 0 Date: October 10 2018
id: 6087 Rating: 1 Likes: 0 Date: June 9 2011
id: 6101 Rating: 4 Likes: 0 Date: March 9 2019
id: 7230 Rating: 1 Likes: 10 Date: December 29 2017
id: 7660 Rating: 5 Likes: 3 Date: April 24 2018
id: 8166 Rating: 5 Likes: 0 Date: January 6 2015
id: 8699 Rating: 1 Likes: 0 Date: July 25 2019
id: 9124 Rating: 0 Likes: 0 Date: February 9 2016
id: 9144 Rating: 3 Likes: 0 Date: December 15 2017
id: 9730 Rating: 1 Likes: 0 Date: June 9 2011
id: 9892 Rating: 2 Likes: 0 Date: May 27 2017
id: 10053 Rating: 5 Likes: 0 Date: October 12 2018
id: 10413 Rating: 5 Likes: 0 Date: December 14 2018
id: 10697 Rating: 0 Likes: 22 Date: April 26 2017
id: 10906 Rating: 0 Likes: 0 Date: October 8 2014
id: 10993 Rating: 1 Likes: 0 Date: October 20 2018
id: 11111 Rating: 2 Likes: 3 Date: February 28 2016
id: 11330 Rating: 0 Likes: 26 Date: September 29 2014
id: 11761 Rating: 5 Likes: 0 Date: April 24 2015
id: 11958 Rating: 3 Likes: 0 Date: October 23 2014
id: 12401 Rating: 1 Likes: 0 Date: August 13 2015
id: 12622 Rating: 0 Likes: 0 Date: November 12 2019
id: 13928 Rating: 2 Likes: 0 Date: November 29 2019
id: 14234 Rating: 2 Likes: 2 Date: March 15 2019
id: 14242 Rating: 1 Likes: 1 Date: April 4 2019
id: 14568 Rating: 0 Likes: 0 Date: February 27 2018
id: 16016 Rating: 3 Likes: 0 Date: December 20 2015
id: 16289 Rating: 4 Likes: 0 Date: August 14 2015
id: 16570 Rating: 4 Likes: 0 Date: October 13 2018
id: 16628 Rating: 1 Likes: 0 Date: January 10 2016
id: 16765 Rating: 4 Likes: 0 Date: October 27 2018
id: 31
Name: Athena Souri
Place of Birth: Switzerland
Member Since: December 24 2010
Favorite Genres: Romance
Favorite Authors: Carl Sagan, Colleen Clayton, Greer Noble
Number of Books in Read Shelf: 8
Number of Books in Want to Read Shelf: 15
Number of Books in Currently Reading Shelf: 6
Number of Likes: 2455
0.005281
id: 31
Name: Athena Souri
Place of Birth: Switzerland
Member Since: December 24 2010
Favorite Genres: Romance
Favorite Authors: Carl Sagan, Colleen Clayton, Greer Noble
Number of Books in Read Shelf: 8
Number of Books in Want to Read Shelf: 15
Number of Books in Currently Reading Shelf: 6
Number of Likes: 2455
id: 232
Title: Crocodile on the Sandbank
Genre: Mystery
Author: Elizabeth Peters
***
id: 230
Title: Fables Vol. 1: Legends in Exile
Genre: Sequential Art
Author: Bill Willingham
***
id: 367
Title: Homeland
Genre: Fantasy
Author: R.A. Salvatore
***
id: 262
Title: Kamisama Kiss Vol. 1
Genre: Sequential Art
Author: Julietta Suzuki
***
id: 403
Title: Magic Triumphs
Genre: Fantasy
Author: Ilona Andrews
***
id: 204
Title: Mockingjay
Genre: Young Adult
Author: Suzanne Collins
***
id: 310
Title: Nobody But Us
Genre: Young Adult
Author: Kristin Halbrook
***
id: 229
Title: Tales of a Fourth Grade Nothing
Genre: Childrens
Author: Judy Blume
***
id: 5
Title: The Secret Wisdom of the Earth
Genre: Fiction
Author: Christopher Scotton
***
id: 133
Title: The Strange and Beautiful Sorrows of Ava Lavender
Genre: Young Adult
Author: Leslye Walton
***
id: 378
Title: The Tycoon's Revenge
Genre: Romance
Author: Melody Anne
***
id: 46
Title: Wicked as They Come
Genre: Science Fiction
Author: Delilah S. Dawson
***
id: 166
Title: You Can Heal Your Life
Genre: Self Help
Author: Louise L. Hay
***
id: 23
Title: You're Welcome Universe
Genre: Young Adult
Author: Whitney Gardner
***
0.007009
id: 1528
Name: Fyodor Dostoyevsky
Year of Birth: 1969
Place of Birth: Kazakhstan
Member Since: November 7 2016
Genres: Psychology, Science Fiction
Books:
0.005034
id: 31
Name: Athena Souri
Place of Birth: Switzerland
Member Since: December 24 2010
Favorite Genres: Romance
Favorite Authors: Carl Sagan, Colleen Clayton, Greer Noble
Number of Books in Read Shelf: 8
Number of Books in Want to Read Shelf: 15
Number of Books in Currently Reading Shelf: 6
Number of Likes: 2455
id: 211
Title: The Fall of Five
Genre: Young Adult
Author: Pittacus Lore
Reviews:
id: 76 Rating: 5 Likes: 0 Date: August 19 2016
id: 490 Rating: 4 Likes: 0 Date: January 26 2018
id: 1006 Rating: 1 Likes: 3 Date: January 25 2017
id: 1861 Rating: 4 Likes: 0 Date: February 9 2018
id: 2686 Rating: 0 Likes: 0 Date: September 11 2016
id: 2727 Rating: 5 Likes: 0 Date: November 26 2015
id: 3688 Rating: 2 Likes: 0 Date: September 9 2017
id: 3734 Rating: 1 Likes: 0 Date: April 15 2012
id: 4304 Rating: 3 Likes: 26 Date: September 21 2011
id: 4478 Rating: 4 Likes: 1 Date: March 27 2019
id: 4593 Rating: 5 Likes: 0 Date: January 16 2015
id: 4677 Rating: 4 Likes: 1 Date: September 1 2016
id: 4857 Rating: 5 Likes: 4 Date: September 19 2017
id: 5397 Rating: 5 Likes: 0 Date: October 10 2018
id: 6087 Rating: 1 Likes: 0 Date: June 9 2011
id: 6101 Rating: 4 Likes: 0 Date: March 9 2019
id: 7230 Rating: 1 Likes: 10 Date: December 29 2017
id: 7660 Rating: 5 Likes: 3 Date: April 24 2018
id: 8166 Rating: 5 Likes: 0 Date: January 6 2015
id: 8699 Rating: 1 Likes: 0 Date: July 25 2019
id: 9124 Rating: 0 Likes: 0 Date: February 9 2016
id: 9144 Rating: 3 Likes: 0 Date: December 15 2017
id: 9730 Rating: 1 Likes: 0 Date: June 9 2011
id: 9892 Rating: 2 Likes: 0 Date: May 27 2017
id: 10053 Rating: 5 Likes: 0 Date: October 12 2018
id: 10413 Rating: 5 Likes: 0 Date: December 14 2018
id: 10697 Rating: 0 Likes: 22 Date: April 26 2017
id: 10906 Rating: 0 Likes: 0 Date: October 8 2014
id: 10993 Rating: 1 Likes: 0 Date: October 20 2018
id: 11111 Rating: 2 Likes: 3 Date: February 28 2016
id: 11330 Rating: 0 Likes: 26 Date: September 29 2014
id: 11761 Rating: 5 Likes: 0 Date: April 24 2015
id: 11958 Rating: 3 Likes: 0 Date: October 23 2014
id: 12401 Rating: 1 Likes: 0 Date: August 13 2015
id: 12622 Rating: 0 Likes: 0 Date: November 12 2019
id: 13928 Rating: 2 Likes: 0 Date: November 29 2019
id: 14234 Rating: 2 Likes: 2 Date: March 15 2019
id: 14242 Rating: 1 Likes: 1 Date: April 4 2019
id: 14568 Rating: 0 Likes: 0 Date: February 27 2018
id: 16016 Rating: 3 Likes: 0 Date: December 20 2015
id: 16289 Rating: 4 Likes: 0 Date: August 14 2015
id: 16570 Rating: 4 Likes: 0 Date: October 13 2018
id: 16628 Rating: 1 Likes: 0 Date: January 10 2016
id: 16765 Rating: 4 Likes: 0 Date: October 27 2018
id: 31
Name: Athena Souri
Place of Birth: Switzerland
Member Since: December 24 2010
Favorite Genres: Romance
Favorite Authors: Carl Sagan, Colleen Clayton, Greer Noble
Number of Books in Read Shelf: 8
Number of Books in Want to Read Shelf: 15
Number of Books in Currently Reading Shelf: 6
Number of Likes: 2455
id: 405
Title: Ellen Foster
Genre: Fiction
Author: Kaye Gibbons
Average Rating: 3.42
id: 31
Name: Athena Souri
Place of Birth: Switzerland
Member Since: December 24 2010
Favorite Genres: Romance
Favorite Authors: Carl Sagan, Colleen Clayton, Greer Noble
Number of Books in Read Shelf: 8
Number of Books in Want to Read Shelf: 15
Number of Books in Currently Reading Shelf: 6
Number of Likes: 2455
id: 405
Title: Ellen Foster
Genre: Fiction
Author: Kaye Gibbons
Average Rating: 3.42
id: 188
Title: The High King
Genre: Fantasy
Author: Lloyd Alexander
***
id: 51
Title: The Legend of Deathwalker
Genre: Fantasy
Author: David Gemmell
***
id: 386
Title: Christy
Genre: Fiction
Author: Catherine Marshall
***
id: 162
Title: Damaged: Natalie's Story
Genre: Young Adult
Author: Talia Jager
***
id: 238
Title: Lamb: The Gospel According to Biff Christ's Childhood Pal
Genre: Humor
Author: Christopher Moore
***
id: 84
Title: Someday This Pain Will Be Useful to You
Genre: Young Adult
Author: Peter Cameron
***
id: 43
Title: Soulless
Genre: Romance
Author: T.M. Frazier
***
id: 136
Title: Washington's Crossing
Genre: History
Author: David Hackett Fischer
***
id: 856
Name: Brad Meltzer
Year of Birth: 1971
Place of Birth: Korea
Member Since: May 10 2015
Genres: Thriller
Books:
id: 162
Title: Damaged: Natalie's Story
Genre: Young Adult
Author: Talia Jager
***
id: 370
Title: Eternal Eden
Genre: Fantasy
Author: Nicole  Williams
***
id: 222
Title: Everything Is Illuminated
Genre: Fiction
Author: Jonathan Safran Foer
***
id: 343
Title: Knife Sworn
Genre: Fantasy
Author: Mazarkis Williams
***
id: 238
Title: Lamb: The Gospel According to Biff Christ's Childhood Pal
Genre: Humor
Author: Christopher Moore
***
id: 290
Title: Pleasures of a Notorious Gentleman
Genre: Romance
Author: Lorraine Heath
***
id: 78
Title: Seven Sons
Genre: Dark
Author: Lili St. Germain
***
id: 198
Title: The Algebraist
Genre: Science Fiction
Author: Iain M. Banks
***
id: 61
Title: The Bronze Horseman
Genre: Historical
Author: Paullina Simons
***
id: 244
Title: The DUFF: Designated Ugly Fat Friend
Genre: Young Adult
Author: Kody Keplinger
***
id: 171
Title: Wicked: The Life and Times of the Wicked Witch of the West
Genre: Fantasy
Author: Gregory Maguire
***
id: 1547
Name: Desmond Young
Year of Birth: 1973
Place of Birth: South Sudan
Member Since: March 13 2016
Genres: Biography, History
Books:
0.005978
id: 106
Title: A Confederacy of Dunces
Genre: Fiction
Author: John Kennedy Toole
***
id: 359
Title: A Curse Dark as Gold
Genre: Fantasy
Author: Elizabeth C. Bunce
***
id: 163
Title: Comfort Object
Genre: Erotica
Author: Annabel Joseph
***
id: 128
Title: Grundish and Askew
Genre: Fiction
Author: Lance Carbuncle
***
id: 83
Title: Innocents
Genre: New Adult
Author: Mary  Elizabeth
***
id: 31
Title: Megan Meade's Guide to the McGowan Boys
Genre: Young Adult
Author: Kate Brian
***
id: 143
Title: Pride & Popularity
Genre: Young Adult
Author: Jenni James
***
id: 194
Title: Relics of Camelot
Genre: Fantasy
Author: L.H. Nicole
***
id: 37
Title: Teaching My Mother How to Give Birth
Genre: Poetry
Author: Warsan Shire
***
id: 61
Title: The Bronze Horseman
Genre: Historical
Author: Paullina Simons
***
id: 195
Title: The Dark Light of Day
Genre: Dark
Author: T.M. Frazier
***
id: 33
Title: The Never List
Genre: Thriller
Author: Koethi Zan
***
id: 112
Title: The Persistence of Vision
Genre: Science Fiction
Author: John Varley
***
id: 242
Title: The Whole Stupid Way We Are
Genre: Young Adult
Author: N. Griffin
***
id: 215
Title: Wake Unto Me
Genre: Young Adult
Author: Lisa Cach
***
0.008756
id: 31
Name: Athena Souri
Place of Birth: Switzerland
Member Since: December 24 2010
Favorite Genres: Romance
Favorite Authors: Carl Sagan, Colleen Clayton, Greer Noble
Number of Books in Read Shelf: 8
Number of Books in Want to Read Shelf: 15
Number of Books in Currently Reading Shelf: 6
Number of Likes: 2455
id: 68
Name: B.B. Easton
Year of Birth: 1972
Place of Birth: Tunisia
Member Since: September 8 2018
Genres: Memoir, Romance
Books:
id: 357
Title: Dragon Rider
Genre: Fantasy
Author: Cornelia Funke
Reviews:
id: 237 Rating: 1 Likes: 0 Date: March 19 2019
id: 807 Rating: 0 Likes: 0 Date: August 25 2016
id: 1205 Rating: 5 Likes: 0 Date: March 14 2018
id: 2621 Rating: 4 Likes: 0 Date: July 14 2017
id: 2748 Rating: 0 Likes: 0 Date: March 9 2016
id: 3126 Rating: 1 Likes: 0 Date: September 6 2017
id: 3394 Rating: 2 Likes: 0 Date: February 21 2016
id: 3594 Rating: 5 Likes: 0 Date: July 26 2018
id: 3689 Rating: 2 Likes: 0 Date: September 19 2016
id: 3908 Rating: 4 Likes: 0 Date: August 29 2019
id: 4156 Rating: 2 Likes: 10 Date: November 19 2017
id: 4336 Rating: 0 Likes: 52 Date: March 13 2019
id: 4661 Rating: 3 Likes: 0 Date: May 4 2015
id: 5057 Rating: 4 Likes: 0 Date: August 28 2019
id: 6502 Rating: 4 Likes: 5 Date: August 1 2016
id: 6702 Rating: 1 Likes: 0 Date: January 22 2017
id: 6756 Rating: 5 Likes: 6 Date: January 24 2018
id: 6811 Rating: 2 Likes: 0 Date: September 1 2019
id: 6824 Rating: 4 Likes: 10 Date: July 10 2016
id: 8132 Rating: 4 Likes: 0 Date: August 14 2015
id: 8520 Rating: 0 Likes: 0 Date: October 2 2017
id: 8965 Rating: 3 Likes: 0 Date: May 17 2018
id: 8986 Rating: 1 Likes: 0 Date: November 18 2016
id: 9012 Rating: 3 Likes: 0 Date: May 16 2019
id: 9278 Rating: 2 Likes: 146 Date: February 29 2013
id: 9309 Rating: 4 Likes: 0 Date: January 10 2017
id: 9758 Rating: 4 Likes: 0 Date: April 13 2018
id: 10411 Rating: 5 Likes: 0 Date: January 13 2019
id: 11475 Rating: 3 Likes: 0 Date: November 16 2019
id: 12798 Rating: 4 Likes: 0 Date: February 24 2019
id: 12866 Rating: 5 Likes: 0 Date: May 26 2014
id: 13003 Rating: 2 Likes: 0 Date: September 20 2015
id: 13316 Rating: 4 Likes: 0 Date: August 15 2016
id: 13330 Rating: 0 Likes: 1 Date: June 18 2015
id: 13589 Rating: 2 Likes: 0 Date: November 11 2015
id: 14238 Rating: 4 Likes: 4 Date: January 16 2012
id: 14588 Rating: 0 Likes: 0 Date: July 2 2016
id: 14619 Rating: 0 Likes: 0 Date: December 9 2019
id: 14678 Rating: 3 Likes: 1 Date: January 18 2019
id: 14985 Rating: 0 Likes: 0 Date: October 14 2019
id: 15249 Rating: 3 Likes: 0 Date: December 29 2019
id: 15753 Rating: 0 Likes: 1 Date: April 22 2018
id: 16044 Rating: 1 Likes: 1 Date: March 17 2017
id: 16148 Rating: 4 Likes: 0 Date: July 16 2019
id: 16478 Rating: 5 Likes: 0 Date: February 26 2014
id: 16649 Rating: 2 Likes: 0 Date: October 8 2016
id: 16992 Rating: 5 Likes: 0 Date: August 1 2016
id: 17039 Rating: 4 Likes: 0 Date: March 6 2019
id: 17101 Rating: 5 Likes: 0 Date: January 14 2016
id: 17406 Rating: 5 Likes: 0 Date: March 21 2014
