id: 405
Title: Ellen Foster
Genre: Fiction
Author: Kaye Gibbons
Average Rating: 3.42
id: 405
Title: Ellen Foster
Genre: Fiction
Author: Kaye Gibbons
Average Rating: 3.42
id: 152
Title: And Then He Kissed Her
Genre: Romance
Author: Laura Lee Guhrke
***
id: 233
Title: Beauty's Release
Genre: Adult Fiction
Author: A.N. Roquelaure
***
id: 297
Title: Dirty Rich Obsession
Genre: Romance
Author: Lisa Renee Jones
***
id: 148
Title: Enchanted Inc.
Genre: Fantasy
Author: Shanna Swendson
***
id: 128
Title: Grundish and Askew
Genre: Fiction
Author: Lance Carbuncle
***
id: 31
Title: Megan Meade's Guide to the McGowan Boys
Genre: Young Adult
Author: Kate Brian
***
id: 252
Title: Pucked Off
Genre: Sports and Games
Author: Helena Hunting
***
id: 92
Title: Rock Crystal
Genre: Fiction
Author: Adalbert Stifter
***
id: 307
Title: Special A Vol. 1
Genre: Sequential Art
Author: Maki Minami
***
id: 300
Title: The Gray Wolf Throne
Genre: Fantasy
Author: Cinda Williams Chima
***
id: 33
Title: The Never List
Genre: Thriller
Author: Koethi Zan
***
id: 105
Title: The Polish Officer
Genre: Historical
Author: Alan Furst
***
id: 42
Title: Tigers and Devils
Genre: Romance
Author: Sean Kennedy
***
id: 260
Title: The Dry
Genre: Mystery
Author: Jane Harper
Reviews:
id: 691 Rating: 4 Likes: 0 Date: September 25 2019
id: 1424 Rating: 0 Likes: 0 Date: September 6 2017
id: 1896 Rating: 5 Likes: 0 Date: July 7 2018
id: 3139 Rating: 5 Likes: 0 Date: January 20 2015
id: 3367 Rating: 0 Likes: 0 Date: April 9 2014
id: 3705 Rating: 0 Likes: 0 Date: August 24 2018
id: 4488 Rating: 4 Likes: 11 Date: April 2 2017
id: 5500 Rating: 0 Likes: 0 Date: March 23 2019
id: 6249 Rating: 2 Likes: 4 Date: August 2 2015
id: 6435 Rating: 4 Likes: 0 Date: May 17 2016
id: 7541 Rating: 5 Likes: 4 Date: November 20 2017
id: 7583 Rating: 1 Likes: 0 Date: October 12 2017
id: 7882 Rating: 2 Likes: 1 Date: June 5 2018
id: 7914 Rating: 4 Likes: 0 Date: March 22 2016
id: 8970 Rating: 3 Likes: 0 Date: December 1 2017
id: 8991 Rating: 1 Likes: 0 Date: April 5 2018
id: 9233 Rating: 2 Likes: 0 Date: November 1 2018
id: 9366 Rating: 2 Likes: 0 Date: July 5 2010
id: 9535 Rating: 4 Likes: 0 Date: August 10 2019
id: 9770 Rating: 4 Likes: 0 Date: February 13 2014
id: 10148 Rating: 5 Likes: 2 Date: May 8 2018
id: 10555 Rating: 5 Likes: 0 Date: December 27 2013
id: 10711 Rating: 3 Likes: 12 Date: May 22 2018
id: 10774 Rating: 2 Likes: 50 Date: July 26 2014
id: 10781 Rating: 2 Likes: 18 Date: November 12 2016
id: 11077 Rating: 1 Likes: 90 Date: September 14 2019
id: 12171 Rating: 5 Likes: 1 Date: May 15 2019
id: 12348 Rating: 2 Likes: 0 Date: April 27 2018
id: 13595 Rating: 5 Likes: 0 Date: August 20 2015
id: 14466 Rating: 2 Likes: 0 Date: August 25 2010
id: 14597 Rating: 3 Likes: 0 Date: August 29 2018
id: 15113 Rating: 1 Likes: 0 Date: February 29 2017
id: 15182 Rating: 3 Likes: 0 Date: March 22 2018
id: 15585 Rating: 5 Likes: 0 Date: February 23 2018
id: 16008 Rating: 4 Likes: 1 Date: March 9 2008
id: 16427 Rating: 4 Likes: 0 Date: September 2 2019
id: 17247 Rating: 5 Likes: 0 Date: January 18 2014
id: 17394 Rating: 4 Likes: 0 Date: May 13 2019
id: 303
Title: The Good Luck Charm
Genre: Romance
Author: Helena Hunting
Reviews:
id: 99 Rating: 3 Likes: 8 Date: November 16 2018
id: 142 Rating: 4 Likes: 0 Date: January 20 2019
id: 949 Rating: 1 Likes: 1 Date: May 14 2017
id: 1209 Rating: 1 Likes: 0 Date: August 22 2013
id: 1350 Rating: 5 Likes: 2 Date: September 25 2018
id: 1595 Rating: 1 Likes: 0 Date: July 1 2013
id: 1747 Rating: 1 Likes: 0 Date: November 13 2018
id: 1846 Rating: 4 Likes: 0 Date: July 9 2016
id: 3401 Rating: 3 Likes: 0 Date: January 1 2016
id: 3889 Rating: 5 Likes: 0 Date: October 17 2017
id: 4887 Rating: 5 Likes: 3 Date: May 4 2018
id: 5127 Rating: 5 Likes: 0 Date: November 9 2010
id: 5574 Rating: 3 Likes: 0 Date: October 6 2014
id: 6137 Rating: 3 Likes: 0 Date: June 28 2017
id: 6480 Rating: 1 Likes: 1 Date: May 1 2011
id: 7559 Rating: 0 Likes: 7 Date: August 19 2017
id: 7913 Rating: 3 Likes: 0 Date: July 10 2019
id: 8048 Rating: 2 Likes: 0 Date: December 23 2018
id: 8160 Rating: 1 Likes: 0 Date: February 26 2017
id: 8310 Rating: 2 Likes: 0 Date: November 29 2019
id: 8626 Rating: 5 Likes: 0 Date: June 16 2014
id: 8683 Rating: 4 Likes: 0 Date: June 20 2013
id: 8858 Rating: 0 Likes: 0 Date: December 16 2015
id: 8862 Rating: 4 Likes: 0 Date: August 26 2018
id: 8903 Rating: 5 Likes: 0 Date: July 11 2018
id: 9182 Rating: 2 Likes: 0 Date: October 12 2018
id: 10427 Rating: 2 Likes: 0 Date: July 28 2018
id: 10432 Rating: 3 Likes: 0 Date: January 9 2018
id: 10490 Rating: 4 Likes: 0 Date: October 20 2017
id: 11047 Rating: 2 Likes: 24 Date: October 15 2010
id: 12102 Rating: 2 Likes: 3 Date: April 22 2018
id: 12147 Rating: 4 Likes: 2 Date: December 12 2019
id: 12633 Rating: 3 Likes: 0 Date: March 21 2016
id: 13302 Rating: 4 Likes: 0 Date: April 18 2015
id: 14111 Rating: 3 Likes: 1 Date: September 14 2016
id: 14698 Rating: 2 Likes: 0 Date: October 22 2019
id: 16634 Rating: 2 Likes: 0 Date: October 13 2018
id: 405
Title: Ellen Foster
Genre: Fiction
Author: Kaye Gibbons
Average Rating: 3.42
id: 31
Name: Athena Souri
Place of Birth: Switzerland
Member Since: December 24 2010
Favorite Genres: Romance
Favorite Authors: Carl Sagan, Colleen Clayton, Greer Noble
Number of Books in Read Shelf: 8
Number of Books in Want to Read Shelf: 15
Number of Books in Currently Reading Shelf: 6
Number of Likes: 2455
id: 392
Title: From the Mixed-Up Files of Mrs. Basil E. Frankweiler
Genre: Fiction
Author: E.L. Konigsburg
Reviews:
id: 356 Rating: 3 Likes: 0 Date: August 24 2018
id: 396 Rating: 2 Likes: 558 Date: January 16 2011
id: 677 Rating: 5 Likes: 3 Date: August 13 2018
id: 914 Rating: 5 Likes: 0 Date: June 3 2019
id: 1654 Rating: 0 Likes: 0 Date: February 6 2019
id: 1665 Rating: 5 Likes: 0 Date: November 21 2017
id: 1866 Rating: 0 Likes: 0 Date: December 27 2018
id: 2173 Rating: 2 Likes: 0 Date: February 17 2012
id: 2285 Rating: 5 Likes: 0 Date: March 28 2013
id: 2901 Rating: 5 Likes: 0 Date: July 20 2017
id: 4481 Rating: 5 Likes: 2 Date: May 21 2016
id: 5827 Rating: 4 Likes: 0 Date: November 25 2019
id: 5975 Rating: 1 Likes: 0 Date: March 28 2018
id: 6899 Rating: 5 Likes: 1 Date: February 27 2018
id: 8914 Rating: 1 Likes: 0 Date: July 12 2013
id: 9248 Rating: 5 Likes: 0 Date: October 4 2018
id: 9999 Rating: 5 Likes: 0 Date: March 18 2015
id: 10317 Rating: 4 Likes: 0 Date: April 18 2014
id: 10521 Rating: 4 Likes: 0 Date: September 13 2019
id: 10822 Rating: 5 Likes: 0 Date: May 11 2016
id: 11689 Rating: 5 Likes: 1 Date: January 27 2017
id: 12274 Rating: 5 Likes: 0 Date: August 25 2015
id: 12379 Rating: 5 Likes: 0 Date: June 23 2015
id: 12431 Rating: 0 Likes: 1 Date: July 25 2019
id: 12626 Rating: 3 Likes: 0 Date: September 18 2019
id: 13444 Rating: 0 Likes: 0 Date: June 26 2013
id: 13813 Rating: 3 Likes: 0 Date: May 27 2018
id: 14083 Rating: 3 Likes: 0 Date: October 26 2014
id: 14142 Rating: 4 Likes: 0 Date: December 27 2014
id: 14199 Rating: 3 Likes: 4 Date: October 12 2015
id: 14427 Rating: 1 Likes: 2 Date: June 15 2018
id: 16431 Rating: 5 Likes: 0 Date: October 28 2014
id: 16509 Rating: 5 Likes: 0 Date: March 17 2016
id: 16740 Rating: 3 Likes: 0 Date: April 26 2016
id: 16829 Rating: 0 Likes: 0 Date: October 15 2017
id: 17340 Rating: 3 Likes: 0 Date: November 13 2017
id: 405
Title: Ellen Foster
Genre: Fiction
Author: Kaye Gibbons
Average Rating: 3.42
0.005484
id: 211
Title: The Fall of Five
Genre: Young Adult
Author: Pittacus Lore
Reviews:
id: 76 Rating: 5 Likes: 0 Date: August 19 2016
id: 490 Rating: 4 Likes: 0 Date: January 26 2018
id: 1006 Rating: 1 Likes: 3 Date: January 25 2017
id: 1861 Rating: 4 Likes: 0 Date: February 9 2018
id: 2686 Rating: 0 Likes: 0 Date: September 11 2016
id: 2727 Rating: 5 Likes: 0 Date: November 26 2015
id: 3688 Rating: 2 Likes: 0 Date: September 9 2017
id: 3734 Rating: 1 Likes: 0 Date: April 15 2012
id: 4304 Rating: 3 Likes: 26 Date: September 21 2011
id: 4478 Rating: 4 Likes: 1 Date: March 27 2019
id: 4593 Rating: 5 Likes: 0 Date: January 16 2015
id: 4677 Rating: 4 Likes: 1 Date: September 1 2016
id: 4857 Rating: 5 Likes: 4 Date: September 19 2017
id: 5397 Rating: 5 Likes: 0 Date: October 10 2018
id: 6087 Rating: 1 Likes: 0 Date: June 9 2011
id: 6101 Rating: 4 Likes: 0 Date: March 9 2019
id: 7230 Rating: 1 Likes: 10 Date: December 29 2017
id: 7660 Rating: 5 Likes: 3 Date: April 24 2018
id: 8166 Rating: 5 Likes: 0 Date: January 6 2015
id: 8699 Rating: 1 Likes: 0 Date: July 25 2019
id: 9124 Rating: 0 Likes: 0 Date: February 9 2016
id: 9144 Rating: 3 Likes: 0 Date: December 15 2017
id: 9730 Rating: 1 Likes: 0 Date: June 9 2011
id: 9892 Rating: 2 Likes: 0 Date: May 27 2017
id: 10053 Rating: 5 Likes: 0 Date: October 12 2018
id: 10413 Rating: 5 Likes: 0 Date: December 14 2018
id: 10697 Rating: 0 Likes: 22 Date: April 26 2017
id: 10906 Rating: 0 Likes: 0 Date: October 8 2014
id: 10993 Rating: 1 Likes: 0 Date: October 20 2018
id: 11111 Rating: 2 Likes: 3 Date: February 28 2016
id: 11330 Rating: 0 Likes: 26 Date: September 29 2014
id: 11761 Rating: 5 Likes: 0 Date: April 24 2015
id: 11958 Rating: 3 Likes: 0 Date: October 23 2014
id: 12401 Rating: 1 Likes: 0 Date: August 13 2015
id: 12622 Rating: 0 Likes: 0 Date: November 12 2019
id: 13928 Rating: 2 Likes: 0 Date: November 29 2019
id: 14234 Rating: 2 Likes: 2 Date: March 15 2019
id: 14242 Rating: 1 Likes: 1 Date: April 4 2019
id: 14568 Rating: 0 Likes: 0 Date: February 27 2018
id: 16016 Rating: 3 Likes: 0 Date: December 20 2015
id: 16289 Rating: 4 Likes: 0 Date: August 14 2015
id: 16570 Rating: 4 Likes: 0 Date: October 13 2018
id: 16628 Rating: 1 Likes: 0 Date: January 10 2016
id: 16765 Rating: 4 Likes: 0 Date: October 27 2018
id: 1
Title: Forging Zero
Genre: Science Fiction
Author: Sara  King
Reviews:
id: 416 Rating: 2 Likes: 1 Date: April 4 2014
id: 708 Rating: 4 Likes: 0 Date: October 19 2010
id: 866 Rating: 0 Likes: 0 Date: July 5 2016
id: 889 Rating: 1 Likes: 0 Date: December 21 2017
id: 1572 Rating: 2 Likes: 0 Date: April 18 2015
id: 1766 Rating: 2 Likes: 0 Date: June 8 2013
id: 2152 Rating: 1 Likes: 3 Date: January 2 2019
id: 2948 Rating: 1 Likes: 0 Date: October 14 2017
id: 3017 Rating: 4 Likes: 0 Date: July 25 2018
id: 4267 Rating: 0 Likes: 1 Date: January 14 2015
id: 4640 Rating: 1 Likes: 0 Date: September 9 2016
id: 5212 Rating: 4 Likes: 0 Date: January 12 2010
id: 5554 Rating: 5 Likes: 0 Date: January 27 2015
id: 6186 Rating: 0 Likes: 0 Date: July 14 2018
id: 6356 Rating: 5 Likes: 3 Date: December 13 2015
id: 6574 Rating: 4 Likes: 9 Date: March 15 2018
id: 7151 Rating: 3 Likes: 5 Date: July 18 2014
id: 7884 Rating: 3 Likes: 0 Date: August 29 2013
id: 9223 Rating: 3 Likes: 0 Date: October 20 2011
id: 9810 Rating: 2 Likes: 0 Date: June 5 2016
id: 11056 Rating: 2 Likes: 0 Date: October 16 2012
id: 11581 Rating: 4 Likes: 4 Date: July 24 2015
id: 11997 Rating: 5 Likes: 3 Date: November 19 2015
id: 12488 Rating: 4 Likes: 0 Date: September 17 2019
id: 12559 Rating: 5 Likes: 0 Date: March 5 2010
id: 13030 Rating: 2 Likes: 2 Date: November 23 2017
id: 13083 Rating: 2 Likes: 0 Date: August 8 2019
id: 13266 Rating: 2 Likes: 0 Date: January 7 2015
id: 13897 Rating: 1 Likes: 0 Date: February 28 2014
id: 15083 Rating: 5 Likes: 0 Date: July 24 2018
id: 16304 Rating: 0 Likes: 0 Date: August 10 2018
0.007049
0.005955
id: 236
Title: Slow Burn
Genre: Romance
Author: Sam B. Morgan
Reviews:
id: 22 Rating: 0 Likes: 38 Date: February 27 2016
id: 709 Rating: 4 Likes: 2 Date: September 27 2013
id: 816 Rating: 2 Likes: 0 Date: November 29 2019
id: 1315 Rating: 5 Likes: 0 Date: October 16 2015
id: 1626 Rating: 2 Likes: 0 Date: March 28 2019
id: 1698 Rating: 3 Likes: 0 Date: July 2 2016
id: 2240 Rating: 2 Likes: 0 Date: March 4 2013
id: 2338 Rating: 3 Likes: 0 Date: March 29 2019
id: 2651 Rating: 2 Likes: 0 Date: November 25 2018
id: 2702 Rating: 5 Likes: 0 Date: October 5 2018
id: 2861 Rating: 3 Likes: 0 Date: April 11 2014
id: 4305 Rating: 5 Likes: 20 Date: May 8 2015
id: 4625 Rating: 0 Likes: 1 Date: March 8 2011
id: 5276 Rating: 5 Likes: 0 Date: September 4 2019
id: 6661 Rating: 4 Likes: 2 Date: January 11 2019
id: 6698 Rating: 3 Likes: 2 Date: December 29 2010
id: 6754 Rating: 5 Likes: 5 Date: July 23 2014
id: 7207 Rating: 4 Likes: 13 Date: June 27 2018
id: 7241 Rating: 3 Likes: 12 Date: October 20 2011
id: 7335 Rating: 1 Likes: 1 Date: April 15 2012
id: 7395 Rating: 2 Likes: 0 Date: September 9 2019
id: 7785 Rating: 2 Likes: 0 Date: January 27 2019
id: 7998 Rating: 4 Likes: 0 Date: March 19 2016
id: 8669 Rating: 3 Likes: 0 Date: May 2 2014
id: 9719 Rating: 0 Likes: 0 Date: November 24 2019
id: 9874 Rating: 2 Likes: 0 Date: August 25 2014
id: 10004 Rating: 4 Likes: 0 Date: March 25 2019
id: 10171 Rating: 4 Likes: 2 Date: February 14 2019
id: 10644 Rating: 2 Likes: 0 Date: June 25 2019
id: 10714 Rating: 4 Likes: 20 Date: June 6 2019
id: 10841 Rating: 3 Likes: 0 Date: April 27 2017
id: 10909 Rating: 5 Likes: 0 Date: April 9 2013
id: 11757 Rating: 0 Likes: 0 Date: March 27 2018
id: 12179 Rating: 5 Likes: 0 Date: September 5 2015
id: 13019 Rating: 5 Likes: 1 Date: May 21 2012
id: 13321 Rating: 4 Likes: 0 Date: May 18 2016
id: 14914 Rating: 1 Likes: 0 Date: November 17 2018
id: 16115 Rating: 5 Likes: 0 Date: April 7 2016
id: 236
Title: Slow Burn
Genre: Romance
Author: Sam B. Morgan
Reviews:
id: 22 Rating: 0 Likes: 38 Date: February 27 2016
id: 709 Rating: 4 Likes: 2 Date: September 27 2013
id: 816 Rating: 2 Likes: 0 Date: November 29 2019
id: 1315 Rating: 5 Likes: 0 Date: October 16 2015
id: 1626 Rating: 2 Likes: 0 Date: March 28 2019
id: 1698 Rating: 3 Likes: 0 Date: July 2 2016
id: 2240 Rating: 2 Likes: 0 Date: March 4 2013
id: 2338 Rating: 3 Likes: 0 Date: March 29 2019
id: 2651 Rating: 2 Likes: 0 Date: November 25 2018
id: 2702 Rating: 5 Likes: 0 Date: October 5 2018
id: 2861 Rating: 3 Likes: 0 Date: April 11 2014
id: 4305 Rating: 5 Likes: 20 Date: May 8 2015
id: 4625 Rating: 0 Likes: 1 Date: March 8 2011
id: 5276 Rating: 5 Likes: 0 Date: September 4 2019
id: 6661 Rating: 4 Likes: 2 Date: January 11 2019
id: 6698 Rating: 3 Likes: 2 Date: December 29 2010
id: 6754 Rating: 5 Likes: 5 Date: July 23 2014
id: 7207 Rating: 4 Likes: 13 Date: June 27 2018
id: 7241 Rating: 3 Likes: 12 Date: October 20 2011
id: 7335 Rating: 1 Likes: 1 Date: April 15 2012
id: 7395 Rating: 2 Likes: 0 Date: September 9 2019
id: 7785 Rating: 2 Likes: 0 Date: January 27 2019
id: 7998 Rating: 4 Likes: 0 Date: March 19 2016
id: 8669 Rating: 3 Likes: 0 Date: May 2 2014
id: 9719 Rating: 0 Likes: 0 Date: November 24 2019
id: 9874 Rating: 2 Likes: 0 Date: August 25 2014
id: 10004 Rating: 4 Likes: 0 Date: March 25 2019
id: 10171 Rating: 4 Likes: 2 Date: February 14 2019
id: 10644 Rating: 2 Likes: 0 Date: June 25 2019
id: 10714 Rating: 4 Likes: 20 Date: June 6 2019
id: 10841 Rating: 3 Likes: 0 Date: April 27 2017
id: 10909 Rating: 5 Likes: 0 Date: April 9 2013
id: 11757 Rating: 0 Likes: 0 Date: March 27 2018
id: 12179 Rating: 5 Likes: 0 Date: September 5 2015
id: 13019 Rating: 5 Likes: 1 Date: May 21 2012
id: 13321 Rating: 4 Likes: 0 Date: May 18 2016
id: 14914 Rating: 1 Likes: 0 Date: November 17 2018
id: 16115 Rating: 5 Likes: 0 Date: April 7 2016
id: 31
Name: Athena Souri
Place of Birth: Switzerland
Member Since: December 24 2010
Favorite Genres: Romance
Favorite Authors: Carl Sagan, Colleen Clayton, Greer Noble
Number of Books in Read Shelf: 8
Number of Books in Want to Read Shelf: 15
Number of Books in Currently Reading Shelf: 6
Number of Likes: 2455
id: 405
Title: Ellen Foster
Genre: Fiction
Author: Kaye Gibbons
Average Rating: 3.42
id: 392
Title: From the Mixed-Up Files of Mrs. Basil E. Frankweiler
Genre: Fiction
Author: E.L. Konigsburg
Reviews:
id: 356 Rating: 3 Likes: 0 Date: August 24 2018
id: 396 Rating: 2 Likes: 558 Date: January 16 2011
id: 677 Rating: 5 Likes: 3 Date: August 13 2018
id: 914 Rating: 5 Likes: 0 Date: June 3 2019
id: 1654 Rating: 0 Likes: 0 Date: February 6 2019
id: 1665 Rating: 5 Likes: 0 Date: November 21 2017
id: 1866 Rating: 0 Likes: 0 Date: December 27 2018
id: 2173 Rating: 2 Likes: 0 Date: February 17 2012
id: 2285 Rating: 5 Likes: 0 Date: March 28 2013
id: 2901 Rating: 5 Likes: 0 Date: July 20 2017
id: 4481 Rating: 5 Likes: 2 Date: May 21 2016
id: 5827 Rating: 4 Likes: 0 Date: November 25 2019
id: 5975 Rating: 1 Likes: 0 Date: March 28 2018
id: 6899 Rating: 5 Likes: 1 Date: February 27 2018
id: 8914 Rating: 1 Likes: 0 Date: July 12 2013
id: 9248 Rating: 5 Likes: 0 Date: October 4 2018
id: 9999 Rating: 5 Likes: 0 Date: March 18 2015
id: 10317 Rating: 4 Likes: 0 Date: April 18 2014
id: 10521 Rating: 4 Likes: 0 Date: September 13 2019
id: 10822 Rating: 5 Likes: 0 Date: May 11 2016
id: 11689 Rating: 5 Likes: 1 Date: January 27 2017
id: 12274 Rating: 5 Likes: 0 Date: August 25 2015
id: 12379 Rating: 5 Likes: 0 Date: June 23 2015
id: 12431 Rating: 0 Likes: 1 Date: July 25 2019
id: 12626 Rating: 3 Likes: 0 Date: September 18 2019
id: 13444 Rating: 0 Likes: 0 Date: June 26 2013
id: 13813 Rating: 3 Likes: 0 Date: May 27 2018
id: 14083 Rating: 3 Likes: 0 Date: October 26 2014
id: 14142 Rating: 4 Likes: 0 Date: December 27 2014
id: 14199 Rating: 3 Likes: 4 Date: October 12 2015
id: 14427 Rating: 1 Likes: 2 Date: June 15 2018
id: 16431 Rating: 5 Likes: 0 Date: October 28 2014
id: 16509 Rating: 5 Likes: 0 Date: March 17 2016
id: 16740 Rating: 3 Likes: 0 Date: April 26 2016
id: 16829 Rating: 0 Likes: 0 Date: October 15 2017
id: 17340 Rating: 3 Likes: 0 Date: November 13 2017
0.009400
id: 405
Title: Ellen Foster
Genre: Fiction
Author: Kaye Gibbons
Average Rating: 3.42
id: 211
Title: The Fall of Five
Genre: Young Adult
Author: Pittacus Lore
Reviews:
id: 76 Rating: 5 Likes: 0 Date: August 19 2016
id: 490 Rating: 4 Likes: 0 Date: January 26 2018
id: 1006 Rating: 1 Likes: 3 Date: January 25 2017
id: 1861 Rating: 4 Likes: 0 Date: February 9 2018
id: 2686 Rating: 0 Likes: 0 Date: September 11 2016
id: 2727 Rating: 5 Likes: 0 Date: November 26 2015
id: 3688 Rating: 2 Likes: 0 Date: September 9 2017
id: 3734 Rating: 1 Likes: 0 Date: April 15 2012
id: 4304 Rating: 3 Likes: 26 Date: September 21 2011
id: 4478 Rating: 4 Likes: 1 Date: March 27 2019
id: 4593 Rating: 5 Likes: 0 Date: January 16 2015
id: 4677 Rating: 4 Likes: 1 Date: September 1 2016
id: 4857 Rating: 5 Likes: 4 Date: September 19 2017
id: 5397 Rating: 5 Likes: 0 Date: October 10 2018
id: 6087 Rating: 1 Likes: 0 Date: June 9 2011
id: 6101 Rating: 4 Likes: 0 Date: March 9 2019
id: 7230 Rating: 1 Likes: 10 Date: December 29 2017
id: 7660 Rating: 5 Likes: 3 Date: April 24 2018
id: 8166 Rating: 5 Likes: 0 Date: January 6 2015
id: 8699 Rating: 1 Likes: 0 Date: July 25 2019
id: 9124 Rating: 0 Likes: 0 Date: February 9 2016
id: 9144 Rating: 3 Likes: 0 Date: December 15 2017
id: 9730 Rating: 1 Likes: 0 Date: June 9 2011
id: 9892 Rating: 2 Likes: 0 Date: May 27 2017
id: 10053 Rating: 5 Likes: 0 Date: October 12 2018
id: 10413 Rating: 5 Likes: 0 Date: December 14 2018
id: 10697 Rating: 0 Likes: 22 Date: April 26 2017
id: 10906 Rating: 0 Likes: 0 Date: October 8 2014
id: 10993 Rating: 1 Likes: 0 Date: October 20 2018
id: 11111 Rating: 2 Likes: 3 Date: February 28 2016
id: 11330 Rating: 0 Likes: 26 Date: September 29 2014
id: 11761 Rating: 5 Likes: 0 Date: April 24 2015
id: 11958 Rating: 3 Likes: 0 Date: October 23 2014
id: 12401 Rating: 1 Likes: 0 Date: August 13 2015
id: 12622 Rating: 0 Likes: 0 Date: November 12 2019
id: 13928 Rating: 2 Likes: 0 Date: November 29 2019
id: 14234 Rating: 2 Likes: 2 Date: March 15 2019
id: 14242 Rating: 1 Likes: 1 Date: April 4 2019
id: 14568 Rating: 0 Likes: 0 Date: February 27 2018
id: 16016 Rating: 3 Likes: 0 Date: December 20 2015
id: 16289 Rating: 4 Likes: 0 Date: August 14 2015
id: 16570 Rating: 4 Likes: 0 Date: October 13 2018
id: 16628 Rating: 1 Likes: 0 Date: January 10 2016
id: 16765 Rating: 4 Likes: 0 Date: October 27 2018
0.009104
0.003917
id: 405
Title: Ellen Foster
Genre: Fiction
Author: Kaye Gibbons
Average Rating: 3.42
id: 303
Title: The Good Luck Charm
Genre: Romance
Author: Helena Hunting
Reviews:
id: 99 Rating: 3 Likes: 8 Date: November 16 2018
id: 142 Rating: 4 Likes: 0 Date: January 20 2019
id: 949 Rating: 1 Likes: 1 Date: May 14 2017
id: 1209 Rating: 1 Likes: 0 Date: August 22 2013
id: 1350 Rating: 5 Likes: 2 Date: September 25 2018
id: 1595 Rating: 1 Likes: 0 Date: July 1 2013
id: 1747 Rating: 1 Likes: 0 Date: November 13 2018
id: 1846 Rating: 4 Likes: 0 Date: July 9 2016
id: 3401 Rating: 3 Likes: 0 Date: January 1 2016
id: 3889 Rating: 5 Likes: 0 Date: October 17 2017
id: 4887 Rating: 5 Likes: 3 Date: May 4 2018
id: 5127 Rating: 5 Likes: 0 Date: November 9 2010
id: 5574 Rating: 3 Likes: 0 Date: October 6 2014
id: 6137 Rating: 3 Likes: 0 Date: June 28 2017
id: 6480 Rating: 1 Likes: 1 Date: May 1 2011
id: 7559 Rating: 0 Likes: 7 Date: August 19 2017
id: 7913 Rating: 3 Likes: 0 Date: July 10 2019
id: 8048 Rating: 2 Likes: 0 Date: December 23 2018
id: 8160 Rating: 1 Likes: 0 Date: February 26 2017
id: 8310 Rating: 2 Likes: 0 Date: November 29 2019
id: 8626 Rating: 5 Likes: 0 Date: June 16 2014
id: 8683 Rating: 4 Likes: 0 Date: June 20 2013
id: 8858 Rating: 0 Likes: 0 Date: December 16 2015
id: 8862 Rating: 4 Likes: 0 Date: August 26 2018
id: 8903 Rating: 5 Likes: 0 Date: July 11 2018
id: 9182 Rating: 2 Likes: 0 Date: October 12 2018
id: 10427 Rating: 2 Likes: 0 Date: July 28 2018
id: 10432 Rating: 3 Likes: 0 Date: January 9 2018
id: 10490 Rating: 4 Likes: 0 Date: October 20 2017
id: 11047 Rating: 2 Likes: 24 Date: October 15 2010
id: 12102 Rating: 2 Likes: 3 Date: April 22 2018
id: 12147 Rating: 4 Likes: 2 Date: December 12 2019
id: 12633 Rating: 3 Likes: 0 Date: March 21 2016
id: 13302 Rating: 4 Likes: 0 Date: April 18 2015
id: 14111 Rating: 3 Likes: 1 Date: September 14 2016
id: 14698 Rating: 2 Likes: 0 Date: October 22 2019
id: 16634 Rating: 2 Likes: 0 Date: October 13 2018
id: 33
Title: The Never List
Genre: Thriller
Author: Koethi Zan
Reviews:
id: 113 Rating: 5 Likes: 491 Date: May 1 2018
id: 1282 Rating: 1 Likes: 0 Date: June 14 2016
id: 1364 Rating: 0 Likes: 5 Date: May 17 2015
id: 1415 Rating: 3 Likes: 0 Date: July 12 2015
id: 1468 Rating: 3 Likes: 0 Date: February 24 2016
id: 1817 Rating: 3 Likes: 0 Date: July 7 2013
id: 1851 Rating: 0 Likes: 0 Date: March 12 2019
id: 2002 Rating: 3 Likes: 0 Date: December 24 2012
id: 2247 Rating: 0 Likes: 1 Date: July 17 2013
id: 2305 Rating: 4 Likes: 0 Date: April 6 2019
id: 2612 Rating: 5 Likes: 0 Date: November 8 2019
id: 4176 Rating: 5 Likes: 1 Date: March 19 2017
id: 4191 Rating: 5 Likes: 13 Date: May 23 2014
id: 4265 Rating: 2 Likes: 1 Date: December 18 2019
id: 4935 Rating: 0 Likes: 7 Date: January 19 2015
id: 5140 Rating: 3 Likes: 0 Date: November 14 2018
id: 5894 Rating: 3 Likes: 0 Date: September 10 2019
id: 6652 Rating: 4 Likes: 0 Date: March 16 2019
id: 6688 Rating: 3 Likes: 0 Date: February 14 2019
id: 6736 Rating: 2 Likes: 5 Date: January 1 2019
id: 7052 Rating: 3 Likes: 5 Date: September 15 2012
id: 7347 Rating: 1 Likes: 10 Date: August 1 2017
id: 7724 Rating: 3 Likes: 0 Date: August 16 2015
id: 8358 Rating: 5 Likes: 1 Date: September 18 2017
id: 9871 Rating: 3 Likes: 0 Date: March 21 2018
id: 9884 Rating: 1 Likes: 3 Date: July 15 2013
id: 9889 Rating: 5 Likes: 0 Date: January 18 2014
id: 10064 Rating: 3 Likes: 0 Date: February 11 2018
id: 11120 Rating: 4 Likes: 3 Date: August 16 2019
id: 11123 Rating: 3 Likes: 0 Date: March 10 2018
id: 11203 Rating: 0 Likes: 24 Date: March 7 2019
id: 11472 Rating: 3 Likes: 9 Date: October 7 2019
id: 11742 Rating: 4 Likes: 0 Date: February 14 2014
id: 13915 Rating: 1 Likes: 0 Date: August 6 2018
id: 14528 Rating: 5 Likes: 0 Date: January 18 2016
id: 15051 Rating: 3 Likes: 0 Date: July 25 2013
id: 15137 Rating: 1 Likes: 0 Date: October 19 2014
id: 15519 Rating: 5 Likes: 0 Date: May 5 2016
id: 15697 Rating: 1 Likes: 5 Date: February 8 2016
id: 16549 Rating: 1 Likes: 0 Date: November 16 2010
id: 17275 Rating: 4 Likes: 0 Date: November 3 2019
id: 303
Title: The Good Luck Charm
Genre: Romance
Author: Helena Hunting
Reviews:
id: 99 Rating: 3 Likes: 8 Date: November 16 2018
id: 142 Rating: 4 Likes: 0 Date: January 20 2019
id: 949 Rating: 1 Likes: 1 Date: May 14 2017
id: 1209 Rating: 1 Likes: 0 Date: August 22 2013
id: 1350 Rating: 5 Likes: 2 Date: September 25 2018
id: 1595 Rating: 1 Likes: 0 Date: July 1 2013
id: 1747 Rating: 1 Likes: 0 Date: November 13 2018
id: 1846 Rating: 4 Likes: 0 Date: July 9 2016
id: 3401 Rating: 3 Likes: 0 Date: January 1 2016
id: 3889 Rating: 5 Likes: 0 Date: October 17 2017
id: 4887 Rating: 5 Likes: 3 Date: May 4 2018
id: 5127 Rating: 5 Likes: 0 Date: November 9 2010
id: 5574 Rating: 3 Likes: 0 Date: October 6 2014
id: 6137 Rating: 3 Likes: 0 Date: June 28 2017
id: 6480 Rating: 1 Likes: 1 Date: May 1 2011
id: 7559 Rating: 0 Likes: 7 Date: August 19 2017
id: 7913 Rating: 3 Likes: 0 Date: July 10 2019
id: 8048 Rating: 2 Likes: 0 Date: December 23 2018
id: 8160 Rating: 1 Likes: 0 Date: February 26 2017
id: 8310 Rating: 2 Likes: 0 Date: November 29 2019
id: 8626 Rating: 5 Likes: 0 Date: June 16 2014
id: 8683 Rating: 4 Likes: 0 Date: June 20 2013
id: 8858 Rating: 0 Likes: 0 Date: December 16 2015
id: 8862 Rating: 4 Likes: 0 Date: August 26 2018
id: 8903 Rating: 5 Likes: 0 Date: July 11 2018
id: 9182 Rating: 2 Likes: 0 Date: October 12 2018
id: 10427 Rating: 2 Likes: 0 Date: July 28 2018
id: 10432 Rating: 3 Likes: 0 Date: January 9 2018
id: 10490 Rating: 4 Likes: 0 Date: October 20 2017
id: 11047 Rating: 2 Likes: 24 Date: October 15 2010
id: 12102 Rating: 2 Likes: 3 Date: April 22 2018
id: 12147 Rating: 4 Likes: 2 Date: December 12 2019
id: 12633 Rating: 3 Likes: 0 Date: March 21 2016
id: 13302 Rating: 4 Likes: 0 Date: April 18 2015
id: 14111 Rating: 3 Likes: 1 Date: September 14 2016
id: 14698 Rating: 2 Likes: 0 Date: October 22 2019
id: 16634 Rating: 2 Likes: 0 Date: October 13 2018
id: 146
Title: Forever Fae
Genre: Fantasy
Author: L.P. Dover
***
id: 194
Title: Relics of Camelot
Genre: Fantasy
Author: L.H. Nicole
***
id: 119
Title: Digging Deep: Unearthing Your Creative Roots Through Gardening
Genre: Gardening
Author: Fran Sorin
***
id: 7
Title: Dracula
Genre: Classics
Author: Bram Stoker
***
id: 203
Title: Here be Dragons
Genre: Historical
Author: Sharon Kay Penman
***
id: 290
Title: Pleasures of a Notorious Gentleman
Genre: Romance
Author: Lorraine Heath
***
id: 221
Title: Prodigy
Genre: Young Adult
Author: Marie Lu
***
id: 319
Title: Smashed Squashed Splattered Chewed Chunked and Spewed
Genre: Fiction
Author: Lance Carbuncle
***
id: 217
Title: Space Viking
Genre: Science Fiction
Author: H. Beam Piper
***
id: 54
Title: The 19th Wife
Genre: Historical
Author: David Ebershoff
***
id: 172
Title: The Last Kingdom
Genre: Historical
Author: Bernard Cornwell
***
id: 317
Title: The Measure of a Lady
Genre: Christian Fiction
Author: Deeanne Gist
***
id: 315
Title: The Secret History
Genre: Fiction
Author: Donna Tartt
***
id: 405
Title: Ellen Foster
Genre: Fiction
Author: Kaye Gibbons
Average Rating: 3.42
id: 31
Name: Athena Souri
Place of Birth: Switzerland
Member Since: December 24 2010
Favorite Genres: Romance
Favorite Authors: Carl Sagan, Colleen Clayton, Greer Noble
Number of Books in Read Shelf: 8
Number of Books in Want to Read Shelf: 15
Number of Books in Currently Reading Shelf: 6
Number of Likes: 2455
id: 405
Title: Ellen Foster
Genre: Fiction
Author: Kaye Gibbons
Average Rating: 3.42
