id: 405
Title: Ellen Foster
Genre: Fiction
Author: Kaye Gibbons
Average Rating: 3.42
0.007195
id: 405
Title: Ellen Foster
Genre: Fiction
Author: Kaye Gibbons
Average Rating: 3.42
id: 303
Title: The Good Luck Charm
Genre: Romance
Author: Helena Hunting
Reviews:
id: 99 Rating: 3 Likes: 8 Date: November 16 2018
id: 142 Rating: 4 Likes: 0 Date: January 20 2019
id: 949 Rating: 1 Likes: 1 Date: May 14 2017
id: 1209 Rating: 1 Likes: 0 Date: August 22 2013
id: 1350 Rating: 5 Likes: 2 Date: September 25 2018
id: 1595 Rating: 1 Likes: 0 Date: July 1 2013
id: 1747 Rating: 1 Likes: 0 Date: November 13 2018
id: 1846 Rating: 4 Likes: 0 Date: July 9 2016
id: 3401 Rating: 3 Likes: 0 Date: January 1 2016
id: 3889 Rating: 5 Likes: 0 Date: October 17 2017
id: 4887 Rating: 5 Likes: 3 Date: May 4 2018
id: 5127 Rating: 5 Likes: 0 Date: November 9 2010
id: 5574 Rating: 3 Likes: 0 Date: October 6 2014
id: 6137 Rating: 3 Likes: 0 Date: June 28 2017
id: 6480 Rating: 1 Likes: 1 Date: May 1 2011
id: 7559 Rating: 0 Likes: 7 Date: August 19 2017
id: 7913 Rating: 3 Likes: 0 Date: July 10 2019
id: 8048 Rating: 2 Likes: 0 Date: December 23 2018
id: 8160 Rating: 1 Likes: 0 Date: February 26 2017
id: 8310 Rating: 2 Likes: 0 Date: November 29 2019
id: 8626 Rating: 5 Likes: 0 Date: June 16 2014
id: 8683 Rating: 4 Likes: 0 Date: June 20 2013
id: 8858 Rating: 0 Likes: 0 Date: December 16 2015
id: 8862 Rating: 4 Likes: 0 Date: August 26 2018
id: 8903 Rating: 5 Likes: 0 Date: July 11 2018
id: 9182 Rating: 2 Likes: 0 Date: October 12 2018
id: 10427 Rating: 2 Likes: 0 Date: July 28 2018
id: 10432 Rating: 3 Likes: 0 Date: January 9 2018
id: 10490 Rating: 4 Likes: 0 Date: October 20 2017
id: 11047 Rating: 2 Likes: 24 Date: October 15 2010
id: 12102 Rating: 2 Likes: 3 Date: April 22 2018
id: 12147 Rating: 4 Likes: 2 Date: December 12 2019
id: 12633 Rating: 3 Likes: 0 Date: March 21 2016
id: 13302 Rating: 4 Likes: 0 Date: April 18 2015
id: 14111 Rating: 3 Likes: 1 Date: September 14 2016
id: 14698 Rating: 2 Likes: 0 Date: October 22 2019
id: 16634 Rating: 2 Likes: 0 Date: October 13 2018
id: 303
Title: The Good Luck Charm
Genre: Romance
Author: Helena Hunting
Reviews:
id: 99 Rating: 3 Likes: 8 Date: November 16 2018
id: 142 Rating: 4 Likes: 0 Date: January 20 2019
id: 949 Rating: 1 Likes: 1 Date: May 14 2017
id: 1209 Rating: 1 Likes: 0 Date: August 22 2013
id: 1350 Rating: 5 Likes: 2 Date: September 25 2018
id: 1595 Rating: 1 Likes: 0 Date: July 1 2013
id: 1747 Rating: 1 Likes: 0 Date: November 13 2018
id: 1846 Rating: 4 Likes: 0 Date: July 9 2016
id: 3401 Rating: 3 Likes: 0 Date: January 1 2016
id: 3889 Rating: 5 Likes: 0 Date: October 17 2017
id: 4887 Rating: 5 Likes: 3 Date: May 4 2018
id: 5127 Rating: 5 Likes: 0 Date: November 9 2010
id: 5574 Rating: 3 Likes: 0 Date: October 6 2014
id: 6137 Rating: 3 Likes: 0 Date: June 28 2017
id: 6480 Rating: 1 Likes: 1 Date: May 1 2011
id: 7559 Rating: 0 Likes: 7 Date: August 19 2017
id: 7913 Rating: 3 Likes: 0 Date: July 10 2019
id: 8048 Rating: 2 Likes: 0 Date: December 23 2018
id: 8160 Rating: 1 Likes: 0 Date: February 26 2017
id: 8310 Rating: 2 Likes: 0 Date: November 29 2019
id: 8626 Rating: 5 Likes: 0 Date: June 16 2014
id: 8683 Rating: 4 Likes: 0 Date: June 20 2013
id: 8858 Rating: 0 Likes: 0 Date: December 16 2015
id: 8862 Rating: 4 Likes: 0 Date: August 26 2018
id: 8903 Rating: 5 Likes: 0 Date: July 11 2018
id: 9182 Rating: 2 Likes: 0 Date: October 12 2018
id: 10427 Rating: 2 Likes: 0 Date: July 28 2018
id: 10432 Rating: 3 Likes: 0 Date: January 9 2018
id: 10490 Rating: 4 Likes: 0 Date: October 20 2017
id: 11047 Rating: 2 Likes: 24 Date: October 15 2010
id: 12102 Rating: 2 Likes: 3 Date: April 22 2018
id: 12147 Rating: 4 Likes: 2 Date: December 12 2019
id: 12633 Rating: 3 Likes: 0 Date: March 21 2016
id: 13302 Rating: 4 Likes: 0 Date: April 18 2015
id: 14111 Rating: 3 Likes: 1 Date: September 14 2016
id: 14698 Rating: 2 Likes: 0 Date: October 22 2019
id: 16634 Rating: 2 Likes: 0 Date: October 13 2018
id: 405
Title: Ellen Foster
Genre: Fiction
Author: Kaye Gibbons
Average Rating: 3.42
id: 405
Title: Ellen Foster
Genre: Fiction
Author: Kaye Gibbons
Average Rating: 3.42
id: 405
Title: Ellen Foster
Genre: Fiction
Author: Kaye Gibbons
Average Rating: 3.42
id: 357
Title: Dragon Rider
Genre: Fantasy
Author: Cornelia Funke
Reviews:
id: 237 Rating: 1 Likes: 0 Date: March 19 2019
id: 807 Rating: 0 Likes: 0 Date: August 25 2016
id: 1205 Rating: 5 Likes: 0 Date: March 14 2018
id: 2621 Rating: 4 Likes: 0 Date: July 14 2017
id: 2748 Rating: 0 Likes: 0 Date: March 9 2016
id: 3126 Rating: 1 Likes: 0 Date: September 6 2017
id: 3394 Rating: 2 Likes: 0 Date: February 21 2016
id: 3594 Rating: 5 Likes: 0 Date: July 26 2018
id: 3689 Rating: 2 Likes: 0 Date: September 19 2016
id: 3908 Rating: 4 Likes: 0 Date: August 29 2019
id: 4156 Rating: 2 Likes: 10 Date: November 19 2017
id: 4336 Rating: 0 Likes: 52 Date: March 13 2019
id: 4661 Rating: 3 Likes: 0 Date: May 4 2015
id: 5057 Rating: 4 Likes: 0 Date: August 28 2019
id: 6502 Rating: 4 Likes: 5 Date: August 1 2016
id: 6702 Rating: 1 Likes: 0 Date: January 22 2017
id: 6756 Rating: 5 Likes: 6 Date: January 24 2018
id: 6811 Rating: 2 Likes: 0 Date: September 1 2019
id: 6824 Rating: 4 Likes: 10 Date: July 10 2016
id: 8132 Rating: 4 Likes: 0 Date: August 14 2015
id: 8520 Rating: 0 Likes: 0 Date: October 2 2017
id: 8965 Rating: 3 Likes: 0 Date: May 17 2018
id: 8986 Rating: 1 Likes: 0 Date: November 18 2016
id: 9012 Rating: 3 Likes: 0 Date: May 16 2019
id: 9278 Rating: 2 Likes: 146 Date: February 29 2013
id: 9309 Rating: 4 Likes: 0 Date: January 10 2017
id: 9758 Rating: 4 Likes: 0 Date: April 13 2018
id: 10411 Rating: 5 Likes: 0 Date: January 13 2019
id: 11475 Rating: 3 Likes: 0 Date: November 16 2019
id: 12798 Rating: 4 Likes: 0 Date: February 24 2019
id: 12866 Rating: 5 Likes: 0 Date: May 26 2014
id: 13003 Rating: 2 Likes: 0 Date: September 20 2015
id: 13316 Rating: 4 Likes: 0 Date: August 15 2016
id: 13330 Rating: 0 Likes: 1 Date: June 18 2015
id: 13589 Rating: 2 Likes: 0 Date: November 11 2015
id: 14238 Rating: 4 Likes: 4 Date: January 16 2012
id: 14588 Rating: 0 Likes: 0 Date: July 2 2016
id: 14619 Rating: 0 Likes: 0 Date: December 9 2019
id: 14678 Rating: 3 Likes: 1 Date: January 18 2019
id: 14985 Rating: 0 Likes: 0 Date: October 14 2019
id: 15249 Rating: 3 Likes: 0 Date: December 29 2019
id: 15753 Rating: 0 Likes: 1 Date: April 22 2018
id: 16044 Rating: 1 Likes: 1 Date: March 17 2017
id: 16148 Rating: 4 Likes: 0 Date: July 16 2019
id: 16478 Rating: 5 Likes: 0 Date: February 26 2014
id: 16649 Rating: 2 Likes: 0 Date: October 8 2016
id: 16992 Rating: 5 Likes: 0 Date: August 1 2016
id: 17039 Rating: 4 Likes: 0 Date: March 6 2019
id: 17101 Rating: 5 Likes: 0 Date: January 14 2016
id: 17406 Rating: 5 Likes: 0 Date: March 21 2014
id: 31
Name: Athena Souri
Place of Birth: Switzerland
Member Since: December 24 2010
Favorite Genres: Romance
Favorite Authors: Carl Sagan, Colleen Clayton, Greer Noble
Number of Books in Read Shelf: 8
Number of Books in Want to Read Shelf: 15
Number of Books in Currently Reading Shelf: 6
Number of Likes: 2455
id: 177
Name: Mayandree Michel
Year of Birth: 1970
Place of Birth: Iceland
Member Since: August 3 2015
Genres: Historical, Romance
Books:
id: 31
Name: Athena Souri
Place of Birth: Switzerland
Member Since: December 24 2010
Favorite Genres: Romance
Favorite Authors: Carl Sagan, Colleen Clayton, Greer Noble
Number of Books in Read Shelf: 8
Number of Books in Want to Read Shelf: 15
Number of Books in Currently Reading Shelf: 6
Number of Likes: 2455
id: 405
Title: Ellen Foster
Genre: Fiction
Author: Kaye Gibbons
Average Rating: 3.42
id: 334
Title: Honey Queen
Genre: Young Adult
Author: Christina Mercer
***
id: 4
Title: Night
Genre: Nonfiction
Author: Elie Wiesel
***
id: 300
Title: The Gray Wolf Throne
Genre: Fantasy
Author: Cinda Williams Chima
***
id: 138
Title: The Heart Is a Lonely Hunter
Genre: Fiction
Author: Carson McCullers
***
id: 205
Title: The Yacoubian Building
Genre: Fiction
Author: Alaa Al Aswany
***
id: 171
Title: Wicked: The Life and Times of the Wicked Witch of the West
Genre: Fantasy
Author: Gregory Maguire
***
id: 125
Title: Winterspell
Genre: Fantasy
Author: Claire Legrand
***
id: 36
Title: Working for the Devil
Genre: Fantasy
Author: Lilith Saintcrow
***
id: 680
Name: Katherine Arden
Year of Birth: 1981
Place of Birth: Antigua
Member Since: November 9 2010
Genres: Fantasy
Books:
id: 265
Title: Ghost Road Blues
Genre: Horror
Author: Jonathan Maberry
Reviews:
id: 83 Rating: 5 Likes: 0 Date: December 8 2012
id: 224 Rating: 0 Likes: 131 Date: May 15 2017
id: 494 Rating: 3 Likes: 0 Date: July 27 2018
id: 991 Rating: 4 Likes: 0 Date: December 7 2016
id: 1178 Rating: 3 Likes: 0 Date: November 19 2019
id: 1355 Rating: 4 Likes: 3 Date: December 24 2014
id: 2059 Rating: 3 Likes: 0 Date: July 13 2017
id: 2598 Rating: 2 Likes: 0 Date: March 10 2016
id: 2810 Rating: 4 Likes: 0 Date: August 15 2015
id: 3115 Rating: 2 Likes: 0 Date: October 4 2011
id: 3227 Rating: 4 Likes: 0 Date: June 17 2018
id: 4462 Rating: 0 Likes: 1 Date: December 12 2013
id: 4592 Rating: 5 Likes: 0 Date: May 9 2018
id: 5070 Rating: 2 Likes: 0 Date: November 26 2014
id: 5316 Rating: 5 Likes: 0 Date: December 4 2017
id: 5351 Rating: 2 Likes: 0 Date: January 20 2015
id: 5559 Rating: 4 Likes: 0 Date: February 8 2011
id: 5567 Rating: 4 Likes: 0 Date: December 16 2018
id: 5857 Rating: 5 Likes: 0 Date: September 23 2019
id: 5953 Rating: 5 Likes: 0 Date: May 19 2016
id: 6283 Rating: 2 Likes: 3 Date: January 8 2015
id: 6583 Rating: 2 Likes: 8 Date: November 26 2015
id: 6664 Rating: 4 Likes: 4 Date: October 22 2015
id: 7018 Rating: 4 Likes: 0 Date: March 7 2019
id: 7903 Rating: 5 Likes: 0 Date: July 11 2014
id: 8203 Rating: 2 Likes: 0 Date: June 17 2019
id: 8744 Rating: 5 Likes: 0 Date: May 19 2016
id: 8957 Rating: 0 Likes: 0 Date: May 21 2018
id: 9424 Rating: 4 Likes: 0 Date: May 21 2008
id: 9540 Rating: 2 Likes: 0 Date: October 16 2012
id: 9688 Rating: 1 Likes: 1 Date: December 23 2013
id: 9790 Rating: 5 Likes: 0 Date: April 6 2019
id: 11310 Rating: 5 Likes: 57 Date: September 27 2016
id: 12952 Rating: 1 Likes: 0 Date: March 16 2013
id: 14399 Rating: 2 Likes: 3 Date: August 6 2017
id: 15006 Rating: 3 Likes: 0 Date: January 15 2016
id: 15855 Rating: 0 Likes: 0 Date: November 15 2019
id: 15985 Rating: 3 Likes: 0 Date: May 4 2015
id: 16204 Rating: 1 Likes: 0 Date: February 26 2017
id: 16346 Rating: 2 Likes: 0 Date: September 25 2018
id: 16392 Rating: 5 Likes: 0 Date: September 29 2018
id: 16498 Rating: 5 Likes: 0 Date: November 29 2018
id: 74
Title: Fated
Genre: Romance
Author: S.H. Kolee
***
id: 48
Title: Italian Affair
Genre: Romance
Author: Annie Seaton
***
id: 196
Title: Above World
Genre: Fantasy
Author: Jenn Reese
***
id: 363
Title: All the Light We Cannot See
Genre: Historical
Author: Anthony Doerr
***
id: 326
Title: Beautiful Ruins
Genre: Fiction
Author: Jess Walter
***
id: 122
Title: Boy Toy
Genre: Young Adult
Author: Barry Lyga
***
id: 170
Title: Eat Pray Love
Genre: Nonfiction
Author: Elizabeth Gilbert
***
id: 25
Title: Falling Under
Genre: Young Adult
Author: Gwen Hayes
***
id: 59
Title: Impossible
Genre: Young Adult
Author: Nancy Werlin
***
id: 270
Title: Siddhartha
Genre: Classics
Author: Hermann Hesse
***
id: 77
Title: The Iron Wyrm Affair
Genre: Science Fiction
Author: Lilith Saintcrow
***
id: 158
Title: Vienna Waltz
Genre: Historical
Author: Tracy Grant
***
id: 377
Title: West of Eden
Genre: Science Fiction
Author: Harry Harrison
***
id: 303
Title: The Good Luck Charm
Genre: Romance
Author: Helena Hunting
Reviews:
id: 99 Rating: 3 Likes: 8 Date: November 16 2018
id: 142 Rating: 4 Likes: 0 Date: January 20 2019
id: 949 Rating: 1 Likes: 1 Date: May 14 2017
id: 1209 Rating: 1 Likes: 0 Date: August 22 2013
id: 1350 Rating: 5 Likes: 2 Date: September 25 2018
id: 1595 Rating: 1 Likes: 0 Date: July 1 2013
id: 1747 Rating: 1 Likes: 0 Date: November 13 2018
id: 1846 Rating: 4 Likes: 0 Date: July 9 2016
id: 3401 Rating: 3 Likes: 0 Date: January 1 2016
id: 3889 Rating: 5 Likes: 0 Date: October 17 2017
id: 4887 Rating: 5 Likes: 3 Date: May 4 2018
id: 5127 Rating: 5 Likes: 0 Date: November 9 2010
id: 5574 Rating: 3 Likes: 0 Date: October 6 2014
id: 6137 Rating: 3 Likes: 0 Date: June 28 2017
id: 6480 Rating: 1 Likes: 1 Date: May 1 2011
id: 7559 Rating: 0 Likes: 7 Date: August 19 2017
id: 7913 Rating: 3 Likes: 0 Date: July 10 2019
id: 8048 Rating: 2 Likes: 0 Date: December 23 2018
id: 8160 Rating: 1 Likes: 0 Date: February 26 2017
id: 8310 Rating: 2 Likes: 0 Date: November 29 2019
id: 8626 Rating: 5 Likes: 0 Date: June 16 2014
id: 8683 Rating: 4 Likes: 0 Date: June 20 2013
id: 8858 Rating: 0 Likes: 0 Date: December 16 2015
id: 8862 Rating: 4 Likes: 0 Date: August 26 2018
id: 8903 Rating: 5 Likes: 0 Date: July 11 2018
id: 9182 Rating: 2 Likes: 0 Date: October 12 2018
id: 10427 Rating: 2 Likes: 0 Date: July 28 2018
id: 10432 Rating: 3 Likes: 0 Date: January 9 2018
id: 10490 Rating: 4 Likes: 0 Date: October 20 2017
id: 11047 Rating: 2 Likes: 24 Date: October 15 2010
id: 12102 Rating: 2 Likes: 3 Date: April 22 2018
id: 12147 Rating: 4 Likes: 2 Date: December 12 2019
id: 12633 Rating: 3 Likes: 0 Date: March 21 2016
id: 13302 Rating: 4 Likes: 0 Date: April 18 2015
id: 14111 Rating: 3 Likes: 1 Date: September 14 2016
id: 14698 Rating: 2 Likes: 0 Date: October 22 2019
id: 16634 Rating: 2 Likes: 0 Date: October 13 2018
id: 165
Title: Shadow Scale
Genre: Fantasy
Author: Rachel Hartman
***
id: 137
Title: Touching Smoke
Genre: Fantasy
Author: Airicka Phoenix
***
id: 326
Title: Beautiful Ruins
Genre: Fiction
Author: Jess Walter
***
id: 101
Title: Dark Companion
Genre: Mystery
Author: Marta Acosta
***
id: 353
Title: Kare Kano: His and Her Circumstances Vol. 1
Genre: Sequential Art
Author: Masami Tsuda
***
id: 204
Title: Mockingjay
Genre: Young Adult
Author: Suzanne Collins
***
id: 214
Title: On the Beach
Genre: Fiction
Author: Nevil Shute
***
id: 274
Title: Otherwise Alone
Genre: Romance
Author: Shay Savage
***
id: 364
Title: With Malice Toward None: A Biography of Abraham Lincoln
Genre: Biography
Author: Stephen B. Oates
***
id: 126
Title: Diva
Genre: Historical
Author: Jillian Larkin
Reviews:
id: 139 Rating: 3 Likes: 0 Date: May 2 2019
id: 352 Rating: 5 Likes: 69 Date: January 19 2019
id: 735 Rating: 0 Likes: 0 Date: September 26 2014
id: 986 Rating: 2 Likes: 0 Date: February 2 2010
id: 1590 Rating: 4 Likes: 0 Date: June 16 2014
id: 1922 Rating: 1 Likes: 0 Date: March 14 2014
id: 2169 Rating: 5 Likes: 0 Date: February 13 2019
id: 2589 Rating: 3 Likes: 0 Date: January 24 2017
id: 4273 Rating: 4 Likes: 15 Date: August 7 2015
id: 7605 Rating: 2 Likes: 0 Date: June 29 2019
id: 7689 Rating: 0 Likes: 0 Date: July 3 2018
id: 8101 Rating: 2 Likes: 0 Date: September 18 2019
id: 8195 Rating: 1 Likes: 0 Date: August 11 2015
id: 8542 Rating: 4 Likes: 0 Date: April 21 2019
id: 8727 Rating: 5 Likes: 0 Date: April 4 2012
id: 9078 Rating: 1 Likes: 0 Date: September 10 2010
id: 9288 Rating: 2 Likes: 0 Date: May 26 2019
id: 10364 Rating: 4 Likes: 0 Date: January 27 2014
id: 10655 Rating: 1 Likes: 26 Date: February 3 2015
id: 10780 Rating: 5 Likes: 69 Date: March 25 2018
id: 10864 Rating: 2 Likes: 30 Date: June 19 2014
id: 11013 Rating: 3 Likes: 39 Date: August 21 2019
id: 11044 Rating: 4 Likes: 2 Date: May 17 2019
id: 11592 Rating: 5 Likes: 1 Date: December 17 2017
id: 11745 Rating: 3 Likes: 0 Date: March 14 2013
id: 11830 Rating: 1 Likes: 0 Date: May 3 2010
id: 11840 Rating: 5 Likes: 0 Date: April 27 2014
id: 12010 Rating: 0 Likes: 12 Date: March 16 2014
id: 12491 Rating: 3 Likes: 0 Date: May 3 2018
id: 14089 Rating: 5 Likes: 1 Date: July 4 2011
id: 14123 Rating: 3 Likes: 2 Date: November 8 2018
id: 14318 Rating: 3 Likes: 1 Date: April 12 2018
id: 14999 Rating: 0 Likes: 0 Date: April 8 2011
id: 15041 Rating: 1 Likes: 0 Date: August 9 2009
id: 15364 Rating: 5 Likes: 0 Date: December 29 2018
id: 15486 Rating: 2 Likes: 0 Date: July 17 2017
id: 15570 Rating: 4 Likes: 0 Date: June 22 2019
id: 15906 Rating: 0 Likes: 5 Date: October 7 2017
id: 16287 Rating: 5 Likes: 0 Date: December 17 2019
id: 16779 Rating: 5 Likes: 0 Date: May 7 2014
id: 16961 Rating: 0 Likes: 0 Date: October 21 2018
id: 17016 Rating: 5 Likes: 0 Date: July 25 2018
0.013648
id: 863
Name: Jerome K. Jerome
Year of Birth: 1976
Place of Birth: British
Member Since: December 26 2009
Genres: Humor
Books:
id: 31
Name: Athena Souri
Place of Birth: Switzerland
Member Since: December 24 2010
Favorite Genres: Romance
Favorite Authors: Carl Sagan, Colleen Clayton, Greer Noble
Number of Books in Read Shelf: 8
Number of Books in Want to Read Shelf: 15
Number of Books in Currently Reading Shelf: 6
Number of Likes: 2455
id: 31
Name: Athena Souri
Place of Birth: Switzerland
Member Since: December 24 2010
Favorite Genres: Romance
Favorite Authors: Carl Sagan, Colleen Clayton, Greer Noble
Number of Books in Read Shelf: 8
Number of Books in Want to Read Shelf: 15
Number of Books in Currently Reading Shelf: 6
Number of Likes: 2455
id: 1186
Name: Mary Ann Shaffer
Year of Birth: 1990
Place of Birth: St Lucia
Member Since: August 2 2010
Genres: Fiction
Books:
id: 405
Title: Ellen Foster
Genre: Fiction
Author: Kaye Gibbons
Average Rating: 3.42
0.004603
id: 31
Name: Athena Souri
Place of Birth: Switzerland
Member Since: December 24 2010
Favorite Genres: Romance
Favorite Authors: Carl Sagan, Colleen Clayton, Greer Noble
Number of Books in Read Shelf: 8
Number of Books in Want to Read Shelf: 15
Number of Books in Currently Reading Shelf: 6
Number of Likes: 2455
id: 303
Title: The Good Luck Charm
Genre: Romance
Author: Helena Hunting
Reviews:
id: 99 Rating: 3 Likes: 8 Date: November 16 2018
id: 142 Rating: 4 Likes: 0 Date: January 20 2019
id: 949 Rating: 1 Likes: 1 Date: May 14 2017
id: 1209 Rating: 1 Likes: 0 Date: August 22 2013
id: 1350 Rating: 5 Likes: 2 Date: September 25 2018
id: 1595 Rating: 1 Likes: 0 Date: July 1 2013
id: 1747 Rating: 1 Likes: 0 Date: November 13 2018
id: 1846 Rating: 4 Likes: 0 Date: July 9 2016
id: 3401 Rating: 3 Likes: 0 Date: January 1 2016
id: 3889 Rating: 5 Likes: 0 Date: October 17 2017
id: 4887 Rating: 5 Likes: 3 Date: May 4 2018
id: 5127 Rating: 5 Likes: 0 Date: November 9 2010
id: 5574 Rating: 3 Likes: 0 Date: October 6 2014
id: 6137 Rating: 3 Likes: 0 Date: June 28 2017
id: 6480 Rating: 1 Likes: 1 Date: May 1 2011
id: 7559 Rating: 0 Likes: 7 Date: August 19 2017
id: 7913 Rating: 3 Likes: 0 Date: July 10 2019
id: 8048 Rating: 2 Likes: 0 Date: December 23 2018
id: 8160 Rating: 1 Likes: 0 Date: February 26 2017
id: 8310 Rating: 2 Likes: 0 Date: November 29 2019
id: 8626 Rating: 5 Likes: 0 Date: June 16 2014
id: 8683 Rating: 4 Likes: 0 Date: June 20 2013
id: 8858 Rating: 0 Likes: 0 Date: December 16 2015
id: 8862 Rating: 4 Likes: 0 Date: August 26 2018
id: 8903 Rating: 5 Likes: 0 Date: July 11 2018
id: 9182 Rating: 2 Likes: 0 Date: October 12 2018
id: 10427 Rating: 2 Likes: 0 Date: July 28 2018
id: 10432 Rating: 3 Likes: 0 Date: January 9 2018
id: 10490 Rating: 4 Likes: 0 Date: October 20 2017
id: 11047 Rating: 2 Likes: 24 Date: October 15 2010
id: 12102 Rating: 2 Likes: 3 Date: April 22 2018
id: 12147 Rating: 4 Likes: 2 Date: December 12 2019
id: 12633 Rating: 3 Likes: 0 Date: March 21 2016
id: 13302 Rating: 4 Likes: 0 Date: April 18 2015
id: 14111 Rating: 3 Likes: 1 Date: September 14 2016
id: 14698 Rating: 2 Likes: 0 Date: October 22 2019
id: 16634 Rating: 2 Likes: 0 Date: October 13 2018
id: 392
Title: From the Mixed-Up Files of Mrs. Basil E. Frankweiler
Genre: Fiction
Author: E.L. Konigsburg
Reviews:
id: 356 Rating: 3 Likes: 0 Date: August 24 2018
id: 396 Rating: 2 Likes: 558 Date: January 16 2011
id: 677 Rating: 5 Likes: 3 Date: August 13 2018
id: 914 Rating: 5 Likes: 0 Date: June 3 2019
id: 1654 Rating: 0 Likes: 0 Date: February 6 2019
id: 1665 Rating: 5 Likes: 0 Date: November 21 2017
id: 1866 Rating: 0 Likes: 0 Date: December 27 2018
id: 2173 Rating: 2 Likes: 0 Date: February 17 2012
id: 2285 Rating: 5 Likes: 0 Date: March 28 2013
id: 2901 Rating: 5 Likes: 0 Date: July 20 2017
id: 4481 Rating: 5 Likes: 2 Date: May 21 2016
id: 5827 Rating: 4 Likes: 0 Date: November 25 2019
id: 5975 Rating: 1 Likes: 0 Date: March 28 2018
id: 6899 Rating: 5 Likes: 1 Date: February 27 2018
id: 8914 Rating: 1 Likes: 0 Date: July 12 2013
id: 9248 Rating: 5 Likes: 0 Date: October 4 2018
id: 9999 Rating: 5 Likes: 0 Date: March 18 2015
id: 10317 Rating: 4 Likes: 0 Date: April 18 2014
id: 10521 Rating: 4 Likes: 0 Date: September 13 2019
id: 10822 Rating: 5 Likes: 0 Date: May 11 2016
id: 11689 Rating: 5 Likes: 1 Date: January 27 2017
id: 12274 Rating: 5 Likes: 0 Date: August 25 2015
id: 12379 Rating: 5 Likes: 0 Date: June 23 2015
id: 12431 Rating: 0 Likes: 1 Date: July 25 2019
id: 12626 Rating: 3 Likes: 0 Date: September 18 2019
id: 13444 Rating: 0 Likes: 0 Date: June 26 2013
id: 13813 Rating: 3 Likes: 0 Date: May 27 2018
id: 14083 Rating: 3 Likes: 0 Date: October 26 2014
id: 14142 Rating: 4 Likes: 0 Date: December 27 2014
id: 14199 Rating: 3 Likes: 4 Date: October 12 2015
id: 14427 Rating: 1 Likes: 2 Date: June 15 2018
id: 16431 Rating: 5 Likes: 0 Date: October 28 2014
id: 16509 Rating: 5 Likes: 0 Date: March 17 2016
id: 16740 Rating: 3 Likes: 0 Date: April 26 2016
id: 16829 Rating: 0 Likes: 0 Date: October 15 2017
id: 17340 Rating: 3 Likes: 0 Date: November 13 2017
id: 1
Title: Forging Zero
Genre: Science Fiction
Author: Sara  King
Reviews:
id: 416 Rating: 2 Likes: 1 Date: April 4 2014
id: 708 Rating: 4 Likes: 0 Date: October 19 2010
id: 866 Rating: 0 Likes: 0 Date: July 5 2016
id: 889 Rating: 1 Likes: 0 Date: December 21 2017
id: 1572 Rating: 2 Likes: 0 Date: April 18 2015
id: 1766 Rating: 2 Likes: 0 Date: June 8 2013
id: 2152 Rating: 1 Likes: 3 Date: January 2 2019
id: 2948 Rating: 1 Likes: 0 Date: October 14 2017
id: 3017 Rating: 4 Likes: 0 Date: July 25 2018
id: 4267 Rating: 0 Likes: 1 Date: January 14 2015
id: 4640 Rating: 1 Likes: 0 Date: September 9 2016
id: 5212 Rating: 4 Likes: 0 Date: January 12 2010
id: 5554 Rating: 5 Likes: 0 Date: January 27 2015
id: 6186 Rating: 0 Likes: 0 Date: July 14 2018
id: 6356 Rating: 5 Likes: 3 Date: December 13 2015
id: 6574 Rating: 4 Likes: 9 Date: March 15 2018
id: 7151 Rating: 3 Likes: 5 Date: July 18 2014
id: 7884 Rating: 3 Likes: 0 Date: August 29 2013
id: 9223 Rating: 3 Likes: 0 Date: October 20 2011
id: 9810 Rating: 2 Likes: 0 Date: June 5 2016
id: 11056 Rating: 2 Likes: 0 Date: October 16 2012
id: 11581 Rating: 4 Likes: 4 Date: July 24 2015
id: 11997 Rating: 5 Likes: 3 Date: November 19 2015
id: 12488 Rating: 4 Likes: 0 Date: September 17 2019
id: 12559 Rating: 5 Likes: 0 Date: March 5 2010
id: 13030 Rating: 2 Likes: 2 Date: November 23 2017
id: 13083 Rating: 2 Likes: 0 Date: August 8 2019
id: 13266 Rating: 2 Likes: 0 Date: January 7 2015
id: 13897 Rating: 1 Likes: 0 Date: February 28 2014
id: 15083 Rating: 5 Likes: 0 Date: July 24 2018
id: 16304 Rating: 0 Likes: 0 Date: August 10 2018
id: 236
Title: Slow Burn
Genre: Romance
Author: Sam B. Morgan
Reviews:
id: 22 Rating: 0 Likes: 38 Date: February 27 2016
id: 709 Rating: 4 Likes: 2 Date: September 27 2013
id: 816 Rating: 2 Likes: 0 Date: November 29 2019
id: 1315 Rating: 5 Likes: 0 Date: October 16 2015
id: 1626 Rating: 2 Likes: 0 Date: March 28 2019
id: 1698 Rating: 3 Likes: 0 Date: July 2 2016
id: 2240 Rating: 2 Likes: 0 Date: March 4 2013
id: 2338 Rating: 3 Likes: 0 Date: March 29 2019
id: 2651 Rating: 2 Likes: 0 Date: November 25 2018
id: 2702 Rating: 5 Likes: 0 Date: October 5 2018
id: 2861 Rating: 3 Likes: 0 Date: April 11 2014
id: 4305 Rating: 5 Likes: 20 Date: May 8 2015
id: 4625 Rating: 0 Likes: 1 Date: March 8 2011
id: 5276 Rating: 5 Likes: 0 Date: September 4 2019
id: 6661 Rating: 4 Likes: 2 Date: January 11 2019
id: 6698 Rating: 3 Likes: 2 Date: December 29 2010
id: 6754 Rating: 5 Likes: 5 Date: July 23 2014
id: 7207 Rating: 4 Likes: 13 Date: June 27 2018
id: 7241 Rating: 3 Likes: 12 Date: October 20 2011
id: 7335 Rating: 1 Likes: 1 Date: April 15 2012
id: 7395 Rating: 2 Likes: 0 Date: September 9 2019
id: 7785 Rating: 2 Likes: 0 Date: January 27 2019
id: 7998 Rating: 4 Likes: 0 Date: March 19 2016
id: 8669 Rating: 3 Likes: 0 Date: May 2 2014
id: 9719 Rating: 0 Likes: 0 Date: November 24 2019
id: 9874 Rating: 2 Likes: 0 Date: August 25 2014
id: 10004 Rating: 4 Likes: 0 Date: March 25 2019
id: 10171 Rating: 4 Likes: 2 Date: February 14 2019
id: 10644 Rating: 2 Likes: 0 Date: June 25 2019
id: 10714 Rating: 4 Likes: 20 Date: June 6 2019
id: 10841 Rating: 3 Likes: 0 Date: April 27 2017
id: 10909 Rating: 5 Likes: 0 Date: April 9 2013
id: 11757 Rating: 0 Likes: 0 Date: March 27 2018
id: 12179 Rating: 5 Likes: 0 Date: September 5 2015
id: 13019 Rating: 5 Likes: 1 Date: May 21 2012
id: 13321 Rating: 4 Likes: 0 Date: May 18 2016
id: 14914 Rating: 1 Likes: 0 Date: November 17 2018
id: 16115 Rating: 5 Likes: 0 Date: April 7 2016
0.003896
id: 31
Name: Athena Souri
Place of Birth: Switzerland
Member Since: December 24 2010
Favorite Genres: Romance
Favorite Authors: Carl Sagan, Colleen Clayton, Greer Noble
Number of Books in Read Shelf: 8
Number of Books in Want to Read Shelf: 15
Number of Books in Currently Reading Shelf: 6
Number of Likes: 2455
id: 291
Title: Of Poseidon
Genre: Fantasy
Author: Anna Banks
***
id: 118
Title: The Complete Poems of Anna Akhmatova
Genre: Poetry
Author: Anna Akhmatova
***
id: 166
Title: You Can Heal Your Life
Genre: Self Help
Author: Louise L. Hay
***
id: 126
Title: Diva
Genre: Historical
Author: Jillian Larkin
Reviews:
id: 139 Rating: 3 Likes: 0 Date: May 2 2019
id: 352 Rating: 5 Likes: 69 Date: January 19 2019
id: 735 Rating: 0 Likes: 0 Date: September 26 2014
id: 986 Rating: 2 Likes: 0 Date: February 2 2010
id: 1590 Rating: 4 Likes: 0 Date: June 16 2014
id: 1922 Rating: 1 Likes: 0 Date: March 14 2014
id: 2169 Rating: 5 Likes: 0 Date: February 13 2019
id: 2589 Rating: 3 Likes: 0 Date: January 24 2017
id: 4273 Rating: 4 Likes: 15 Date: August 7 2015
id: 7605 Rating: 2 Likes: 0 Date: June 29 2019
id: 7689 Rating: 0 Likes: 0 Date: July 3 2018
id: 8101 Rating: 2 Likes: 0 Date: September 18 2019
id: 8195 Rating: 1 Likes: 0 Date: August 11 2015
id: 8542 Rating: 4 Likes: 0 Date: April 21 2019
id: 8727 Rating: 5 Likes: 0 Date: April 4 2012
id: 9078 Rating: 1 Likes: 0 Date: September 10 2010
id: 9288 Rating: 2 Likes: 0 Date: May 26 2019
id: 10364 Rating: 4 Likes: 0 Date: January 27 2014
id: 10655 Rating: 1 Likes: 26 Date: February 3 2015
id: 10780 Rating: 5 Likes: 69 Date: March 25 2018
id: 10864 Rating: 2 Likes: 30 Date: June 19 2014
id: 11013 Rating: 3 Likes: 39 Date: August 21 2019
id: 11044 Rating: 4 Likes: 2 Date: May 17 2019
id: 11592 Rating: 5 Likes: 1 Date: December 17 2017
id: 11745 Rating: 3 Likes: 0 Date: March 14 2013
id: 11830 Rating: 1 Likes: 0 Date: May 3 2010
id: 11840 Rating: 5 Likes: 0 Date: April 27 2014
id: 12010 Rating: 0 Likes: 12 Date: March 16 2014
id: 12491 Rating: 3 Likes: 0 Date: May 3 2018
id: 14089 Rating: 5 Likes: 1 Date: July 4 2011
id: 14123 Rating: 3 Likes: 2 Date: November 8 2018
id: 14318 Rating: 3 Likes: 1 Date: April 12 2018
id: 14999 Rating: 0 Likes: 0 Date: April 8 2011
id: 15041 Rating: 1 Likes: 0 Date: August 9 2009
id: 15364 Rating: 5 Likes: 0 Date: December 29 2018
id: 15486 Rating: 2 Likes: 0 Date: July 17 2017
id: 15570 Rating: 4 Likes: 0 Date: June 22 2019
id: 15906 Rating: 0 Likes: 5 Date: October 7 2017
id: 16287 Rating: 5 Likes: 0 Date: December 17 2019
id: 16779 Rating: 5 Likes: 0 Date: May 7 2014
id: 16961 Rating: 0 Likes: 0 Date: October 21 2018
id: 17016 Rating: 5 Likes: 0 Date: July 25 2018
